dbus-daemon[23384]: [session uid=1000 pid=23384 pidfd=5] Activating service name='org.freedesktop.portal.Desktop' requested by ':1.3' (uid=1000 pid=23444 comm="python3 <PRIVATE_RUN>/home/.l")
dbus-daemon[23384]: [session uid=1000 pid=23384 pidfd=5] Activating service name='org.freedesktop.impl.portal.PermissionStore' requested by ':1.4' (uid=1000 pid=23455 comm="/usr/libexec/xdg-desktop-portal")
dbus-daemon[23384]: [session uid=1000 pid=23384 pidfd=5] Successfully activated service 'org.freedesktop.impl.portal.PermissionStore'
dbus-daemon[23384]: [session uid=1000 pid=23384 pidfd=5] Activating service name='org.freedesktop.portal.Documents' requested by ':1.4' (uid=1000 pid=23455 comm="/usr/libexec/xdg-desktop-portal")
dbus-daemon[23384]: [session uid=1000 pid=23384 pidfd=5] Successfully activated service 'org.freedesktop.portal.Documents'
dbus-daemon[23384]: [session uid=1000 pid=23384 pidfd=5] Activating service name='org.freedesktop.impl.portal.desktop.gtk' requested by ':1.4' (uid=1000 pid=23455 comm="/usr/libexec/xdg-desktop-portal")
dbus-daemon[23384]: [session uid=1000 pid=23384 pidfd=5] Successfully activated service 'org.freedesktop.impl.portal.desktop.gtk'

(/usr/libexec/xdg-desktop-portal:23455): xdg-desktop-portal-WARNING **: 20:58:28.094: Failed to load RealtimeKit property: GDBus.Error:org.freedesktop.DBus.Error.ServiceUnknown: The name org.freedesktop.RealtimeKit1 was not provided by any .service files

(/usr/libexec/xdg-desktop-portal:23455): xdg-desktop-portal-WARNING **: 20:58:28.094: Failed to load RealtimeKit property: GDBus.Error:org.freedesktop.DBus.Error.ServiceUnknown: The name org.freedesktop.RealtimeKit1 was not provided by any .service files

(/usr/libexec/xdg-desktop-portal:23455): xdg-desktop-portal-WARNING **: 20:58:28.095: Failed to load RealtimeKit property: GDBus.Error:org.freedesktop.DBus.Error.ServiceUnknown: The name org.freedesktop.RealtimeKit1 was not provided by any .service files

(/usr/libexec/xdg-desktop-portal:23455): xdg-desktop-portal-WARNING **: 20:58:28.100: Failed to connect to PipeWire: Couldn't connect to PipeWire
dbus-daemon[23384]: [session uid=1000 pid=23384 pidfd=5] Activating service name='org.freedesktop.impl.portal.desktop.wlr' requested by ':1.4' (uid=1000 pid=23455 comm="/usr/libexec/xdg-desktop-portal")
2026/09/07 20:58:28 [ERROR] - pipewire: couldn't connect to context
2026/09/07 20:58:28 [ERROR] - xdpw: failed to initialize screencast
'impl->enter_count > 0' failed at ../spa/plugins/support/loop.c:619 loop_leave()
dbus-daemon[23384]: [session uid=1000 pid=23384 pidfd=5] Activated service 'org.freedesktop.impl.portal.desktop.wlr' failed: Process org.freedesktop.impl.portal.desktop.wlr exited with status 1

(/usr/libexec/xdg-desktop-portal:23455): xdg-desktop-portal-WARNING **: 20:58:28.106: Failed to create screenshot proxy: Error calling StartServiceByName for org.freedesktop.impl.portal.desktop.wlr: Process org.freedesktop.impl.portal.desktop.wlr exited with status 1
dbus-daemon[23384]: [session uid=1000 pid=23384 pidfd=5] Activating service name='org.freedesktop.impl.portal.desktop.wlr' requested by ':1.4' (uid=1000 pid=23455 comm="/usr/libexec/xdg-desktop-portal")
2026/09/07 20:58:28 [ERROR] - pipewire: couldn't connect to context
2026/09/07 20:58:28 [ERROR] - xdpw: failed to initialize screencast
'impl->enter_count > 0' failed at ../spa/plugins/support/loop.c:619 loop_leave()
dbus-daemon[23384]: [session uid=1000 pid=23384 pidfd=5] Activated service 'org.freedesktop.impl.portal.desktop.wlr' failed: Process org.freedesktop.impl.portal.desktop.wlr exited with status 1

(/usr/libexec/xdg-desktop-portal:23455): xdg-desktop-portal-WARNING **: 20:58:28.115: Failed to create screen cast proxy: Error calling StartServiceByName for org.freedesktop.impl.portal.desktop.wlr: Process org.freedesktop.impl.portal.desktop.wlr exited with status 1
dbus-daemon[23384]: [session uid=1000 pid=23384 pidfd=5] Successfully activated service 'org.freedesktop.portal.Desktop'
Gdk-Message: 20:58:37.972: Error reading events from display: Broken pipe
<PRIVATE_RUN>-guarded-20260907
