00:00:00.000 [INFO] [sway/main.c:308] swayfx version 0.6 (based on sway version 1.12.0)
00:00:00.000 [INFO] [sway/main.c:309] wlroots version 0.20.2
00:00:00.000 [INFO] [sway/main.c:310] scenefx version 0.5.0
00:00:00.003 [INFO] [sway/main.c:78] Linux oldbook 6.18.49-0-lts #1-Alpine SMP PREEMPT_DYNAMIC 2026-09-07 07:20:48 x86_64 Linux
00:00:00.003 [INFO] [sway/main.c:94] Contents of /etc/os-release:
00:00:00.003 [INFO] [sway/main.c:78] NAME="Alpine Linux"
00:00:00.003 [INFO] [sway/main.c:78] ID=alpine
00:00:00.003 [INFO] [sway/main.c:78] VERSION_ID=3.25.0_alpha20260805
00:00:00.003 [INFO] [sway/main.c:78] PRETTY_NAME="Alpine Linux edge"
00:00:00.003 [INFO] [sway/main.c:78] HOME_URL="https://alpinelinux.org/"
00:00:00.003 [INFO] [sway/main.c:78] BUG_REPORT_URL="https://gitlab.alpinelinux.org/alpine/aports/-/issues"
00:00:00.004 [INFO] [sway/main.c:66] LD_LIBRARY_PATH=
00:00:00.004 [INFO] [sway/main.c:66] LD_PRELOAD=
00:00:00.004 [INFO] [sway/main.c:66] PATH=/usr/local/sbin:/usr/local/bin:/usr/sbin:/usr/bin:/sbin:/bin
00:00:00.004 [INFO] [sway/main.c:66] SWAYSOCK=
00:00:00.004 [INFO] [sway/main.c:339] Starting swayfx version 0.6 (based on sway version 1.12.0
00:00:00.004 [INFO] [wlr] [backend/backend.c:342] Loading user-specified backends due to WLR_BACKENDS: headless
00:00:00.004 [INFO] [wlr] [backend/headless/backend.c:60] Creating headless backend
00:00:00.008 [INFO] [wlr] [render/egl.c:205] Supported EGL client extensions: EGL_EXT_client_extensions EGL_EXT_device_base EGL_EXT_device_enumeration EGL_EXT_device_query EGL_EXT_platform_base EGL_KHR_client_get_all_proc_addresses EGL_KHR_debug EGL_EXT_platform_device EGL_EXT_explicit_device EGL_EXT_platform_wayland EGL_KHR_platform_wayland EGL_EXT_platform_x11 EGL_KHR_platform_x11 EGL_EXT_platform_xcb EGL_MESA_platform_gbm EGL_KHR_platform_gbm EGL_MESA_platform_surfaceless
ac_compute_device_uuid's output is based on invalid pci bus info.
00:00:00.120 [INFO] [wlr] [render/egl.c:369] Using EGL 1.5
00:00:00.121 [INFO] [wlr] [render/egl.c:370] Supported EGL display extensions: EGL_ANDROID_blob_cache EGL_EXT_config_select_group EGL_EXT_create_context_robustness EGL_EXT_image_dma_buf_import EGL_EXT_image_dma_buf_import_modifiers EGL_EXT_query_reset_notification_strategy EGL_EXT_surface_compression EGL_KHR_cl_event2 EGL_KHR_config_attribs EGL_KHR_context_flush_control EGL_KHR_create_context EGL_KHR_create_context_no_error EGL_KHR_fence_sync EGL_KHR_get_all_proc_addresses EGL_KHR_gl_colorspace EGL_KHR_gl_renderbuffer_image EGL_KHR_gl_texture_2D_image EGL_KHR_gl_texture_3D_image EGL_KHR_gl_texture_cubemap_image EGL_KHR_image_base EGL_KHR_no_config_context EGL_KHR_reusable_sync EGL_KHR_surfaceless_context EGL_EXT_pixel_format_float EGL_KHR_wait_sync EGL_MESA_configless_context EGL_MESA_gl_interop EGL_MESA_image_dma_buf_export EGL_MESA_query_driver EGL_MESA_x11_native_visual_id 
00:00:00.121 [INFO] [wlr] [render/egl.c:372] Supported EGL device extensions: EGL_EXT_device_drm EGL_EXT_device_drm_render_node EGL_EXT_device_query_name EGL_EXT_device_persistent_id
00:00:00.121 [INFO] [wlr] [render/egl.c:374] EGL vendor: Mesa Project
00:00:00.121 [INFO] [wlr] [render/egl.c:376] EGL driver name: radeonsi
00:00:00.133 [INFO] [wlr] [render/fx_renderer/fx_renderer.c:473] Creating scenefx FX renderer
00:00:00.133 [INFO] [wlr] [render/fx_renderer/fx_renderer.c:474] Using OpenGL ES 3.2 Mesa 26.1.6
00:00:00.133 [INFO] [wlr] [render/fx_renderer/fx_renderer.c:475] GL vendor: AMD
00:00:00.133 [INFO] [wlr] [render/fx_renderer/fx_renderer.c:476] GL renderer:  (radeonsi, verde, ACO, DRM 2.51, 6.18.49-0-lts)
00:00:00.133 [INFO] [wlr] [render/fx_renderer/fx_renderer.c:477] Supported FX extensions: GL_EXT_blend_minmax GL_EXT_multi_draw_arrays GL_EXT_texture_filter_anisotropic GL_EXT_texture_compression_s3tc GL_EXT_texture_compression_dxt1 GL_EXT_texture_compression_rgtc GL_EXT_texture_format_BGRA8888 GL_OES_compressed_ETC1_RGB8_texture GL_OES_depth24 GL_OES_element_index_uint GL_OES_fbo_render_mipmap GL_OES_mapbuffer GL_OES_rgb8_rgba8 GL_OES_standard_derivatives GL_OES_stencil8 GL_OES_texture_3D GL_OES_texture_float GL_OES_texture_float_linear GL_OES_texture_half_float GL_OES_texture_half_float_linear GL_OES_texture_npot GL_OES_vertex_half_float GL_EXT_draw_instanced GL_EXT_texture_sRGB_decode GL_OES_EGL_image GL_OES_depth_texture GL_OES_packed_depth_stencil GL_EXT_texture_type_2_10_10_10_REV GL_NV_conditional_render GL_OES_get_program_binary GL_APPLE_texture_max_level GL_EXT_discard_framebuffer GL_EXT_read_format_bgra GL_EXT_texture_storage GL_NV_pack_subimage GL_NV_texture_barrier GL_EXT_frag_depth GL_NV_fbo_color_attachments GL_OES_EGL_image_external GL_OES_EGL_sync GL_OES_vertex_array_object GL_OES_viewport_array GL_ANGLE_pack_reverse_row_order GL_ANGLE_texture_compression_dxt3 GL_ANGLE_texture_compression_dxt5 GL_EXT_occlusion_query_boolean GL_EXT_robustness GL_EXT_sRGB GL_EXT_texture_rg GL_EXT_unpack_subimage GL_NV_draw_buffers GL_NV_read_buffer GL_NV_read_depth GL_NV_read_depth_stencil GL_NV_read_stencil GL_APPLE_sync GL_EXT_draw_buffers GL_EXT_instanced_arrays GL_EXT_map_buffer_range GL_EXT_shadow_samplers GL_KHR_debug GL_KHR_robustness GL_KHR_texture_compression_astc_ldr GL_NV_generate_mipmap_sRGB GL_NV_pixel_buffer_object GL_OES_depth_texture_cube_map GL_OES_required_internalformat GL_OES_surfaceless_context GL_EXT_color_buffer_float GL_EXT_debug_label GL_EXT_sRGB_write_control GL_EXT_separate_shader_objects GL_EXT_shader_group_vote GL_EXT_shader_implicit_conversions GL_EXT_shader_integer_mix GL_EXT_tessellation_point_size GL_EXT_tessellation_shader GL_ANDROID_extension_pack_es31a GL_EXT_base_instance GL_EXT_compressed_ETC1_RGB8_sub_texture GL_EXT_copy_image GL_EXT_draw_buffers_indexed GL_EXT_draw_elements_base_vertex GL_EXT_gpu_shader5 GL_EXT_multi_draw_indirect GL_EXT_polygon_offset_clamp GL_EXT_primitive_bounding_box GL_EXT_render_snorm GL_EXT_shader_io_blocks GL_EXT_texture_border_clamp GL_EXT_texture_buffer GL_EXT_texture_cube_map_array GL_EXT_texture_norm16 GL_EXT_texture_view GL_KHR_blend_equation_advanced GL_KHR_context_flush_control GL_KHR_robust_buffer_access_behavior GL_NV_image_formats GL_NV_shader_noperspective_interpolation GL_OES_copy_image GL_OES_draw_buffers_indexed GL_OES_draw_elements_base_vertex GL_OES_gpu_shader5 GL_OES_primitive_bounding_box GL_OES_sample_shading GL_OES_sample_variables GL_OES_shader_io_blocks GL_OES_shader_multisample_interpolation GL_OES_tessellation_point_size GL_OES_tessellation_shader GL_OES_texture_border_clamp GL_OES_texture_buffer GL_OES_texture_cube_map_array GL_OES_texture_stencil8 GL_OES_texture_storage_multisample_2d_array GL_OES_texture_view GL_EXT_blend_func_extended GL_EXT_buffer_storage GL_EXT_float_blend GL_EXT_geometry_point_size GL_EXT_geometry_shader GL_EXT_shader_samples_identical GL_EXT_texture_sRGB_R8 GL_KHR_no_error GL_KHR_texture_compression_astc_sliced_3d GL_OES_EGL_image_external_essl3 GL_OES_geometry_point_size GL_OES_geometry_shader GL_OES_shader_image_atomic GL_EXT_clear_texture GL_EXT_clip_cull_distance GL_EXT_conservative_depth GL_EXT_disjoint_timer_query GL_EXT_texture_compression_s3tc_srgb GL_EXT_window_rectangles GL_MESA_shader_integer_functions GL_EXT_clip_control GL_EXT_color_buffer_half_float GL_EXT_memory_object GL_EXT_memory_object_fd GL_EXT_texture_compression_bptc GL_EXT_texture_mirror_clamp_to_edge GL_KHR_parallel_shader_compile GL_NV_alpha_to_coverage_dither_control GL_EXT_EGL_image_storage GL_EXT_texture_shadow_lod GL_INTEL_blackhole_render GL_MESA_framebuffer_flip_y GL_NV_compute_shader_derivatives GL_EXT_demote_to_helper_invocation GL_EXT_depth_clamp GL_EXT_texture_query_lod GL_KHR_shader_subgroup GL_MESA_sampler_objects GL_EXT_EGL_image_storage_compression GL_EXT_texture_storage_compression GL_MESA_bgra GL_MESA_texture_const_bandwidth GL_EXT_shader_clock 
00:00:00.765 [INFO] [wlr] [render/fx_renderer/fx_renderer.c:585] FX RENDERER: Shaders Initialized Successfully
00:00:00.802 [INFO] [sway/server.c:500] VR will not be available
00:00:00.802 [INFO] [wlr] [backend/headless/backend.c:60] Creating headless backend
00:00:00.825 [INFO] [sway/config.c:459] Loading config from /tmp/decoration-fps-optimized-profile-20260907/120hz/sway.conf
00:00:00.825 [INFO] [sway/commands.c:406] Config command: xwayland disable
00:00:00.825 [INFO] [sway/commands.c:429] After replacement: xwayland disable
00:00:00.825 [INFO] [sway/commands.c:406] Config command: output HEADLESS-1 mode 1280x720@120Hz
00:00:00.825 [INFO] [sway/commands.c:429] After replacement: output HEADLESS-1 mode 1280x720@120Hz
00:00:00.825 [INFO] [sway/commands.c:406] Config command: output * bg #13091f solid_color
00:00:00.825 [INFO] [sway/commands.c:429] After replacement: output * bg #13091f solid_color
00:00:00.826 [INFO] [sway/commands.c:406] Config command: seat seat0 fallback true
00:00:00.826 [INFO] [sway/commands.c:429] After replacement: seat seat0 fallback true
00:00:00.826 [INFO] [sway/commands.c:406] Config command: focus_follows_mouse no
00:00:00.826 [INFO] [sway/commands.c:429] After replacement: focus_follows_mouse no
00:00:00.826 [INFO] [sway/commands.c:406] Config command: floating_modifier Mod4
00:00:00.826 [INFO] [sway/commands.c:429] After replacement: floating_modifier Mod4
00:00:00.826 [INFO] [sway/commands.c:406] Config command: default_border pixel 0
00:00:00.826 [INFO] [sway/commands.c:429] After replacement: default_border pixel 0
00:00:00.826 [INFO] [sway/commands.c:406] Config command: default_floating_border pixel 0
00:00:00.826 [INFO] [sway/commands.c:429] After replacement: default_floating_border pixel 0
00:00:00.826 [INFO] [sway/commands.c:406] Config command: for_window [app_id="framerate-float"] floating enable, resize set 440 250, move absolute position 240 170
00:00:00.826 [INFO] [sway/commands.c:429] After replacement: for_window [app_id="framerate-float"] floating enable, resize set 440 250, move absolute position 240 170
00:00:02.267 [INFO] [sway/realtime.c:35] Failed to set scheduling priority to 1
00:00:02.267 [INFO] [sway/server.c:791] Starting backend on wayland display 'wayland-1'
00:00:02.267 [INFO] [wlr] [backend/headless/backend.c:17] Starting headless backend
00:00:02.268 [INFO] [wlr] [backend/headless/backend.c:17] Starting headless backend
00:00:02.313 [INFO] [sway/server.c:803] Running compositor on wayland display 'wayland-1'
2026-09-07 19:04:45 - [main.c:332] Found config * for output HEADLESS-1 ((null))
warn: wayland.c:1888: compositor does not implement the xdg-toplevel-icon protocol
00:00:02.476 [INFO] [sway/commands.c:286] Handling command 'floating enable'
00:00:02.476 [INFO] [sway/commands.c:286] Handling command 'resize set 440 250'
00:00:02.477 [INFO] [sway/commands.c:286] Handling command 'move absolute position 240 170'
/tmp/decoration-fps-optimized-profile-20260907/source/alpine/desktop/.local/bin/oldbook-decoration:566: PyGIDeprecationWarning: GLib.unix_signal_add is deprecated; use GLibUnix.signal_add instead
  GLib.unix_signal_add(GLib.PRIORITY_DEFAULT, signal.SIGTERM, quit_daemon)
/tmp/decoration-fps-optimized-profile-20260907/source/alpine/desktop/.local/bin/oldbook-decoration:567: PyGIDeprecationWarning: GLib.unix_signal_add is deprecated; use GLibUnix.signal_add instead
  GLib.unix_signal_add(GLib.PRIORITY_DEFAULT, signal.SIGINT, quit_daemon)
/tmp/decoration-fps-optimized-profile-20260907/source/alpine/desktop/.local/bin/oldbook-decoration:532: DeprecationWarning: Gdk.Screen.get_monitor_plug_name is deprecated
  monitors = {Gdk.Screen.get_default().get_monitor_plug_name(i): display.get_monitor(i)
/tmp/decoration-fps-optimized-profile-20260907/source/alpine/desktop/.local/bin/oldbook-decoration:100: DeprecationWarning: Gtk.Window.set_opacity is deprecated
  self.window.set_opacity(self.alpha)
/tmp/decoration-fps-optimized-profile-20260907/source/alpine/desktop/.local/bin/oldbook-decoration:432: PyGIDeprecationWarning: Gio.DesktopAppInfo is deprecated; use GioUnix.DesktopAppInfo instead
  info = Gio.DesktopAppInfo.new(app if app.endswith('.desktop') else app + '.desktop') if app else None
00:00:11.376 [INFO] [sway/ipc-server.c:570] IPC Client 41 disconnected
00:00:11.376 [INFO] [sway/ipc-server.c:570] IPC Client 43 disconnected
00:00:11.699 [INFO] [sway/ipc-server.c:570] IPC Client 30 disconnected
00:00:11.700 [INFO] [sway/main.c:401] Shutting down sway
warn: input.c:2580: compositor sent pointer_leave event without a pointer_enter event: surface=0x7f8b435a1c00
warn: wayland.c:1784: disconnected from Wayland
 err: wayland.c:2477: failed to roundtrip Wayland display: Broken pipe
 err: wayland.c:2477: failed to roundtrip Wayland display: Broken pipe
 err: wayland.c:2477: failed to roundtrip Wayland display: Broken pipe
warn: terminal.c:2034: slave exited with signal 1 (Hangup)
 err: wayland.c:2442: failed to flush wayland socket: Broken pipe
