[2026-09-07 21:00:35.786] [info] Using configuration file /home/jack/.config/waybar/config.jsonc
[2026-09-07 21:00:35.790] [info] Discovered appearance 'dark'
[2026-09-07 21:00:35.844] [info] Using CSS file /home/jack/.config/waybar/style.css
Full
[2026-09-07 21:00:36.177] [info] Bar configured (width: 1432, height: 32) for output: eDP-1
Full
Full
Full
Full
Discharging
Discharging
Full
Full
Full
Full
Full
Full
Full
Full
Full
Full
Full
Full
Full
Discharging
Discharging
Discharging
Full
Full
Discharging
Discharging
Full
Full
Full
Full
Full
Full
Full
Full
Full
Discharging
Full
Full
Discharging
Full
Full
Full
Full
Discharging
Discharging
Full
Discharging
Discharging
Full
Full
Full
Full
Full
Full
Full
Full
Full
Full
Discharging
Discharging
Full
Discharging
Full
Full
Full
Full
Full
Full
Full
Full
Full
Full
Full
Full
Full
Full
Full
Full
Full
Full
Full
Full
Full
Full
Full
Full
Full
Full
Full
Full
Full
Full
Full
Full
Full
Full
Full
Full
Full
Full
Full
Full
Full
Full
Full
Full
Full
Full
Full
Full
Full
Full
Full
Full
Full
Full
Full
Full
Full
Full
Full
Full
Full
Full
Full
Full
Full
Full
Full
Full
Full
Full
Full
Full
Full
Full
Full
Full
Full
Full
Full
Full
Full
Full
Full
Full
Full
Full
Full
Full
Full
Full
Full
Full
Full
Full
Full
Full
Full
Full
Full
Full
Full
Full
Full
Full
Full
Full
Full
Full
Full
Full
Full
Full
Full
Full
Full
Full
Full
Full
Full
Full
Full
Full
Full
Full
Full
Full
Full
Full
Full
Full
Full
Full
Full
Full
Full
Full
Full
Full
Full
Full
Full
Full
Full
Full
Full
Full
Full
Full
Full
Discharging
Full
Full
Discharging
Full
Full
Full
Full
Full
Full
Full
Full
Full
Full
Full
Full
Full
Full
Full
Full
Full
Full
Full
Full
Full
Full
Full
Full
Full
Discharging
Discharging
Full
Full
Full
Full
Full
Discharging
Discharging
Discharging
Discharging
Full
Full
Full
Full
Full
Full
Full
Full
Full
Full
Full
Full
Full
Full
Discharging
Discharging
Full
Full
Full
Full
Full
Full
Discharging
Full
Full
Full
Full
Discharging
Discharging
Full
Full
Discharging
Discharging
Discharging
Full
Full
Discharging
Full
Full
Full
Full
Full
Full
Full
Full
Full
Full
Full
[2026-09-07 21:44:29.976] [info] Bar configured (width: 1444, height: 32) for output: eDP-1
[2026-09-07 21:44:31.433] [info] Bar configured (width: 1432, height: 32) for output: eDP-1
oldbook-theme: Interrupted deployment: run deploy-home --target /home/jack --rollback /home/jack/.local/state/oldbook/backups/scripture-hourly-20260908T035751Z
oldbook-theme: Interrupted deployment: run deploy-home --target /home/jack --rollback /home/jack/.local/state/oldbook/backups/scripture-hourly-20260908T035751Z
Full
Full
Full
Full
Full
Full
Full
Full
Full
Full
Full
Full
Full
Full
Full
Full
Full
Full
Full
Full
Full
Full
Full
Full
Full
Full
Full
Full
Full
Full
Full
Full
Full
Full
Full
Full
Full
Full
Full
Full
Full
Full
Full
Full
Full
Full
Full
Full
Full
Full
Full
Full
Full
Full
Discharging
Full
Full
Full
Full
Full
Full
Full
Full
Full
[2026-09-07 21:56:27.764] [warning] Requested height: 32 is less than the minimum height: 35 required by the modules
[2026-09-07 21:56:27.765] [info] Bar configured (width: 1432, height: 35) for output: eDP-1
Full
[2026-09-07 21:56:47.011] [info] Bar configured (width: 1464, height: 35) for output: eDP-1
[2026-09-07 21:56:51.680] [info] Bar configured (width: 1432, height: 35) for output: eDP-1
