dbus-daemon[11330]: [session uid=1000 pid=11330 pidfd=5] Activating service name='org.mpris.MediaPlayer2.playerctld' requested by ':1.0' (uid=1000 pid=11393 comm="playerctld daemon")
dbus-daemon[11330]: [session uid=1000 pid=11330 pidfd=5] Successfully activated service 'org.mpris.MediaPlayer2.playerctld'

(playerctld:11399): playerctl-WARNING **: 20:50:48.872: could not get properties for active player: GDBus.Error:org.freedesktop.DBus.Error.InvalidArgs: No such interface “org.mpris.MediaPlayer2.TrackList”

(playerctld:11399): playerctl-WARNING **: 20:50:48.872: could not get properties for active player: GDBus.Error:org.freedesktop.DBus.Error.InvalidArgs: No such interface “org.mpris.MediaPlayer2.Playlists”

(playerctld:11399): playerctl-WARNING **: 20:50:49.821: could not get properties for active player: GDBus.Error:org.freedesktop.DBus.Error.InvalidArgs: No such interface “org.mpris.MediaPlayer2.TrackList”

(playerctld:11399): playerctl-WARNING **: 20:50:49.822: could not get properties for active player: GDBus.Error:org.freedesktop.DBus.Error.InvalidArgs: No such interface “org.mpris.MediaPlayer2.Playlists”
dbus-daemon[11330]: [session uid=1000 pid=11330 pidfd=5] Activating service name='org.freedesktop.portal.Desktop' requested by ':1.3' (uid=1000 pid=11423 comm="/usr/bin/python3 /home/jack/.files/alpine/tests/ve")
dbus-daemon[11330]: [session uid=1000 pid=11330 pidfd=5] Activating service name='org.freedesktop.impl.portal.PermissionStore' requested by ':1.4' (uid=1000 pid=11451 comm="/usr/libexec/xdg-desktop-portal")
dbus-daemon[11330]: [session uid=1000 pid=11330 pidfd=5] Successfully activated service 'org.freedesktop.impl.portal.PermissionStore'
dbus-daemon[11330]: [session uid=1000 pid=11330 pidfd=5] Activating service name='org.freedesktop.portal.Documents' requested by ':1.4' (uid=1000 pid=11451 comm="/usr/libexec/xdg-desktop-portal")
dbus-daemon[11330]: [session uid=1000 pid=11330 pidfd=5] Successfully activated service 'org.freedesktop.portal.Documents'
dbus-daemon[11330]: [session uid=1000 pid=11330 pidfd=5] Activating service name='org.freedesktop.impl.portal.desktop.gtk' requested by ':1.4' (uid=1000 pid=11451 comm="/usr/libexec/xdg-desktop-portal")
dbus-daemon[11330]: [session uid=1000 pid=11330 pidfd=5] Activating service name='org.a11y.Bus' requested by ':1.8' (uid=1000 pid=11475 comm="/usr/libexec/xdg-desktop-portal-gtk")
dbus-daemon[11330]: [session uid=1000 pid=11330 pidfd=5] Successfully activated service 'org.a11y.Bus'
dbus-daemon[11503]: Activating service name='org.a11y.atspi.Registry' requested by ':1.0' (uid=1000 pid=11475 comm="/usr/libexec/xdg-desktop-portal-gtk")
dbus-daemon[11330]: [session uid=1000 pid=11330 pidfd=5] Successfully activated service 'org.freedesktop.impl.portal.desktop.gtk'
dbus-daemon[11503]: Successfully activated service 'org.a11y.atspi.Registry'
SpiRegistry daemon is running with well-known name - org.a11y.atspi.Registry

(/usr/libexec/xdg-desktop-portal:11451): xdg-desktop-portal-WARNING **: 20:50:51.014: Failed to load RealtimeKit property: GDBus.Error:org.freedesktop.DBus.Error.ServiceUnknown: The name org.freedesktop.RealtimeKit1 was not provided by any .service files

(/usr/libexec/xdg-desktop-portal:11451): xdg-desktop-portal-WARNING **: 20:50:51.016: Failed to load RealtimeKit property: GDBus.Error:org.freedesktop.DBus.Error.ServiceUnknown: The name org.freedesktop.RealtimeKit1 was not provided by any .service files

(/usr/libexec/xdg-desktop-portal:11451): xdg-desktop-portal-WARNING **: 20:50:51.017: Failed to load RealtimeKit property: GDBus.Error:org.freedesktop.DBus.Error.ServiceUnknown: The name org.freedesktop.RealtimeKit1 was not provided by any .service files
dbus-daemon[11330]: [session uid=1000 pid=11330 pidfd=5] Activating service name='org.freedesktop.impl.portal.desktop.wlr' requested by ':1.4' (uid=1000 pid=11451 comm="/usr/libexec/xdg-desktop-portal")
dbus-daemon[11330]: [session uid=1000 pid=11330 pidfd=5] Successfully activated service 'org.freedesktop.impl.portal.desktop.wlr'
dbus-daemon[11330]: [session uid=1000 pid=11330 pidfd=5] Successfully activated service 'org.freedesktop.portal.Desktop'

(playerctld:11399): playerctl-WARNING **: 20:51:03.635: could not update player position for player 'org.mpris.MediaPlayer2.MoonbaseOne': GDBus.Error:org.freedesktop.DBus.Error.NoReply: Message recipient disconnected from message bus without replying
/home/jack/.files/alpine/verification/waybar-reactivity/media
could not acquire bus name: unknown connection error
