2026-09-07 20:34:48 - [main.c:328] Could not find config for output HEADLESS-1 ((null))
Xwayland glamor: GBM Wayland interfaces not available
Failed to initialize glamor, falling back to sw
The XKEYBOARD keymap compiler (xkbcomp) reports:
> Warning:          Multiple symbols for level 1/group 1 on key <FK23>
>                   Using F23, ignoring XF86TouchpadOff
> Warning:          Symbol map for key <FK23> redefined
>                   Using last definition for conflicting fields
> Warning:          Symbol map for key <FK24> redefined
>                   Using last definition for conflicting fields
> Warning:          Could not resolve keysym XF86ElectronicPrivacyScreenOn
> Warning:          Could not resolve keysym XF86ElectronicPrivacyScreenOff
> Warning:          Could not resolve keysym XF86ActionOnSelection
> Warning:          Could not resolve keysym XF86ContextualInsert
> Warning:          Could not resolve keysym XF86ContextualQuery
Errors from xkbcomp are not fatal to the X server
warn: wayland.c:1888: compositor does not implement the xdg-toplevel-icon protocol
The XKEYBOARD keymap compiler (xkbcomp) reports:
> Warning:          Multiple symbols for level 1/group 1 on key <FK23>
>                   Using F23, ignoring XF86TouchpadOff
> Warning:          Symbol map for key <FK23> redefined
>                   Using last definition for conflicting fields
> Warning:          Symbol map for key <FK24> redefined
>                   Using last definition for conflicting fields
> Warning:          Could not resolve keysym XF86ElectronicPrivacyScreenOn
> Warning:          Could not resolve keysym XF86ElectronicPrivacyScreenOff
> Warning:          Could not resolve keysym XF86ActionOnSelection
> Warning:          Could not resolve keysym XF86ContextualInsert
> Warning:          Could not resolve keysym XF86ContextualQuery
Errors from xkbcomp are not fatal to the X server
The XKEYBOARD keymap compiler (xkbcomp) reports:
> Warning:          Multiple symbols for level 1/group 1 on key <FK23>
>                   Using F23, ignoring XF86TouchpadOff
> Warning:          Symbol map for key <FK23> redefined
>                   Using last definition for conflicting fields
> Warning:          Symbol map for key <FK24> redefined
>                   Using last definition for conflicting fields
> Warning:          Could not resolve keysym XF86ElectronicPrivacyScreenOn
> Warning:          Could not resolve keysym XF86ElectronicPrivacyScreenOff
> Warning:          Could not resolve keysym XF86ActionOnSelection
> Warning:          Could not resolve keysym XF86ContextualInsert
> Warning:          Could not resolve keysym XF86ContextualQuery
Errors from xkbcomp are not fatal to the X server
The XKEYBOARD keymap compiler (xkbcomp) reports:
> Warning:          Multiple symbols for level 1/group 1 on key <FK23>
>                   Using F23, ignoring XF86TouchpadOff
> Warning:          Symbol map for key <FK23> redefined
>                   Using last definition for conflicting fields
> Warning:          Symbol map for key <FK24> redefined
>                   Using last definition for conflicting fields
> Warning:          Could not resolve keysym XF86ElectronicPrivacyScreenOn
> Warning:          Could not resolve keysym XF86ElectronicPrivacyScreenOff
> Warning:          Could not resolve keysym XF86ActionOnSelection
> Warning:          Could not resolve keysym XF86ContextualInsert
> Warning:          Could not resolve keysym XF86ContextualQuery
Errors from xkbcomp are not fatal to the X server
00:00:16.809 [ERROR] [wlr] [xwayland/xwm.c:1457] Failed to get window property
00:00:16.816 [ERROR] [wlr] [xwayland/xwm.c:1457] Failed to get window property
00:00:16.820 [ERROR] [wlr] [xwayland/xwm.c:1457] Failed to get window property
00:00:16.943 [ERROR] [wlr] [xwayland/xwm.c:1992] xcb error: op 12:0, code 3, sequence 245, value 4194306
00:00:16.945 [ERROR] [wlr] [xwayland/xwm.c:1992] xcb error: op 18:0, code 3, sequence 248, value 4194306
00:00:16.945 [ERROR] [wlr] [xwayland/xwm.c:1992] xcb error: op 19:0, code 3, sequence 249, value 4194306
00:00:16.946 [ERROR] [wlr] [xwayland/xwm.c:1992] xcb error: op 19:0, code 3, sequence 252, value 4194306
The XKEYBOARD keymap compiler (xkbcomp) reports:
> Warning:          Multiple symbols for level 1/group 1 on key <FK23>
>                   Using F23, ignoring XF86TouchpadOff
> Warning:          Symbol map for key <FK23> redefined
>                   Using last definition for conflicting fields
> Warning:          Symbol map for key <FK24> redefined
>                   Using last definition for conflicting fields
> Warning:          Could not resolve keysym XF86ElectronicPrivacyScreenOn
> Warning:          Could not resolve keysym XF86ElectronicPrivacyScreenOff
> Warning:          Could not resolve keysym XF86ActionOnSelection
> Warning:          Could not resolve keysym XF86ContextualInsert
> Warning:          Could not resolve keysym XF86ContextualQuery
Errors from xkbcomp are not fatal to the X server
00:00:19.772 [ERROR] [wlr] [xwayland/xwm.c:1992] xcb error: op 12:0, code 3, sequence 333, value 4194306
00:00:19.772 [ERROR] [wlr] [xwayland/xwm.c:1992] xcb error: op 18:0, code 3, sequence 336, value 4194306
00:00:19.772 [ERROR] [wlr] [xwayland/xwm.c:1992] xcb error: op 19:0, code 3, sequence 337, value 4194306
00:00:19.772 [ERROR] [wlr] [xwayland/xwm.c:1992] xcb error: op 19:0, code 3, sequence 340, value 4194306
warn: wayland.c:1888: compositor does not implement the xdg-toplevel-icon protocol
warn: terminal.c:2034: slave exited with signal 1 (Hangup)
The XKEYBOARD keymap compiler (xkbcomp) reports:
> Warning:          Multiple symbols for level 1/group 1 on key <FK23>
>                   Using F23, ignoring XF86TouchpadOff
> Warning:          Symbol map for key <FK23> redefined
>                   Using last definition for conflicting fields
> Warning:          Symbol map for key <FK24> redefined
>                   Using last definition for conflicting fields
> Warning:          Could not resolve keysym XF86ElectronicPrivacyScreenOn
> Warning:          Could not resolve keysym XF86ElectronicPrivacyScreenOff
> Warning:          Could not resolve keysym XF86ActionOnSelection
> Warning:          Could not resolve keysym XF86ContextualInsert
> Warning:          Could not resolve keysym XF86ContextualQuery
Errors from xkbcomp are not fatal to the X server
(EE) failed to read Wayland events: Broken pipe
wl_display_dispatch: Broken pipe
2026-09-07T20:35:13.087 ERROR main > Wayland IO error: server disconnected
wl_display_dispatch: Broken pipe
