UPDATE docs/superpowers/decisions/2026-09-07-theme-review.md
RENAME alpine/assets/gallery/2026-09-07-american-gothic-951027632d3c.json -> alpine/archive/assets/gallery/2026-09-07-american-gothic-951027632d3c.json
RENAME alpine/assets/gallery/2026-09-07-american-gothic-951027632d3c.png -> alpine/archive/assets/gallery/2026-09-07-american-gothic-951027632d3c.png
RENAME alpine/assets/gallery/2026-09-07-declaration-48dba0ab88bd.json -> alpine/archive/assets/gallery/2026-09-07-declaration-48dba0ab88bd.json
RENAME alpine/assets/gallery/2026-09-07-declaration-48dba0ab88bd.png -> alpine/archive/assets/gallery/2026-09-07-declaration-48dba0ab88bd.png
RENAME alpine/assets/gallery/2026-09-07-delaware-39d8f2dbc6b9.json -> alpine/archive/assets/gallery/2026-09-07-delaware-39d8f2dbc6b9.json
RENAME alpine/assets/gallery/2026-09-07-delaware-39d8f2dbc6b9.png -> alpine/archive/assets/gallery/2026-09-07-delaware-39d8f2dbc6b9.png
RENAME alpine/assets/gallery/2026-09-07-nighthawks-6393b7c9060c.json -> alpine/archive/assets/gallery/2026-09-07-nighthawks-6393b7c9060c.json
RENAME alpine/assets/gallery/2026-09-07-nighthawks-6393b7c9060c.png -> alpine/archive/assets/gallery/2026-09-07-nighthawks-6393b7c9060c.png
RENAME alpine/assets/gallery/delaware.json -> alpine/archive/assets/gallery/delaware.json
RENAME alpine/assets/gallery/delaware.png -> alpine/archive/assets/gallery/delaware.png
RENAME alpine/assets/gallery/general/README.md -> alpine/archive/assets/gallery/general/README.md
RENAME alpine/assets/gallery/nighthawks.json -> alpine/archive/assets/gallery/nighthawks.json
RENAME alpine/assets/gallery/nighthawks.png -> alpine/archive/assets/gallery/nighthawks.png
RENAME alpine/assets/gallery/themes/comet-at-the-caravanserai-4989aec33526/2026-09-07-comet-at-the-caravanserai-4989aec33526-debut-29b3ca7d74bd.json -> alpine/archive/assets/gallery/themes/comet-at-the-caravanserai-4989aec33526/2026-09-07-comet-at-the-caravanserai-4989aec33526-debut-29b3ca7d74bd.json
RENAME alpine/assets/gallery/themes/comet-at-the-caravanserai-4989aec33526/2026-09-07-comet-at-the-caravanserai-4989aec33526-debut-29b3ca7d74bd.png -> alpine/archive/assets/gallery/themes/comet-at-the-caravanserai-4989aec33526/2026-09-07-comet-at-the-caravanserai-4989aec33526-debut-29b3ca7d74bd.png
RENAME alpine/assets/gallery/themes/sewer-starwatch-07c121dd7cd0/2026-09-07-sewer-starwatch-07c121dd7cd0-debut-2b00313a3eed.json -> alpine/archive/assets/gallery/themes/sewer-starwatch-07c121dd7cd0/2026-09-07-sewer-starwatch-07c121dd7cd0-debut-2b00313a3eed.json
RENAME alpine/assets/gallery/themes/sewer-starwatch-07c121dd7cd0/2026-09-07-sewer-starwatch-07c121dd7cd0-debut-2b00313a3eed.png -> alpine/archive/assets/gallery/themes/sewer-starwatch-07c121dd7cd0/2026-09-07-sewer-starwatch-07c121dd7cd0-debut-2b00313a3eed.png
RENAME alpine/assets/gallery/themes/sewer-starwatch-07c121dd7cd0/2026-09-07-sewer-starwatch-07c121dd7cd0-terminus-dawn-63fe4925594c.json -> alpine/archive/assets/gallery/themes/sewer-starwatch-07c121dd7cd0/2026-09-07-sewer-starwatch-07c121dd7cd0-terminus-dawn-63fe4925594c.json
RENAME alpine/assets/gallery/themes/sewer-starwatch-07c121dd7cd0/2026-09-07-sewer-starwatch-07c121dd7cd0-terminus-dawn-63fe4925594c.png -> alpine/archive/assets/gallery/themes/sewer-starwatch-07c121dd7cd0/2026-09-07-sewer-starwatch-07c121dd7cd0-terminus-dawn-63fe4925594c.png
RENAME alpine/assets/gallery/themes/spaceghost/2026-09-07-spaceghost-luthier-bench-5106dcef8e28.json -> alpine/archive/assets/gallery/themes/spaceghost/2026-09-07-spaceghost-luthier-bench-5106dcef8e28.json
RENAME alpine/assets/gallery/themes/spaceghost/2026-09-07-spaceghost-luthier-bench-5106dcef8e28.png -> alpine/archive/assets/gallery/themes/spaceghost/2026-09-07-spaceghost-luthier-bench-5106dcef8e28.png
RENAME alpine/assets/gallery/themes/spaceghost/2026-09-07-spaceghost-observatory-night-18e92bdb61e2.json -> alpine/archive/assets/gallery/themes/spaceghost/2026-09-07-spaceghost-observatory-night-18e92bdb61e2.json
RENAME alpine/assets/gallery/themes/spaceghost/2026-09-07-spaceghost-observatory-night-18e92bdb61e2.png -> alpine/archive/assets/gallery/themes/spaceghost/2026-09-07-spaceghost-observatory-night-18e92bdb61e2.png
RENAME alpine/assets/gallery/themes/spaceghost/2026-09-07-spaceghost-orchard-harvest-9bc8a7ff1468.json -> alpine/archive/assets/gallery/themes/spaceghost/2026-09-07-spaceghost-orchard-harvest-9bc8a7ff1468.json
RENAME alpine/assets/gallery/themes/spaceghost/2026-09-07-spaceghost-orchard-harvest-9bc8a7ff1468.png -> alpine/archive/assets/gallery/themes/spaceghost/2026-09-07-spaceghost-orchard-harvest-9bc8a7ff1468.png
RENAME alpine/assets/gallery/themes/spaceghost/2026-09-07-spaceghost-press-room-29eb8fb934fd.json -> alpine/archive/assets/gallery/themes/spaceghost/2026-09-07-spaceghost-press-room-29eb8fb934fd.json
RENAME alpine/assets/gallery/themes/spaceghost/2026-09-07-spaceghost-press-room-29eb8fb934fd.png -> alpine/archive/assets/gallery/themes/spaceghost/2026-09-07-spaceghost-press-room-29eb8fb934fd.png
RENAME alpine/assets/gallery/themes/spaceghost/2026-09-07-spaceghost-rocket-rollout-8bd6f9dd3b53.json -> alpine/archive/assets/gallery/themes/spaceghost/2026-09-07-spaceghost-rocket-rollout-8bd6f9dd3b53.json
RENAME alpine/assets/gallery/themes/spaceghost/2026-09-07-spaceghost-rocket-rollout-8bd6f9dd3b53.png -> alpine/archive/assets/gallery/themes/spaceghost/2026-09-07-spaceghost-rocket-rollout-8bd6f9dd3b53.png
RENAME alpine/assets/gallery/themes/spaceghost/README.md -> alpine/archive/assets/gallery/themes/spaceghost/README.md
RENAME alpine/assets/gallery/themes/spectral-wave-cd18e6a0360e/2026-09-07-spectral-wave-cd18e6a0360e-debut-b30a3473814e.json -> alpine/archive/assets/gallery/themes/spectral-wave-cd18e6a0360e/2026-09-07-spectral-wave-cd18e6a0360e-debut-b30a3473814e.json
RENAME alpine/assets/gallery/themes/spectral-wave-cd18e6a0360e/2026-09-07-spectral-wave-cd18e6a0360e-debut-b30a3473814e.png -> alpine/archive/assets/gallery/themes/spectral-wave-cd18e6a0360e/2026-09-07-spectral-wave-cd18e6a0360e-debut-b30a3473814e.png
RENAME alpine/assets/gallery/themes/the-astronomer-s-vigil-1d4ee5cd93a8/2026-09-07-the-astronomer-s-vigil-1d4ee5cd93a8-debut-a511dc08a583.json -> alpine/archive/assets/gallery/themes/the-astronomer-s-vigil-1d4ee5cd93a8/2026-09-07-the-astronomer-s-vigil-1d4ee5cd93a8-debut-a511dc08a583.json
RENAME alpine/assets/gallery/themes/the-astronomer-s-vigil-1d4ee5cd93a8/2026-09-07-the-astronomer-s-vigil-1d4ee5cd93a8-debut-a511dc08a583.png -> alpine/archive/assets/gallery/themes/the-astronomer-s-vigil-1d4ee5cd93a8/2026-09-07-the-astronomer-s-vigil-1d4ee5cd93a8-debut-a511dc08a583.png
RENAME alpine/assets/gallery/themes/the-bellows-intercept-b503d18336b4/2026-09-07-the-bellows-intercept-b503d18336b4-scene-e542baaf069561be-806f1286ff0e.json -> alpine/archive/assets/gallery/themes/the-bellows-intercept-b503d18336b4/2026-09-07-the-bellows-intercept-b503d18336b4-scene-e542baaf069561be-806f1286ff0e.json
RENAME alpine/assets/gallery/themes/the-bellows-intercept-b503d18336b4/2026-09-07-the-bellows-intercept-b503d18336b4-scene-e542baaf069561be-806f1286ff0e.png -> alpine/archive/assets/gallery/themes/the-bellows-intercept-b503d18336b4/2026-09-07-the-bellows-intercept-b503d18336b4-scene-e542baaf069561be-806f1286ff0e.png
RENAME alpine/assets/gallery/themes/the-falconer-s-comet-3e46b19483f2/2026-09-07-the-falconer-s-comet-3e46b19483f2-debut-02af1b397848.json -> alpine/archive/assets/gallery/themes/the-falconer-s-comet-3e46b19483f2/2026-09-07-the-falconer-s-comet-3e46b19483f2-debut-02af1b397848.json
RENAME alpine/assets/gallery/themes/the-falconer-s-comet-3e46b19483f2/2026-09-07-the-falconer-s-comet-3e46b19483f2-debut-02af1b397848.png -> alpine/archive/assets/gallery/themes/the-falconer-s-comet-3e46b19483f2/2026-09-07-the-falconer-s-comet-3e46b19483f2-debut-02af1b397848.png
RENAME alpine/assets/gallery/themes/the-ivory-joust-b5e55e707df7/2026-09-07-the-ivory-joust-b5e55e707df7-scene-b98cd36aa4a6126e-05e06fbf186c.json -> alpine/archive/assets/gallery/themes/the-ivory-joust-b5e55e707df7/2026-09-07-the-ivory-joust-b5e55e707df7-scene-b98cd36aa4a6126e-05e06fbf186c.json
RENAME alpine/assets/gallery/themes/the-ivory-joust-b5e55e707df7/2026-09-07-the-ivory-joust-b5e55e707df7-scene-b98cd36aa4a6126e-05e06fbf186c.png -> alpine/archive/assets/gallery/themes/the-ivory-joust-b5e55e707df7/2026-09-07-the-ivory-joust-b5e55e707df7-scene-b98cd36aa4a6126e-05e06fbf186c.png
RENAME alpine/assets/gallery/themes/the-lanterns-of-acre-5d2e5b9dcc98/2026-09-07-the-lanterns-of-acre-5d2e5b9dcc98-debut-a19088d249ff.json -> alpine/archive/assets/gallery/themes/the-lanterns-of-acre-5d2e5b9dcc98/2026-09-07-the-lanterns-of-acre-5d2e5b9dcc98-debut-a19088d249ff.json
RENAME alpine/assets/gallery/themes/the-lanterns-of-acre-5d2e5b9dcc98/2026-09-07-the-lanterns-of-acre-5d2e5b9dcc98-debut-a19088d249ff.png -> alpine/archive/assets/gallery/themes/the-lanterns-of-acre-5d2e5b9dcc98/2026-09-07-the-lanterns-of-acre-5d2e5b9dcc98-debut-a19088d249ff.png
RENAME alpine/assets/gallery/themes/the-luminous-sounding-f6a096b4e759/2026-09-07-the-luminous-sounding-f6a096b4e759-scene-fa4787ef60c55f8f-9f784ff8ada2.json -> alpine/archive/assets/gallery/themes/the-luminous-sounding-f6a096b4e759/2026-09-07-the-luminous-sounding-f6a096b4e759-scene-fa4787ef60c55f8f-9f784ff8ada2.json
RENAME alpine/assets/gallery/themes/the-luminous-sounding-f6a096b4e759/2026-09-07-the-luminous-sounding-f6a096b4e759-scene-fa4787ef60c55f8f-9f784ff8ada2.png -> alpine/archive/assets/gallery/themes/the-luminous-sounding-f6a096b4e759/2026-09-07-the-luminous-sounding-f6a096b4e759-scene-fa4787ef60c55f8f-9f784ff8ada2.png
RENAME alpine/assets/gallery/themes/the-minted-eclipse-48db56180baf/2026-09-07-the-minted-eclipse-48db56180baf-scene-ecdc05ec802d0469-c636c933991d.json -> alpine/archive/assets/gallery/themes/the-minted-eclipse-48db56180baf/2026-09-07-the-minted-eclipse-48db56180baf-scene-ecdc05ec802d0469-c636c933991d.json
RENAME alpine/assets/gallery/themes/the-minted-eclipse-48db56180baf/2026-09-07-the-minted-eclipse-48db56180baf-scene-ecdc05ec802d0469-c636c933991d.png -> alpine/archive/assets/gallery/themes/the-minted-eclipse-48db56180baf/2026-09-07-the-minted-eclipse-48db56180baf-scene-ecdc05ec802d0469-c636c933991d.png
RENAME alpine/assets/gallery/themes/the-saffron-undertow-8cc254254d8a/2026-09-07-the-saffron-undertow-8cc254254d8a-scene-348738276348e443-d22d720c83e6.json -> alpine/archive/assets/gallery/themes/the-saffron-undertow-8cc254254d8a/2026-09-07-the-saffron-undertow-8cc254254d8a-scene-348738276348e443-d22d720c83e6.json
RENAME alpine/assets/gallery/themes/the-saffron-undertow-8cc254254d8a/2026-09-07-the-saffron-undertow-8cc254254d8a-scene-348738276348e443-d22d720c83e6.png -> alpine/archive/assets/gallery/themes/the-saffron-undertow-8cc254254d8a/2026-09-07-the-saffron-undertow-8cc254254d8a-scene-348738276348e443-d22d720c83e6.png
RENAME alpine/assets/gallery/themes/the-watch-at-dusk-04211d0d1b2b/2026-09-07-the-watch-at-dusk-04211d0d1b2b-debut-592d4b1b39cd.json -> alpine/archive/assets/gallery/themes/the-watch-at-dusk-04211d0d1b2b/2026-09-07-the-watch-at-dusk-04211d0d1b2b-debut-592d4b1b39cd.json
RENAME alpine/assets/gallery/themes/the-watch-at-dusk-04211d0d1b2b/2026-09-07-the-watch-at-dusk-04211d0d1b2b-debut-592d4b1b39cd.png -> alpine/archive/assets/gallery/themes/the-watch-at-dusk-04211d0d1b2b/2026-09-07-the-watch-at-dusk-04211d0d1b2b-debut-592d4b1b39cd.png
RENAME alpine/assets/gallery/themes/tidepool-astronautics-4c7a6f4c0829/2026-09-07-tidepool-astronautics-4c7a6f4c0829-debut-38d3a102417a.json -> alpine/archive/assets/gallery/themes/tidepool-astronautics-4c7a6f4c0829/2026-09-07-tidepool-astronautics-4c7a6f4c0829-debut-38d3a102417a.json
RENAME alpine/assets/gallery/themes/tidepool-astronautics-4c7a6f4c0829/2026-09-07-tidepool-astronautics-4c7a6f4c0829-debut-38d3a102417a.png -> alpine/archive/assets/gallery/themes/tidepool-astronautics-4c7a6f4c0829/2026-09-07-tidepool-astronautics-4c7a6f4c0829-debut-38d3a102417a.png
RENAME alpine/assets/gallery/themes/vespersteel-archive-968881e8a08a/2026-09-07-vespersteel-archive-968881e8a08a-abbey-choir-557c04d497c5.json -> alpine/archive/assets/gallery/themes/vespersteel-archive-968881e8a08a/2026-09-07-vespersteel-archive-968881e8a08a-abbey-choir-557c04d497c5.json
RENAME alpine/assets/gallery/themes/vespersteel-archive-968881e8a08a/2026-09-07-vespersteel-archive-968881e8a08a-abbey-choir-557c04d497c5.png -> alpine/archive/assets/gallery/themes/vespersteel-archive-968881e8a08a/2026-09-07-vespersteel-archive-968881e8a08a-abbey-choir-557c04d497c5.png
RENAME alpine/assets/gallery/themes/vespersteel-archive-968881e8a08a/2026-09-07-vespersteel-archive-968881e8a08a-debut-327ff833b763.json -> alpine/archive/assets/gallery/themes/vespersteel-archive-968881e8a08a/2026-09-07-vespersteel-archive-968881e8a08a-debut-327ff833b763.json
RENAME alpine/assets/gallery/themes/vespersteel-archive-968881e8a08a/2026-09-07-vespersteel-archive-968881e8a08a-debut-327ff833b763.png -> alpine/archive/assets/gallery/themes/vespersteel-archive-968881e8a08a/2026-09-07-vespersteel-archive-968881e8a08a-debut-327ff833b763.png
RENAME alpine/assets/gallery/themes/vespersteel-archive-968881e8a08a/2026-09-07-vespersteel-archive-968881e8a08a-desert-motel-870c5077a37f.json -> alpine/archive/assets/gallery/themes/vespersteel-archive-968881e8a08a/2026-09-07-vespersteel-archive-968881e8a08a-desert-motel-870c5077a37f.json
RENAME alpine/assets/gallery/themes/vespersteel-archive-968881e8a08a/2026-09-07-vespersteel-archive-968881e8a08a-desert-motel-870c5077a37f.png -> alpine/archive/assets/gallery/themes/vespersteel-archive-968881e8a08a/2026-09-07-vespersteel-archive-968881e8a08a-desert-motel-870c5077a37f.png
RENAME alpine/assets/gallery/themes/vespersteel-archive-968881e8a08a/2026-09-07-vespersteel-archive-968881e8a08a-desert-motel-fa8618bc176b.json -> alpine/archive/assets/gallery/themes/vespersteel-archive-968881e8a08a/2026-09-07-vespersteel-archive-968881e8a08a-desert-motel-fa8618bc176b.json
RENAME alpine/assets/gallery/themes/vespersteel-archive-968881e8a08a/2026-09-07-vespersteel-archive-968881e8a08a-desert-motel-fa8618bc176b.png -> alpine/archive/assets/gallery/themes/vespersteel-archive-968881e8a08a/2026-09-07-vespersteel-archive-968881e8a08a-desert-motel-fa8618bc176b.png
RENAME alpine/assets/gallery/themes/vespersteel-archive-968881e8a08a/2026-09-07-vespersteel-archive-968881e8a08a-harbour-dawn-a7056c528990.json -> alpine/archive/assets/gallery/themes/vespersteel-archive-968881e8a08a/2026-09-07-vespersteel-archive-968881e8a08a-harbour-dawn-a7056c528990.json
RENAME alpine/assets/gallery/themes/vespersteel-archive-968881e8a08a/2026-09-07-vespersteel-archive-968881e8a08a-harbour-dawn-a7056c528990.png -> alpine/archive/assets/gallery/themes/vespersteel-archive-968881e8a08a/2026-09-07-vespersteel-archive-968881e8a08a-harbour-dawn-a7056c528990.png
RENAME alpine/assets/gallery/themes/vespersteel-archive-968881e8a08a/2026-09-07-vespersteel-archive-968881e8a08a-stonemasons-yard-63b8be34ae9e.json -> alpine/archive/assets/gallery/themes/vespersteel-archive-968881e8a08a/2026-09-07-vespersteel-archive-968881e8a08a-stonemasons-yard-63b8be34ae9e.json
RENAME alpine/assets/gallery/themes/vespersteel-archive-968881e8a08a/2026-09-07-vespersteel-archive-968881e8a08a-stonemasons-yard-63b8be34ae9e.png -> alpine/archive/assets/gallery/themes/vespersteel-archive-968881e8a08a/2026-09-07-vespersteel-archive-968881e8a08a-stonemasons-yard-63b8be34ae9e.png
RENAME alpine/assets/violet-eclipse.png -> alpine/archive/assets/gallery/violet-eclipse.png
RENAME alpine/themes/comet-at-the-caravanserai-4989aec33526.json -> alpine/archive/themes/comet-at-the-caravanserai-4989aec33526.json
RENAME alpine/themes/profiles/spaceghost/.config/btop/btop.conf -> alpine/archive/themes/spaceghost/.config/btop/btop.conf
RENAME alpine/themes/profiles/spaceghost/.config/btop/themes/spaceghost.theme -> alpine/archive/themes/spaceghost/.config/btop/themes/spaceghost.theme
RENAME alpine/themes/profiles/spaceghost/.config/cava/config -> alpine/archive/themes/spaceghost/.config/cava/config
RENAME alpine/themes/profiles/spaceghost/.config/foot/foot.ini -> alpine/archive/themes/spaceghost/.config/foot/foot.ini
RENAME alpine/themes/profiles/spaceghost/.config/fuzzel/fuzzel.ini -> alpine/archive/themes/spaceghost/.config/fuzzel/fuzzel.ini
RENAME alpine/themes/profiles/spaceghost/.config/ghostty/config -> alpine/archive/themes/spaceghost/.config/ghostty/config
RENAME alpine/themes/profiles/spaceghost/.config/gtk-3.0/gtk.css -> alpine/archive/themes/spaceghost/.config/gtk-3.0/gtk.css
RENAME alpine/themes/profiles/spaceghost/.config/gtk-3.0/settings.ini -> alpine/archive/themes/spaceghost/.config/gtk-3.0/settings.ini
RENAME alpine/themes/profiles/spaceghost/.config/gtk-4.0/gtk.css -> alpine/archive/themes/spaceghost/.config/gtk-4.0/gtk.css
RENAME alpine/themes/profiles/spaceghost/.config/gtk-4.0/settings.ini -> alpine/archive/themes/spaceghost/.config/gtk-4.0/settings.ini
RENAME alpine/themes/profiles/spaceghost/.config/nvim/init.lua -> alpine/archive/themes/spaceghost/.config/nvim/init.lua
RENAME alpine/themes/profiles/spaceghost/.config/qt6ct/qt6ct.conf -> alpine/archive/themes/spaceghost/.config/qt6ct/qt6ct.conf
RENAME alpine/themes/profiles/spaceghost/.config/starship.toml -> alpine/archive/themes/spaceghost/.config/starship.toml
RENAME alpine/themes/profiles/spaceghost/.config/sway/theme.conf -> alpine/archive/themes/spaceghost/.config/sway/theme.conf
RENAME alpine/themes/profiles/spaceghost/.config/swayfx/effects.conf -> alpine/archive/themes/spaceghost/.config/swayfx/effects.conf
RENAME alpine/themes/profiles/spaceghost/.config/swaync/style.css -> alpine/archive/themes/spaceghost/.config/swaync/style.css
RENAME alpine/themes/profiles/spaceghost/.config/waybar/style.css -> alpine/archive/themes/spaceghost/.config/waybar/style.css
RENAME alpine/themes/profiles/spaceghost/.tmux.conf -> alpine/archive/themes/spaceghost/.tmux.conf
RENAME alpine/themes/profiles/spaceghost/.zshrc -> alpine/archive/themes/spaceghost/.zshrc
RENAME alpine/themes/sewer-starwatch-07c121dd7cd0.json -> alpine/archive/themes/sewer-starwatch-07c121dd7cd0.json
RENAME alpine/themes/spaceghost.json -> alpine/archive/themes/spaceghost.json
RENAME alpine/themes/spectral-wave-cd18e6a0360e.json -> alpine/archive/themes/spectral-wave-cd18e6a0360e.json
RENAME alpine/themes/the-astronomer-s-vigil-1d4ee5cd93a8.json -> alpine/archive/themes/the-astronomer-s-vigil-1d4ee5cd93a8.json
RENAME alpine/themes/the-bellows-intercept-b503d18336b4.json -> alpine/archive/themes/the-bellows-intercept-b503d18336b4.json
RENAME alpine/themes/the-brass-meridian-64b7a7433eec.json -> alpine/archive/themes/the-brass-meridian-64b7a7433eec.json
RENAME alpine/themes/the-falconer-s-comet-3e46b19483f2.json -> alpine/archive/themes/the-falconer-s-comet-3e46b19483f2.json
RENAME alpine/themes/the-ivory-joust-b5e55e707df7.json -> alpine/archive/themes/the-ivory-joust-b5e55e707df7.json
RENAME alpine/themes/the-lanterns-of-acre-5d2e5b9dcc98.json -> alpine/archive/themes/the-lanterns-of-acre-5d2e5b9dcc98.json
RENAME alpine/themes/the-luminous-sounding-f6a096b4e759.json -> alpine/archive/themes/the-luminous-sounding-f6a096b4e759.json
RENAME alpine/themes/the-minted-eclipse-48db56180baf.json -> alpine/archive/themes/the-minted-eclipse-48db56180baf.json
RENAME alpine/themes/the-saffron-undertow-8cc254254d8a.json -> alpine/archive/themes/the-saffron-undertow-8cc254254d8a.json
RENAME alpine/themes/the-watch-at-dusk-04211d0d1b2b.json -> alpine/archive/themes/the-watch-at-dusk-04211d0d1b2b.json
RENAME alpine/themes/tidepool-astronautics-4c7a6f4c0829.json -> alpine/archive/themes/tidepool-astronautics-4c7a6f4c0829.json
RENAME alpine/themes/vespersteel-archive-968881e8a08a.json -> alpine/archive/themes/vespersteel-archive-968881e8a08a.json
ADDED alpine/archive/assets/gallery/spaceghost.png
ADDED alpine/archive/assets/gallery/themes/the-centurion-s-vigil-4d98e9fac66d/2026-09-07-the-centurion-s-vigil-4d98e9fac66d-scene-3138ac02ebd08fe2-18b5c7d691f9.json
ADDED alpine/archive/assets/gallery/themes/the-centurion-s-vigil-4d98e9fac66d/2026-09-07-the-centurion-s-vigil-4d98e9fac66d-scene-3138ac02ebd08fe2-18b5c7d691f9.png
ADDED alpine/archive/assets/gallery/themes/waxen-meridian-373c11cb12f0/2026-09-07-waxen-meridian-373c11cb12f0-scene-073cc2665528430c-4ab67ac4e4db.json
ADDED alpine/archive/assets/gallery/themes/waxen-meridian-373c11cb12f0/2026-09-07-waxen-meridian-373c11cb12f0-scene-073cc2665528430c-4ab67ac4e4db.png
ADDED alpine/archive/themes/comet-at-the-caravanserai-4989aec33526/.config/btop/btop.conf
ADDED alpine/archive/themes/comet-at-the-caravanserai-4989aec33526/.config/btop/themes/gruvbox-dark.theme
ADDED alpine/archive/themes/comet-at-the-caravanserai-4989aec33526/.config/btop/themes/spaceghost.theme
ADDED alpine/archive/themes/comet-at-the-caravanserai-4989aec33526/.config/cava/config
ADDED alpine/archive/themes/comet-at-the-caravanserai-4989aec33526/.config/conky/panels.json
ADDED alpine/archive/themes/comet-at-the-caravanserai-4989aec33526/.config/foot/foot.ini
ADDED alpine/archive/themes/comet-at-the-caravanserai-4989aec33526/.config/fuzzel/fuzzel.ini
ADDED alpine/archive/themes/comet-at-the-caravanserai-4989aec33526/.config/ghostty/config
ADDED alpine/archive/themes/comet-at-the-caravanserai-4989aec33526/.config/gtk-3.0/gtk.css
ADDED alpine/archive/themes/comet-at-the-caravanserai-4989aec33526/.config/gtk-3.0/settings.ini
ADDED alpine/archive/themes/comet-at-the-caravanserai-4989aec33526/.config/gtk-4.0/gtk.css
ADDED alpine/archive/themes/comet-at-the-caravanserai-4989aec33526/.config/gtk-4.0/settings.ini
ADDED alpine/archive/themes/comet-at-the-caravanserai-4989aec33526/.config/nvim/colors/gruvbox-dark.lua
ADDED alpine/archive/themes/comet-at-the-caravanserai-4989aec33526/.config/nvim/init.lua
ADDED alpine/archive/themes/comet-at-the-caravanserai-4989aec33526/.config/qt6ct/colors/gruvbox-dark.conf
ADDED alpine/archive/themes/comet-at-the-caravanserai-4989aec33526/.config/qt6ct/qt6ct.conf
ADDED alpine/archive/themes/comet-at-the-caravanserai-4989aec33526/.config/starship.toml
ADDED alpine/archive/themes/comet-at-the-caravanserai-4989aec33526/.config/sway/theme.conf
ADDED alpine/archive/themes/comet-at-the-caravanserai-4989aec33526/.config/swayfx/effects.conf
ADDED alpine/archive/themes/comet-at-the-caravanserai-4989aec33526/.config/swaync/style.css
ADDED alpine/archive/themes/comet-at-the-caravanserai-4989aec33526/.config/waybar/config.jsonc
ADDED alpine/archive/themes/comet-at-the-caravanserai-4989aec33526/.config/waybar/style.css
ADDED alpine/archive/themes/comet-at-the-caravanserai-4989aec33526/.config/waybar/waybar-state.css
ADDED alpine/archive/themes/comet-at-the-caravanserai-4989aec33526/.tmux.conf
ADDED alpine/archive/themes/comet-at-the-caravanserai-4989aec33526/.zshrc
ADDED alpine/archive/themes/sewer-starwatch-07c121dd7cd0/.config/btop/btop.conf
ADDED alpine/archive/themes/sewer-starwatch-07c121dd7cd0/.config/btop/themes/gruvbox-dark.theme
ADDED alpine/archive/themes/sewer-starwatch-07c121dd7cd0/.config/btop/themes/spaceghost.theme
ADDED alpine/archive/themes/sewer-starwatch-07c121dd7cd0/.config/cava/config
ADDED alpine/archive/themes/sewer-starwatch-07c121dd7cd0/.config/conky/panels.json
ADDED alpine/archive/themes/sewer-starwatch-07c121dd7cd0/.config/foot/foot.ini
ADDED alpine/archive/themes/sewer-starwatch-07c121dd7cd0/.config/fuzzel/fuzzel.ini
ADDED alpine/archive/themes/sewer-starwatch-07c121dd7cd0/.config/ghostty/config
ADDED alpine/archive/themes/sewer-starwatch-07c121dd7cd0/.config/gtk-3.0/gtk.css
ADDED alpine/archive/themes/sewer-starwatch-07c121dd7cd0/.config/gtk-3.0/settings.ini
ADDED alpine/archive/themes/sewer-starwatch-07c121dd7cd0/.config/gtk-4.0/gtk.css
ADDED alpine/archive/themes/sewer-starwatch-07c121dd7cd0/.config/gtk-4.0/settings.ini
ADDED alpine/archive/themes/sewer-starwatch-07c121dd7cd0/.config/nvim/colors/gruvbox-dark.lua
ADDED alpine/archive/themes/sewer-starwatch-07c121dd7cd0/.config/nvim/init.lua
ADDED alpine/archive/themes/sewer-starwatch-07c121dd7cd0/.config/qt6ct/colors/gruvbox-dark.conf
ADDED alpine/archive/themes/sewer-starwatch-07c121dd7cd0/.config/qt6ct/qt6ct.conf
ADDED alpine/archive/themes/sewer-starwatch-07c121dd7cd0/.config/starship.toml
ADDED alpine/archive/themes/sewer-starwatch-07c121dd7cd0/.config/sway/theme.conf
ADDED alpine/archive/themes/sewer-starwatch-07c121dd7cd0/.config/swayfx/effects.conf
ADDED alpine/archive/themes/sewer-starwatch-07c121dd7cd0/.config/swaync/style.css
ADDED alpine/archive/themes/sewer-starwatch-07c121dd7cd0/.config/waybar/config.jsonc
ADDED alpine/archive/themes/sewer-starwatch-07c121dd7cd0/.config/waybar/style.css
ADDED alpine/archive/themes/sewer-starwatch-07c121dd7cd0/.config/waybar/waybar-state.css
ADDED alpine/archive/themes/sewer-starwatch-07c121dd7cd0/.tmux.conf
ADDED alpine/archive/themes/sewer-starwatch-07c121dd7cd0/.zshrc
ADDED alpine/archive/themes/spaceghost/.config/btop/themes/gruvbox-dark.theme
ADDED alpine/archive/themes/spaceghost/.config/conky/panels.json
ADDED alpine/archive/themes/spaceghost/.config/nvim/colors/gruvbox-dark.lua
ADDED alpine/archive/themes/spaceghost/.config/qt6ct/colors/gruvbox-dark.conf
ADDED alpine/archive/themes/spaceghost/.config/waybar/config.jsonc
ADDED alpine/archive/themes/spaceghost/.config/waybar/waybar-state.css
ADDED alpine/archive/themes/spectral-wave-cd18e6a0360e/.config/btop/btop.conf
ADDED alpine/archive/themes/spectral-wave-cd18e6a0360e/.config/btop/themes/gruvbox-dark.theme
ADDED alpine/archive/themes/spectral-wave-cd18e6a0360e/.config/btop/themes/spaceghost.theme
ADDED alpine/archive/themes/spectral-wave-cd18e6a0360e/.config/cava/config
ADDED alpine/archive/themes/spectral-wave-cd18e6a0360e/.config/conky/panels.json
ADDED alpine/archive/themes/spectral-wave-cd18e6a0360e/.config/foot/foot.ini
ADDED alpine/archive/themes/spectral-wave-cd18e6a0360e/.config/fuzzel/fuzzel.ini
ADDED alpine/archive/themes/spectral-wave-cd18e6a0360e/.config/ghostty/config
ADDED alpine/archive/themes/spectral-wave-cd18e6a0360e/.config/gtk-3.0/gtk.css
ADDED alpine/archive/themes/spectral-wave-cd18e6a0360e/.config/gtk-3.0/settings.ini
ADDED alpine/archive/themes/spectral-wave-cd18e6a0360e/.config/gtk-4.0/gtk.css
ADDED alpine/archive/themes/spectral-wave-cd18e6a0360e/.config/gtk-4.0/settings.ini
ADDED alpine/archive/themes/spectral-wave-cd18e6a0360e/.config/nvim/colors/gruvbox-dark.lua
ADDED alpine/archive/themes/spectral-wave-cd18e6a0360e/.config/nvim/init.lua
ADDED alpine/archive/themes/spectral-wave-cd18e6a0360e/.config/qt6ct/colors/gruvbox-dark.conf
ADDED alpine/archive/themes/spectral-wave-cd18e6a0360e/.config/qt6ct/qt6ct.conf
ADDED alpine/archive/themes/spectral-wave-cd18e6a0360e/.config/starship.toml
ADDED alpine/archive/themes/spectral-wave-cd18e6a0360e/.config/sway/theme.conf
ADDED alpine/archive/themes/spectral-wave-cd18e6a0360e/.config/swayfx/effects.conf
ADDED alpine/archive/themes/spectral-wave-cd18e6a0360e/.config/swaync/style.css
ADDED alpine/archive/themes/spectral-wave-cd18e6a0360e/.config/waybar/config.jsonc
ADDED alpine/archive/themes/spectral-wave-cd18e6a0360e/.config/waybar/style.css
ADDED alpine/archive/themes/spectral-wave-cd18e6a0360e/.config/waybar/waybar-state.css
ADDED alpine/archive/themes/spectral-wave-cd18e6a0360e/.tmux.conf
ADDED alpine/archive/themes/spectral-wave-cd18e6a0360e/.zshrc
ADDED alpine/archive/themes/the-astronomer-s-vigil-1d4ee5cd93a8/.config/btop/btop.conf
ADDED alpine/archive/themes/the-astronomer-s-vigil-1d4ee5cd93a8/.config/btop/themes/gruvbox-dark.theme
ADDED alpine/archive/themes/the-astronomer-s-vigil-1d4ee5cd93a8/.config/btop/themes/spaceghost.theme
ADDED alpine/archive/themes/the-astronomer-s-vigil-1d4ee5cd93a8/.config/cava/config
ADDED alpine/archive/themes/the-astronomer-s-vigil-1d4ee5cd93a8/.config/conky/panels.json
ADDED alpine/archive/themes/the-astronomer-s-vigil-1d4ee5cd93a8/.config/foot/foot.ini
ADDED alpine/archive/themes/the-astronomer-s-vigil-1d4ee5cd93a8/.config/fuzzel/fuzzel.ini
ADDED alpine/archive/themes/the-astronomer-s-vigil-1d4ee5cd93a8/.config/ghostty/config
ADDED alpine/archive/themes/the-astronomer-s-vigil-1d4ee5cd93a8/.config/gtk-3.0/gtk.css
ADDED alpine/archive/themes/the-astronomer-s-vigil-1d4ee5cd93a8/.config/gtk-3.0/settings.ini
ADDED alpine/archive/themes/the-astronomer-s-vigil-1d4ee5cd93a8/.config/gtk-4.0/gtk.css
ADDED alpine/archive/themes/the-astronomer-s-vigil-1d4ee5cd93a8/.config/gtk-4.0/settings.ini
ADDED alpine/archive/themes/the-astronomer-s-vigil-1d4ee5cd93a8/.config/nvim/colors/gruvbox-dark.lua
ADDED alpine/archive/themes/the-astronomer-s-vigil-1d4ee5cd93a8/.config/nvim/init.lua
ADDED alpine/archive/themes/the-astronomer-s-vigil-1d4ee5cd93a8/.config/qt6ct/colors/gruvbox-dark.conf
ADDED alpine/archive/themes/the-astronomer-s-vigil-1d4ee5cd93a8/.config/qt6ct/qt6ct.conf
ADDED alpine/archive/themes/the-astronomer-s-vigil-1d4ee5cd93a8/.config/starship.toml
ADDED alpine/archive/themes/the-astronomer-s-vigil-1d4ee5cd93a8/.config/sway/theme.conf
ADDED alpine/archive/themes/the-astronomer-s-vigil-1d4ee5cd93a8/.config/swayfx/effects.conf
ADDED alpine/archive/themes/the-astronomer-s-vigil-1d4ee5cd93a8/.config/swaync/style.css
ADDED alpine/archive/themes/the-astronomer-s-vigil-1d4ee5cd93a8/.config/waybar/config.jsonc
ADDED alpine/archive/themes/the-astronomer-s-vigil-1d4ee5cd93a8/.config/waybar/style.css
ADDED alpine/archive/themes/the-astronomer-s-vigil-1d4ee5cd93a8/.config/waybar/waybar-state.css
ADDED alpine/archive/themes/the-astronomer-s-vigil-1d4ee5cd93a8/.tmux.conf
ADDED alpine/archive/themes/the-astronomer-s-vigil-1d4ee5cd93a8/.zshrc
ADDED alpine/archive/themes/the-bellows-intercept-b503d18336b4/.config/btop/btop.conf
ADDED alpine/archive/themes/the-bellows-intercept-b503d18336b4/.config/btop/themes/gruvbox-dark.theme
ADDED alpine/archive/themes/the-bellows-intercept-b503d18336b4/.config/btop/themes/spaceghost.theme
ADDED alpine/archive/themes/the-bellows-intercept-b503d18336b4/.config/cava/config
ADDED alpine/archive/themes/the-bellows-intercept-b503d18336b4/.config/conky/panels.json
ADDED alpine/archive/themes/the-bellows-intercept-b503d18336b4/.config/foot/foot.ini
ADDED alpine/archive/themes/the-bellows-intercept-b503d18336b4/.config/fuzzel/fuzzel.ini
ADDED alpine/archive/themes/the-bellows-intercept-b503d18336b4/.config/ghostty/config
ADDED alpine/archive/themes/the-bellows-intercept-b503d18336b4/.config/gtk-3.0/gtk.css
ADDED alpine/archive/themes/the-bellows-intercept-b503d18336b4/.config/gtk-3.0/settings.ini
ADDED alpine/archive/themes/the-bellows-intercept-b503d18336b4/.config/gtk-4.0/gtk.css
ADDED alpine/archive/themes/the-bellows-intercept-b503d18336b4/.config/gtk-4.0/settings.ini
ADDED alpine/archive/themes/the-bellows-intercept-b503d18336b4/.config/nvim/colors/gruvbox-dark.lua
ADDED alpine/archive/themes/the-bellows-intercept-b503d18336b4/.config/nvim/init.lua
ADDED alpine/archive/themes/the-bellows-intercept-b503d18336b4/.config/qt6ct/colors/gruvbox-dark.conf
ADDED alpine/archive/themes/the-bellows-intercept-b503d18336b4/.config/qt6ct/qt6ct.conf
ADDED alpine/archive/themes/the-bellows-intercept-b503d18336b4/.config/starship.toml
ADDED alpine/archive/themes/the-bellows-intercept-b503d18336b4/.config/sway/theme.conf
ADDED alpine/archive/themes/the-bellows-intercept-b503d18336b4/.config/swayfx/effects.conf
ADDED alpine/archive/themes/the-bellows-intercept-b503d18336b4/.config/swaync/style.css
ADDED alpine/archive/themes/the-bellows-intercept-b503d18336b4/.config/waybar/config.jsonc
ADDED alpine/archive/themes/the-bellows-intercept-b503d18336b4/.config/waybar/style.css
ADDED alpine/archive/themes/the-bellows-intercept-b503d18336b4/.config/waybar/waybar-state.css
ADDED alpine/archive/themes/the-bellows-intercept-b503d18336b4/.tmux.conf
ADDED alpine/archive/themes/the-bellows-intercept-b503d18336b4/.zshrc
ADDED alpine/archive/themes/the-brass-meridian-64b7a7433eec/.config/btop/btop.conf
ADDED alpine/archive/themes/the-brass-meridian-64b7a7433eec/.config/btop/themes/gruvbox-dark.theme
ADDED alpine/archive/themes/the-brass-meridian-64b7a7433eec/.config/btop/themes/spaceghost.theme
ADDED alpine/archive/themes/the-brass-meridian-64b7a7433eec/.config/cava/config
ADDED alpine/archive/themes/the-brass-meridian-64b7a7433eec/.config/conky/panels.json
ADDED alpine/archive/themes/the-brass-meridian-64b7a7433eec/.config/foot/foot.ini
ADDED alpine/archive/themes/the-brass-meridian-64b7a7433eec/.config/fuzzel/fuzzel.ini
ADDED alpine/archive/themes/the-brass-meridian-64b7a7433eec/.config/ghostty/config
ADDED alpine/archive/themes/the-brass-meridian-64b7a7433eec/.config/gtk-3.0/gtk.css
ADDED alpine/archive/themes/the-brass-meridian-64b7a7433eec/.config/gtk-3.0/settings.ini
ADDED alpine/archive/themes/the-brass-meridian-64b7a7433eec/.config/gtk-4.0/gtk.css
ADDED alpine/archive/themes/the-brass-meridian-64b7a7433eec/.config/gtk-4.0/settings.ini
ADDED alpine/archive/themes/the-brass-meridian-64b7a7433eec/.config/nvim/colors/gruvbox-dark.lua
ADDED alpine/archive/themes/the-brass-meridian-64b7a7433eec/.config/nvim/init.lua
ADDED alpine/archive/themes/the-brass-meridian-64b7a7433eec/.config/qt6ct/colors/gruvbox-dark.conf
ADDED alpine/archive/themes/the-brass-meridian-64b7a7433eec/.config/qt6ct/qt6ct.conf
ADDED alpine/archive/themes/the-brass-meridian-64b7a7433eec/.config/starship.toml
ADDED alpine/archive/themes/the-brass-meridian-64b7a7433eec/.config/sway/theme.conf
ADDED alpine/archive/themes/the-brass-meridian-64b7a7433eec/.config/swayfx/effects.conf
ADDED alpine/archive/themes/the-brass-meridian-64b7a7433eec/.config/swaync/style.css
ADDED alpine/archive/themes/the-brass-meridian-64b7a7433eec/.config/waybar/config.jsonc
ADDED alpine/archive/themes/the-brass-meridian-64b7a7433eec/.config/waybar/style.css
ADDED alpine/archive/themes/the-brass-meridian-64b7a7433eec/.config/waybar/waybar-state.css
ADDED alpine/archive/themes/the-brass-meridian-64b7a7433eec/.tmux.conf
ADDED alpine/archive/themes/the-brass-meridian-64b7a7433eec/.zshrc
ADDED alpine/archive/themes/the-centurion-s-vigil-4d98e9fac66d.json
ADDED alpine/archive/themes/the-centurion-s-vigil-4d98e9fac66d/.config/btop/btop.conf
ADDED alpine/archive/themes/the-centurion-s-vigil-4d98e9fac66d/.config/btop/themes/gruvbox-dark.theme
ADDED alpine/archive/themes/the-centurion-s-vigil-4d98e9fac66d/.config/btop/themes/spaceghost.theme
ADDED alpine/archive/themes/the-centurion-s-vigil-4d98e9fac66d/.config/cava/config
ADDED alpine/archive/themes/the-centurion-s-vigil-4d98e9fac66d/.config/conky/panels.json
ADDED alpine/archive/themes/the-centurion-s-vigil-4d98e9fac66d/.config/foot/foot.ini
ADDED alpine/archive/themes/the-centurion-s-vigil-4d98e9fac66d/.config/fuzzel/fuzzel.ini
ADDED alpine/archive/themes/the-centurion-s-vigil-4d98e9fac66d/.config/ghostty/config
ADDED alpine/archive/themes/the-centurion-s-vigil-4d98e9fac66d/.config/gtk-3.0/gtk.css
ADDED alpine/archive/themes/the-centurion-s-vigil-4d98e9fac66d/.config/gtk-3.0/settings.ini
ADDED alpine/archive/themes/the-centurion-s-vigil-4d98e9fac66d/.config/gtk-4.0/gtk.css
ADDED alpine/archive/themes/the-centurion-s-vigil-4d98e9fac66d/.config/gtk-4.0/settings.ini
ADDED alpine/archive/themes/the-centurion-s-vigil-4d98e9fac66d/.config/nvim/colors/gruvbox-dark.lua
ADDED alpine/archive/themes/the-centurion-s-vigil-4d98e9fac66d/.config/nvim/init.lua
ADDED alpine/archive/themes/the-centurion-s-vigil-4d98e9fac66d/.config/qt6ct/colors/gruvbox-dark.conf
ADDED alpine/archive/themes/the-centurion-s-vigil-4d98e9fac66d/.config/qt6ct/qt6ct.conf
ADDED alpine/archive/themes/the-centurion-s-vigil-4d98e9fac66d/.config/starship.toml
ADDED alpine/archive/themes/the-centurion-s-vigil-4d98e9fac66d/.config/sway/theme.conf
ADDED alpine/archive/themes/the-centurion-s-vigil-4d98e9fac66d/.config/swayfx/effects.conf
ADDED alpine/archive/themes/the-centurion-s-vigil-4d98e9fac66d/.config/swaync/style.css
ADDED alpine/archive/themes/the-centurion-s-vigil-4d98e9fac66d/.config/waybar/config.jsonc
ADDED alpine/archive/themes/the-centurion-s-vigil-4d98e9fac66d/.config/waybar/style.css
ADDED alpine/archive/themes/the-centurion-s-vigil-4d98e9fac66d/.config/waybar/waybar-state.css
ADDED alpine/archive/themes/the-centurion-s-vigil-4d98e9fac66d/.tmux.conf
ADDED alpine/archive/themes/the-centurion-s-vigil-4d98e9fac66d/.zshrc
ADDED alpine/archive/themes/the-falconer-s-comet-3e46b19483f2/.config/btop/btop.conf
ADDED alpine/archive/themes/the-falconer-s-comet-3e46b19483f2/.config/btop/themes/gruvbox-dark.theme
ADDED alpine/archive/themes/the-falconer-s-comet-3e46b19483f2/.config/btop/themes/spaceghost.theme
ADDED alpine/archive/themes/the-falconer-s-comet-3e46b19483f2/.config/cava/config
ADDED alpine/archive/themes/the-falconer-s-comet-3e46b19483f2/.config/conky/panels.json
ADDED alpine/archive/themes/the-falconer-s-comet-3e46b19483f2/.config/foot/foot.ini
ADDED alpine/archive/themes/the-falconer-s-comet-3e46b19483f2/.config/fuzzel/fuzzel.ini
ADDED alpine/archive/themes/the-falconer-s-comet-3e46b19483f2/.config/ghostty/config
ADDED alpine/archive/themes/the-falconer-s-comet-3e46b19483f2/.config/gtk-3.0/gtk.css
ADDED alpine/archive/themes/the-falconer-s-comet-3e46b19483f2/.config/gtk-3.0/settings.ini
ADDED alpine/archive/themes/the-falconer-s-comet-3e46b19483f2/.config/gtk-4.0/gtk.css
ADDED alpine/archive/themes/the-falconer-s-comet-3e46b19483f2/.config/gtk-4.0/settings.ini
ADDED alpine/archive/themes/the-falconer-s-comet-3e46b19483f2/.config/nvim/colors/gruvbox-dark.lua
ADDED alpine/archive/themes/the-falconer-s-comet-3e46b19483f2/.config/nvim/init.lua
ADDED alpine/archive/themes/the-falconer-s-comet-3e46b19483f2/.config/qt6ct/colors/gruvbox-dark.conf
ADDED alpine/archive/themes/the-falconer-s-comet-3e46b19483f2/.config/qt6ct/qt6ct.conf
ADDED alpine/archive/themes/the-falconer-s-comet-3e46b19483f2/.config/starship.toml
ADDED alpine/archive/themes/the-falconer-s-comet-3e46b19483f2/.config/sway/theme.conf
ADDED alpine/archive/themes/the-falconer-s-comet-3e46b19483f2/.config/swayfx/effects.conf
ADDED alpine/archive/themes/the-falconer-s-comet-3e46b19483f2/.config/swaync/style.css
ADDED alpine/archive/themes/the-falconer-s-comet-3e46b19483f2/.config/waybar/config.jsonc
ADDED alpine/archive/themes/the-falconer-s-comet-3e46b19483f2/.config/waybar/style.css
ADDED alpine/archive/themes/the-falconer-s-comet-3e46b19483f2/.config/waybar/waybar-state.css
ADDED alpine/archive/themes/the-falconer-s-comet-3e46b19483f2/.tmux.conf
ADDED alpine/archive/themes/the-falconer-s-comet-3e46b19483f2/.zshrc
ADDED alpine/archive/themes/the-ivory-joust-b5e55e707df7/.config/btop/btop.conf
ADDED alpine/archive/themes/the-ivory-joust-b5e55e707df7/.config/btop/themes/gruvbox-dark.theme
ADDED alpine/archive/themes/the-ivory-joust-b5e55e707df7/.config/btop/themes/spaceghost.theme
ADDED alpine/archive/themes/the-ivory-joust-b5e55e707df7/.config/cava/config
ADDED alpine/archive/themes/the-ivory-joust-b5e55e707df7/.config/conky/panels.json
ADDED alpine/archive/themes/the-ivory-joust-b5e55e707df7/.config/foot/foot.ini
ADDED alpine/archive/themes/the-ivory-joust-b5e55e707df7/.config/fuzzel/fuzzel.ini
ADDED alpine/archive/themes/the-ivory-joust-b5e55e707df7/.config/ghostty/config
ADDED alpine/archive/themes/the-ivory-joust-b5e55e707df7/.config/gtk-3.0/gtk.css
ADDED alpine/archive/themes/the-ivory-joust-b5e55e707df7/.config/gtk-3.0/settings.ini
ADDED alpine/archive/themes/the-ivory-joust-b5e55e707df7/.config/gtk-4.0/gtk.css
ADDED alpine/archive/themes/the-ivory-joust-b5e55e707df7/.config/gtk-4.0/settings.ini
ADDED alpine/archive/themes/the-ivory-joust-b5e55e707df7/.config/nvim/colors/gruvbox-dark.lua
ADDED alpine/archive/themes/the-ivory-joust-b5e55e707df7/.config/nvim/init.lua
ADDED alpine/archive/themes/the-ivory-joust-b5e55e707df7/.config/qt6ct/colors/gruvbox-dark.conf
ADDED alpine/archive/themes/the-ivory-joust-b5e55e707df7/.config/qt6ct/qt6ct.conf
ADDED alpine/archive/themes/the-ivory-joust-b5e55e707df7/.config/starship.toml
ADDED alpine/archive/themes/the-ivory-joust-b5e55e707df7/.config/sway/theme.conf
ADDED alpine/archive/themes/the-ivory-joust-b5e55e707df7/.config/swayfx/effects.conf
ADDED alpine/archive/themes/the-ivory-joust-b5e55e707df7/.config/swaync/style.css
ADDED alpine/archive/themes/the-ivory-joust-b5e55e707df7/.config/waybar/config.jsonc
ADDED alpine/archive/themes/the-ivory-joust-b5e55e707df7/.config/waybar/style.css
ADDED alpine/archive/themes/the-ivory-joust-b5e55e707df7/.config/waybar/waybar-state.css
ADDED alpine/archive/themes/the-ivory-joust-b5e55e707df7/.tmux.conf
ADDED alpine/archive/themes/the-ivory-joust-b5e55e707df7/.zshrc
ADDED alpine/archive/themes/the-lanterns-of-acre-5d2e5b9dcc98/.config/btop/btop.conf
ADDED alpine/archive/themes/the-lanterns-of-acre-5d2e5b9dcc98/.config/btop/themes/gruvbox-dark.theme
ADDED alpine/archive/themes/the-lanterns-of-acre-5d2e5b9dcc98/.config/btop/themes/spaceghost.theme
ADDED alpine/archive/themes/the-lanterns-of-acre-5d2e5b9dcc98/.config/cava/config
ADDED alpine/archive/themes/the-lanterns-of-acre-5d2e5b9dcc98/.config/conky/panels.json
ADDED alpine/archive/themes/the-lanterns-of-acre-5d2e5b9dcc98/.config/foot/foot.ini
ADDED alpine/archive/themes/the-lanterns-of-acre-5d2e5b9dcc98/.config/fuzzel/fuzzel.ini
ADDED alpine/archive/themes/the-lanterns-of-acre-5d2e5b9dcc98/.config/ghostty/config
ADDED alpine/archive/themes/the-lanterns-of-acre-5d2e5b9dcc98/.config/gtk-3.0/gtk.css
ADDED alpine/archive/themes/the-lanterns-of-acre-5d2e5b9dcc98/.config/gtk-3.0/settings.ini
ADDED alpine/archive/themes/the-lanterns-of-acre-5d2e5b9dcc98/.config/gtk-4.0/gtk.css
ADDED alpine/archive/themes/the-lanterns-of-acre-5d2e5b9dcc98/.config/gtk-4.0/settings.ini
ADDED alpine/archive/themes/the-lanterns-of-acre-5d2e5b9dcc98/.config/nvim/colors/gruvbox-dark.lua
ADDED alpine/archive/themes/the-lanterns-of-acre-5d2e5b9dcc98/.config/nvim/init.lua
ADDED alpine/archive/themes/the-lanterns-of-acre-5d2e5b9dcc98/.config/qt6ct/colors/gruvbox-dark.conf
ADDED alpine/archive/themes/the-lanterns-of-acre-5d2e5b9dcc98/.config/qt6ct/qt6ct.conf
ADDED alpine/archive/themes/the-lanterns-of-acre-5d2e5b9dcc98/.config/starship.toml
ADDED alpine/archive/themes/the-lanterns-of-acre-5d2e5b9dcc98/.config/sway/theme.conf
ADDED alpine/archive/themes/the-lanterns-of-acre-5d2e5b9dcc98/.config/swayfx/effects.conf
ADDED alpine/archive/themes/the-lanterns-of-acre-5d2e5b9dcc98/.config/swaync/style.css
ADDED alpine/archive/themes/the-lanterns-of-acre-5d2e5b9dcc98/.config/waybar/config.jsonc
ADDED alpine/archive/themes/the-lanterns-of-acre-5d2e5b9dcc98/.config/waybar/style.css
ADDED alpine/archive/themes/the-lanterns-of-acre-5d2e5b9dcc98/.config/waybar/waybar-state.css
ADDED alpine/archive/themes/the-lanterns-of-acre-5d2e5b9dcc98/.tmux.conf
ADDED alpine/archive/themes/the-lanterns-of-acre-5d2e5b9dcc98/.zshrc
ADDED alpine/archive/themes/the-luminous-sounding-f6a096b4e759/.config/btop/btop.conf
ADDED alpine/archive/themes/the-luminous-sounding-f6a096b4e759/.config/btop/themes/gruvbox-dark.theme
ADDED alpine/archive/themes/the-luminous-sounding-f6a096b4e759/.config/btop/themes/spaceghost.theme
ADDED alpine/archive/themes/the-luminous-sounding-f6a096b4e759/.config/cava/config
ADDED alpine/archive/themes/the-luminous-sounding-f6a096b4e759/.config/conky/panels.json
ADDED alpine/archive/themes/the-luminous-sounding-f6a096b4e759/.config/foot/foot.ini
ADDED alpine/archive/themes/the-luminous-sounding-f6a096b4e759/.config/fuzzel/fuzzel.ini
ADDED alpine/archive/themes/the-luminous-sounding-f6a096b4e759/.config/ghostty/config
ADDED alpine/archive/themes/the-luminous-sounding-f6a096b4e759/.config/gtk-3.0/gtk.css
ADDED alpine/archive/themes/the-luminous-sounding-f6a096b4e759/.config/gtk-3.0/settings.ini
ADDED alpine/archive/themes/the-luminous-sounding-f6a096b4e759/.config/gtk-4.0/gtk.css
ADDED alpine/archive/themes/the-luminous-sounding-f6a096b4e759/.config/gtk-4.0/settings.ini
ADDED alpine/archive/themes/the-luminous-sounding-f6a096b4e759/.config/nvim/colors/gruvbox-dark.lua
ADDED alpine/archive/themes/the-luminous-sounding-f6a096b4e759/.config/nvim/init.lua
ADDED alpine/archive/themes/the-luminous-sounding-f6a096b4e759/.config/qt6ct/colors/gruvbox-dark.conf
ADDED alpine/archive/themes/the-luminous-sounding-f6a096b4e759/.config/qt6ct/qt6ct.conf
ADDED alpine/archive/themes/the-luminous-sounding-f6a096b4e759/.config/starship.toml
ADDED alpine/archive/themes/the-luminous-sounding-f6a096b4e759/.config/sway/theme.conf
ADDED alpine/archive/themes/the-luminous-sounding-f6a096b4e759/.config/swayfx/effects.conf
ADDED alpine/archive/themes/the-luminous-sounding-f6a096b4e759/.config/swaync/style.css
ADDED alpine/archive/themes/the-luminous-sounding-f6a096b4e759/.config/waybar/config.jsonc
ADDED alpine/archive/themes/the-luminous-sounding-f6a096b4e759/.config/waybar/style.css
ADDED alpine/archive/themes/the-luminous-sounding-f6a096b4e759/.config/waybar/waybar-state.css
ADDED alpine/archive/themes/the-luminous-sounding-f6a096b4e759/.tmux.conf
ADDED alpine/archive/themes/the-luminous-sounding-f6a096b4e759/.zshrc
ADDED alpine/archive/themes/the-minted-eclipse-48db56180baf/.config/btop/btop.conf
ADDED alpine/archive/themes/the-minted-eclipse-48db56180baf/.config/btop/themes/gruvbox-dark.theme
ADDED alpine/archive/themes/the-minted-eclipse-48db56180baf/.config/btop/themes/spaceghost.theme
ADDED alpine/archive/themes/the-minted-eclipse-48db56180baf/.config/cava/config
ADDED alpine/archive/themes/the-minted-eclipse-48db56180baf/.config/conky/panels.json
ADDED alpine/archive/themes/the-minted-eclipse-48db56180baf/.config/foot/foot.ini
ADDED alpine/archive/themes/the-minted-eclipse-48db56180baf/.config/fuzzel/fuzzel.ini
ADDED alpine/archive/themes/the-minted-eclipse-48db56180baf/.config/ghostty/config
ADDED alpine/archive/themes/the-minted-eclipse-48db56180baf/.config/gtk-3.0/gtk.css
ADDED alpine/archive/themes/the-minted-eclipse-48db56180baf/.config/gtk-3.0/settings.ini
ADDED alpine/archive/themes/the-minted-eclipse-48db56180baf/.config/gtk-4.0/gtk.css
ADDED alpine/archive/themes/the-minted-eclipse-48db56180baf/.config/gtk-4.0/settings.ini
ADDED alpine/archive/themes/the-minted-eclipse-48db56180baf/.config/nvim/colors/gruvbox-dark.lua
ADDED alpine/archive/themes/the-minted-eclipse-48db56180baf/.config/nvim/init.lua
ADDED alpine/archive/themes/the-minted-eclipse-48db56180baf/.config/qt6ct/colors/gruvbox-dark.conf
ADDED alpine/archive/themes/the-minted-eclipse-48db56180baf/.config/qt6ct/qt6ct.conf
ADDED alpine/archive/themes/the-minted-eclipse-48db56180baf/.config/starship.toml
ADDED alpine/archive/themes/the-minted-eclipse-48db56180baf/.config/sway/theme.conf
ADDED alpine/archive/themes/the-minted-eclipse-48db56180baf/.config/swayfx/effects.conf
ADDED alpine/archive/themes/the-minted-eclipse-48db56180baf/.config/swaync/style.css
ADDED alpine/archive/themes/the-minted-eclipse-48db56180baf/.config/waybar/config.jsonc
ADDED alpine/archive/themes/the-minted-eclipse-48db56180baf/.config/waybar/style.css
ADDED alpine/archive/themes/the-minted-eclipse-48db56180baf/.config/waybar/waybar-state.css
ADDED alpine/archive/themes/the-minted-eclipse-48db56180baf/.tmux.conf
ADDED alpine/archive/themes/the-minted-eclipse-48db56180baf/.zshrc
ADDED alpine/archive/themes/the-saffron-undertow-8cc254254d8a/.config/btop/btop.conf
ADDED alpine/archive/themes/the-saffron-undertow-8cc254254d8a/.config/btop/themes/gruvbox-dark.theme
ADDED alpine/archive/themes/the-saffron-undertow-8cc254254d8a/.config/btop/themes/spaceghost.theme
ADDED alpine/archive/themes/the-saffron-undertow-8cc254254d8a/.config/cava/config
ADDED alpine/archive/themes/the-saffron-undertow-8cc254254d8a/.config/conky/panels.json
ADDED alpine/archive/themes/the-saffron-undertow-8cc254254d8a/.config/foot/foot.ini
ADDED alpine/archive/themes/the-saffron-undertow-8cc254254d8a/.config/fuzzel/fuzzel.ini
ADDED alpine/archive/themes/the-saffron-undertow-8cc254254d8a/.config/ghostty/config
ADDED alpine/archive/themes/the-saffron-undertow-8cc254254d8a/.config/gtk-3.0/gtk.css
ADDED alpine/archive/themes/the-saffron-undertow-8cc254254d8a/.config/gtk-3.0/settings.ini
ADDED alpine/archive/themes/the-saffron-undertow-8cc254254d8a/.config/gtk-4.0/gtk.css
ADDED alpine/archive/themes/the-saffron-undertow-8cc254254d8a/.config/gtk-4.0/settings.ini
ADDED alpine/archive/themes/the-saffron-undertow-8cc254254d8a/.config/nvim/colors/gruvbox-dark.lua
ADDED alpine/archive/themes/the-saffron-undertow-8cc254254d8a/.config/nvim/init.lua
ADDED alpine/archive/themes/the-saffron-undertow-8cc254254d8a/.config/qt6ct/colors/gruvbox-dark.conf
ADDED alpine/archive/themes/the-saffron-undertow-8cc254254d8a/.config/qt6ct/qt6ct.conf
ADDED alpine/archive/themes/the-saffron-undertow-8cc254254d8a/.config/starship.toml
ADDED alpine/archive/themes/the-saffron-undertow-8cc254254d8a/.config/sway/theme.conf
ADDED alpine/archive/themes/the-saffron-undertow-8cc254254d8a/.config/swayfx/effects.conf
ADDED alpine/archive/themes/the-saffron-undertow-8cc254254d8a/.config/swaync/style.css
ADDED alpine/archive/themes/the-saffron-undertow-8cc254254d8a/.config/waybar/config.jsonc
ADDED alpine/archive/themes/the-saffron-undertow-8cc254254d8a/.config/waybar/style.css
ADDED alpine/archive/themes/the-saffron-undertow-8cc254254d8a/.config/waybar/waybar-state.css
ADDED alpine/archive/themes/the-saffron-undertow-8cc254254d8a/.tmux.conf
ADDED alpine/archive/themes/the-saffron-undertow-8cc254254d8a/.zshrc
ADDED alpine/archive/themes/the-watch-at-dusk-04211d0d1b2b/.config/btop/btop.conf
ADDED alpine/archive/themes/the-watch-at-dusk-04211d0d1b2b/.config/btop/themes/gruvbox-dark.theme
ADDED alpine/archive/themes/the-watch-at-dusk-04211d0d1b2b/.config/btop/themes/spaceghost.theme
ADDED alpine/archive/themes/the-watch-at-dusk-04211d0d1b2b/.config/cava/config
ADDED alpine/archive/themes/the-watch-at-dusk-04211d0d1b2b/.config/conky/panels.json
ADDED alpine/archive/themes/the-watch-at-dusk-04211d0d1b2b/.config/foot/foot.ini
ADDED alpine/archive/themes/the-watch-at-dusk-04211d0d1b2b/.config/fuzzel/fuzzel.ini
ADDED alpine/archive/themes/the-watch-at-dusk-04211d0d1b2b/.config/ghostty/config
ADDED alpine/archive/themes/the-watch-at-dusk-04211d0d1b2b/.config/gtk-3.0/gtk.css
ADDED alpine/archive/themes/the-watch-at-dusk-04211d0d1b2b/.config/gtk-3.0/settings.ini
ADDED alpine/archive/themes/the-watch-at-dusk-04211d0d1b2b/.config/gtk-4.0/gtk.css
ADDED alpine/archive/themes/the-watch-at-dusk-04211d0d1b2b/.config/gtk-4.0/settings.ini
ADDED alpine/archive/themes/the-watch-at-dusk-04211d0d1b2b/.config/nvim/colors/gruvbox-dark.lua
ADDED alpine/archive/themes/the-watch-at-dusk-04211d0d1b2b/.config/nvim/init.lua
ADDED alpine/archive/themes/the-watch-at-dusk-04211d0d1b2b/.config/qt6ct/colors/gruvbox-dark.conf
ADDED alpine/archive/themes/the-watch-at-dusk-04211d0d1b2b/.config/qt6ct/qt6ct.conf
ADDED alpine/archive/themes/the-watch-at-dusk-04211d0d1b2b/.config/starship.toml
ADDED alpine/archive/themes/the-watch-at-dusk-04211d0d1b2b/.config/sway/theme.conf
ADDED alpine/archive/themes/the-watch-at-dusk-04211d0d1b2b/.config/swayfx/effects.conf
ADDED alpine/archive/themes/the-watch-at-dusk-04211d0d1b2b/.config/swaync/style.css
ADDED alpine/archive/themes/the-watch-at-dusk-04211d0d1b2b/.config/waybar/config.jsonc
ADDED alpine/archive/themes/the-watch-at-dusk-04211d0d1b2b/.config/waybar/style.css
ADDED alpine/archive/themes/the-watch-at-dusk-04211d0d1b2b/.config/waybar/waybar-state.css
ADDED alpine/archive/themes/the-watch-at-dusk-04211d0d1b2b/.tmux.conf
ADDED alpine/archive/themes/the-watch-at-dusk-04211d0d1b2b/.zshrc
ADDED alpine/archive/themes/tidepool-astronautics-4c7a6f4c0829/.config/btop/btop.conf
ADDED alpine/archive/themes/tidepool-astronautics-4c7a6f4c0829/.config/btop/themes/gruvbox-dark.theme
ADDED alpine/archive/themes/tidepool-astronautics-4c7a6f4c0829/.config/btop/themes/spaceghost.theme
ADDED alpine/archive/themes/tidepool-astronautics-4c7a6f4c0829/.config/cava/config
ADDED alpine/archive/themes/tidepool-astronautics-4c7a6f4c0829/.config/conky/panels.json
ADDED alpine/archive/themes/tidepool-astronautics-4c7a6f4c0829/.config/foot/foot.ini
ADDED alpine/archive/themes/tidepool-astronautics-4c7a6f4c0829/.config/fuzzel/fuzzel.ini
ADDED alpine/archive/themes/tidepool-astronautics-4c7a6f4c0829/.config/ghostty/config
ADDED alpine/archive/themes/tidepool-astronautics-4c7a6f4c0829/.config/gtk-3.0/gtk.css
ADDED alpine/archive/themes/tidepool-astronautics-4c7a6f4c0829/.config/gtk-3.0/settings.ini
ADDED alpine/archive/themes/tidepool-astronautics-4c7a6f4c0829/.config/gtk-4.0/gtk.css
ADDED alpine/archive/themes/tidepool-astronautics-4c7a6f4c0829/.config/gtk-4.0/settings.ini
ADDED alpine/archive/themes/tidepool-astronautics-4c7a6f4c0829/.config/nvim/colors/gruvbox-dark.lua
ADDED alpine/archive/themes/tidepool-astronautics-4c7a6f4c0829/.config/nvim/init.lua
ADDED alpine/archive/themes/tidepool-astronautics-4c7a6f4c0829/.config/qt6ct/colors/gruvbox-dark.conf
ADDED alpine/archive/themes/tidepool-astronautics-4c7a6f4c0829/.config/qt6ct/qt6ct.conf
ADDED alpine/archive/themes/tidepool-astronautics-4c7a6f4c0829/.config/starship.toml
ADDED alpine/archive/themes/tidepool-astronautics-4c7a6f4c0829/.config/sway/theme.conf
ADDED alpine/archive/themes/tidepool-astronautics-4c7a6f4c0829/.config/swayfx/effects.conf
ADDED alpine/archive/themes/tidepool-astronautics-4c7a6f4c0829/.config/swaync/style.css
ADDED alpine/archive/themes/tidepool-astronautics-4c7a6f4c0829/.config/waybar/config.jsonc
ADDED alpine/archive/themes/tidepool-astronautics-4c7a6f4c0829/.config/waybar/style.css
ADDED alpine/archive/themes/tidepool-astronautics-4c7a6f4c0829/.config/waybar/waybar-state.css
ADDED alpine/archive/themes/tidepool-astronautics-4c7a6f4c0829/.tmux.conf
ADDED alpine/archive/themes/tidepool-astronautics-4c7a6f4c0829/.zshrc
ADDED alpine/archive/themes/vespersteel-archive-968881e8a08a/.config/btop/btop.conf
ADDED alpine/archive/themes/vespersteel-archive-968881e8a08a/.config/btop/themes/gruvbox-dark.theme
ADDED alpine/archive/themes/vespersteel-archive-968881e8a08a/.config/btop/themes/spaceghost.theme
ADDED alpine/archive/themes/vespersteel-archive-968881e8a08a/.config/cava/config
ADDED alpine/archive/themes/vespersteel-archive-968881e8a08a/.config/conky/panels.json
ADDED alpine/archive/themes/vespersteel-archive-968881e8a08a/.config/foot/foot.ini
ADDED alpine/archive/themes/vespersteel-archive-968881e8a08a/.config/fuzzel/fuzzel.ini
ADDED alpine/archive/themes/vespersteel-archive-968881e8a08a/.config/ghostty/config
ADDED alpine/archive/themes/vespersteel-archive-968881e8a08a/.config/gtk-3.0/gtk.css
ADDED alpine/archive/themes/vespersteel-archive-968881e8a08a/.config/gtk-3.0/settings.ini
ADDED alpine/archive/themes/vespersteel-archive-968881e8a08a/.config/gtk-4.0/gtk.css
ADDED alpine/archive/themes/vespersteel-archive-968881e8a08a/.config/gtk-4.0/settings.ini
ADDED alpine/archive/themes/vespersteel-archive-968881e8a08a/.config/nvim/colors/gruvbox-dark.lua
ADDED alpine/archive/themes/vespersteel-archive-968881e8a08a/.config/nvim/init.lua
ADDED alpine/archive/themes/vespersteel-archive-968881e8a08a/.config/qt6ct/colors/gruvbox-dark.conf
ADDED alpine/archive/themes/vespersteel-archive-968881e8a08a/.config/qt6ct/qt6ct.conf
ADDED alpine/archive/themes/vespersteel-archive-968881e8a08a/.config/starship.toml
ADDED alpine/archive/themes/vespersteel-archive-968881e8a08a/.config/sway/theme.conf
ADDED alpine/archive/themes/vespersteel-archive-968881e8a08a/.config/swayfx/effects.conf
ADDED alpine/archive/themes/vespersteel-archive-968881e8a08a/.config/swaync/style.css
ADDED alpine/archive/themes/vespersteel-archive-968881e8a08a/.config/waybar/config.jsonc
ADDED alpine/archive/themes/vespersteel-archive-968881e8a08a/.config/waybar/style.css
ADDED alpine/archive/themes/vespersteel-archive-968881e8a08a/.config/waybar/waybar-state.css
ADDED alpine/archive/themes/vespersteel-archive-968881e8a08a/.tmux.conf
ADDED alpine/archive/themes/vespersteel-archive-968881e8a08a/.zshrc
ADDED alpine/archive/themes/waxen-meridian-373c11cb12f0.json
ADDED alpine/archive/themes/waxen-meridian-373c11cb12f0/.config/btop/btop.conf
ADDED alpine/archive/themes/waxen-meridian-373c11cb12f0/.config/btop/themes/gruvbox-dark.theme
ADDED alpine/archive/themes/waxen-meridian-373c11cb12f0/.config/btop/themes/spaceghost.theme
ADDED alpine/archive/themes/waxen-meridian-373c11cb12f0/.config/cava/config
ADDED alpine/archive/themes/waxen-meridian-373c11cb12f0/.config/conky/panels.json
ADDED alpine/archive/themes/waxen-meridian-373c11cb12f0/.config/foot/foot.ini
ADDED alpine/archive/themes/waxen-meridian-373c11cb12f0/.config/fuzzel/fuzzel.ini
ADDED alpine/archive/themes/waxen-meridian-373c11cb12f0/.config/ghostty/config
ADDED alpine/archive/themes/waxen-meridian-373c11cb12f0/.config/gtk-3.0/gtk.css
ADDED alpine/archive/themes/waxen-meridian-373c11cb12f0/.config/gtk-3.0/settings.ini
ADDED alpine/archive/themes/waxen-meridian-373c11cb12f0/.config/gtk-4.0/gtk.css
ADDED alpine/archive/themes/waxen-meridian-373c11cb12f0/.config/gtk-4.0/settings.ini
ADDED alpine/archive/themes/waxen-meridian-373c11cb12f0/.config/nvim/colors/gruvbox-dark.lua
ADDED alpine/archive/themes/waxen-meridian-373c11cb12f0/.config/nvim/init.lua
ADDED alpine/archive/themes/waxen-meridian-373c11cb12f0/.config/qt6ct/colors/gruvbox-dark.conf
ADDED alpine/archive/themes/waxen-meridian-373c11cb12f0/.config/qt6ct/qt6ct.conf
ADDED alpine/archive/themes/waxen-meridian-373c11cb12f0/.config/starship.toml
ADDED alpine/archive/themes/waxen-meridian-373c11cb12f0/.config/sway/theme.conf
ADDED alpine/archive/themes/waxen-meridian-373c11cb12f0/.config/swayfx/effects.conf
ADDED alpine/archive/themes/waxen-meridian-373c11cb12f0/.config/swaync/style.css
ADDED alpine/archive/themes/waxen-meridian-373c11cb12f0/.config/waybar/config.jsonc
ADDED alpine/archive/themes/waxen-meridian-373c11cb12f0/.config/waybar/style.css
ADDED alpine/archive/themes/waxen-meridian-373c11cb12f0/.config/waybar/waybar-state.css
ADDED alpine/archive/themes/waxen-meridian-373c11cb12f0/.tmux.conf
ADDED alpine/archive/themes/waxen-meridian-373c11cb12f0/.zshrc
 "fossil undo" is available to undo changes to the working checkout.
