test_appearance_combines_foot_font_with_validated_active_palette (test_decoration.DecorationTests.test_appearance_combines_foot_font_with_validated_active_palette) ... ok
test_captions_follow_each_outputs_selected_workspace (test_decoration.DecorationTests.test_captions_follow_each_outputs_selected_workspace) ... ok
test_decoration_settings_validate_ranges_and_types (test_decoration.DecorationTests.test_decoration_settings_validate_ranges_and_types) ... ok
test_focus_path_includes_floating_windows_and_nested_splits (test_decoration.DecorationTests.test_focus_path_includes_floating_windows_and_nested_splits) ... ok
test_fullscreen_square_caption_excludes_floating_windows (test_decoration.DecorationTests.test_fullscreen_square_caption_excludes_floating_windows) ... ok
test_fullscreen_square_caption_uses_visible_output_and_root_state (test_decoration.DecorationTests.test_fullscreen_square_caption_uses_visible_output_and_root_state) ... ok
test_geometry_update_reaches_main_loop_before_continuous_redrawing (test_decoration.DecorationTests.test_geometry_update_reaches_main_loop_before_continuous_redrawing) ... /usr/lib/python3.14/site-packages/gi/events.py:803: DeprecationWarning: 'asyncio.AbstractEventLoopPolicy' is deprecated and slated for removal in Python 3.16
  AbstractEventLoopPolicy = getattr(asyncio, "AbstractEventLoopPolicy", object)
/usr/lib/python3.14/site-packages/gi/events.py:890: DeprecationWarning: 'asyncio.get_event_loop_policy' is deprecated and slated for removal in Python 3.16
  if not isinstance(_get_event_loop_policy(), GLibEventLoopPolicy):
FAIL
test_pointer_actions_use_fixed_argv_without_a_shell (test_decoration.DecorationTests.test_pointer_actions_use_fixed_argv_without_a_shell) ... ok
test_settings_migrate_legacy_position_and_save_through_symlink (test_decoration.DecorationTests.test_settings_migrate_legacy_position_and_save_through_symlink) ... ok
test_vertical_text_uses_horizontal_separators_and_preserves_accents (test_decoration.DecorationTests.test_vertical_text_uses_horizontal_separators_and_preserves_accents) ... ok
test_handoff_keeps_allocated_controls_and_styles_without_mapping_old_geometry (test_decoration_handoff.CaptionHandoffTests.test_handoff_keeps_allocated_controls_and_styles_without_mapping_old_geometry) ... /home/jack/.files/alpine/desktop/.local/bin/oldbook-decoration:108: DeprecationWarning: Gtk.Window.set_opacity is deprecated
  self.window.set_opacity(self.alpha)
/home/jack/.files/alpine/tests/test_decoration_handoff.py:65: DeprecationWarning: Gtk.Window.get_opacity is deprecated
  self.assertEqual(window.get_opacity(), 1)
ok
test_60_and_120_hz_follow_the_same_trajectory (test_decoration_motion.DecorationMotionTests.test_60_and_120_hz_follow_the_same_trajectory) ... ok
test_moving_target_trajectories_remain_consistent_at_60_and_120_hz (test_decoration_motion.DecorationMotionTests.test_moving_target_trajectories_remain_consistent_at_60_and_120_hz) ... ok
test_opacity_uses_a_small_tolerance_and_settles_at_exact_target (test_decoration_motion.DecorationMotionTests.test_opacity_uses_a_small_tolerance_and_settles_at_exact_target) ... ok
test_rectangle_settles_exactly_and_keeps_positive_dimensions (test_decoration_motion.DecorationMotionTests.test_rectangle_settles_exactly_and_keeps_positive_dimensions) ... ok
test_retarget_keeps_motion_bounded_in_both_directions (test_decoration_motion.DecorationMotionTests.test_retarget_keeps_motion_bounded_in_both_directions) ... ok
test_stalled_frame_is_bounded_and_zero_time_preserves_motion (test_decoration_motion.DecorationMotionTests.test_stalled_frame_is_bounded_and_zero_time_preserves_motion) ... ok
test_fullscreen_context_follows_actual_focused_ancestors_not_siblings (test_decoration_placement.DecorationActionContextTests.test_fullscreen_context_follows_actual_focused_ancestors_not_siblings) ... ok
test_fullscreen_floating_view_offers_leave_fullscreen (test_decoration_placement.DecorationActionContextTests.test_fullscreen_floating_view_offers_leave_fullscreen) ... ok
test_normal_floating_view_offers_enter_fullscreen_despite_workspace_marker (test_decoration_placement.DecorationActionContextTests.test_normal_floating_view_offers_enter_fullscreen_despite_workspace_marker) ... ok
test_attached_caption_tracks_move_and_resize_without_mutating_tree (test_decoration_placement.DecorationPlacementTests.test_attached_caption_tracks_move_and_resize_without_mutating_tree) ... ok
test_closed_last_ordinary_window_does_not_leave_stale_caption_target (test_decoration_placement.DecorationPlacementTests.test_closed_last_ordinary_window_does_not_leave_stale_caption_target) ... ok
test_console_only_fullscreen_wrapper_keeps_ordinary_fullscreen_siblings (test_decoration_placement.DecorationPlacementTests.test_console_only_fullscreen_wrapper_keeps_ordinary_fullscreen_siblings) ... ok
test_dropdown_focus_history_skips_nested_console_and_resumes_on_leaving (test_decoration_placement.DecorationPlacementTests.test_dropdown_focus_history_skips_nested_console_and_resumes_on_leaving) ... ok
test_dropdown_focus_keeps_last_ordinary_window_context_and_geometry (test_decoration_placement.DecorationPlacementTests.test_dropdown_focus_keeps_last_ordinary_window_context_and_geometry) ... ok
test_empty_workspace_retains_configured_edge (test_decoration_placement.DecorationPlacementTests.test_empty_workspace_retains_configured_edge) ... ok
test_floating_fullscreen_keeps_rounding_at_forced_bottom (test_decoration_placement.DecorationPlacementTests.test_floating_fullscreen_keeps_rounding_at_forced_bottom) ... ok
test_focused_floating_caption_uses_window_geometry (test_decoration_placement.DecorationPlacementTests.test_focused_floating_caption_uses_window_geometry) ... ok
test_fullscreen_console_does_not_override_retained_floating_caption (test_decoration_placement.DecorationPlacementTests.test_fullscreen_console_does_not_override_retained_floating_caption) ... ok
test_fullscreen_sibling_overrides_floating_focus_and_right_preference (test_decoration_placement.DecorationPlacementTests.test_fullscreen_sibling_overrides_floating_focus_and_right_preference) ... ok
test_global_floating_fullscreen_keeps_rounding_on_all_outputs (test_decoration_placement.DecorationPlacementTests.test_global_floating_fullscreen_keeps_rounding_on_all_outputs) ... ok
test_global_fullscreen_anywhere_forces_all_outputs_to_bottom (test_decoration_placement.DecorationPlacementTests.test_global_fullscreen_anywhere_forces_all_outputs_to_bottom) ... ok
test_hidden_workspace_fullscreen_does_not_displace_visible_floating_caption (test_decoration_placement.DecorationPlacementTests.test_hidden_workspace_fullscreen_does_not_displace_visible_floating_caption) ... ok
test_internal_outputs_and_outputs_without_workspace_have_no_caption (test_decoration_placement.DecorationPlacementTests.test_internal_outputs_and_outputs_without_workspace_have_no_caption) ... ok
test_leaving_fullscreen_restores_floating_attachment_and_right_preference (test_decoration_placement.DecorationPlacementTests.test_leaving_fullscreen_restores_floating_attachment_and_right_preference) ... ok
test_nested_floating_container_attaches_to_focused_view (test_decoration_placement.DecorationPlacementTests.test_nested_floating_container_attaches_to_focused_view) ... ok
test_non_container_fullscreen_markers_do_not_override_window_state (test_decoration_placement.DecorationPlacementTests.test_non_container_fullscreen_markers_do_not_override_window_state) ... ok
test_similarly_named_terminals_remain_caption_targets (test_decoration_placement.DecorationPlacementTests.test_similarly_named_terminals_remain_caption_targets) ... ok
test_sway_workspace_fullscreen_marker_does_not_block_floating_attachment (test_decoration_placement.DecorationPlacementTests.test_sway_workspace_fullscreen_marker_does_not_block_floating_attachment) ... ok
test_sway_workspace_fullscreen_marker_keeps_tiled_preferred_edge (test_decoration_placement.DecorationPlacementTests.test_sway_workspace_fullscreen_marker_keeps_tiled_preferred_edge) ... ok
test_tiled_focus_keeps_workspace_strip_despite_other_floating_window (test_decoration_placement.DecorationPlacementTests.test_tiled_focus_keeps_workspace_strip_despite_other_floating_window) ... ok
test_workspace_fullscreen_does_not_change_other_output (test_decoration_placement.DecorationPlacementTests.test_workspace_fullscreen_does_not_change_other_output) ... ok
test_attaching_wakes_idle_poll_and_detaching_stops_fast_poll (test_decoration_watch.DecorationWatchTests.test_attaching_wakes_idle_poll_and_detaching_stops_fast_poll) ... ok
test_carousel_pauses_geometry_polling_and_refreshes_on_mode_exit (test_decoration_watch.DecorationWatchTests.test_carousel_pauses_geometry_polling_and_refreshes_on_mode_exit) ... ok
test_close_interrupts_blocked_tree_read_and_does_not_restart (test_decoration_watch.DecorationWatchTests.test_close_interrupts_blocked_tree_read_and_does_not_restart) ... ok
test_disconnect_reconnects_and_shutdown_closes_both_connections (test_decoration_watch.DecorationWatchTests.test_disconnect_reconnects_and_shutdown_closes_both_connections) ... ok
test_oversized_frame_is_rejected_without_reading_its_body (test_decoration_watch.DecorationWatchTests.test_oversized_frame_is_rejected_without_reading_its_body) ... ok
test_partial_frames_reuse_connection_and_suppress_unchanged_trees (test_decoration_watch.DecorationWatchTests.test_partial_frames_reuse_connection_and_suppress_unchanged_trees) ... ok
test_request_processing_does_not_add_another_poll_interval_while_moving (test_decoration_watch.DecorationWatchTests.test_request_processing_does_not_add_another_poll_interval_while_moving) ... FAIL
test_semantic_event_refreshes_before_long_idle_poll (test_decoration_watch.DecorationWatchTests.test_semantic_event_refreshes_before_long_idle_poll) ... ok
test_stationary_attached_caption_releases_half_the_poll_budget (test_decoration_watch.DecorationWatchTests.test_stationary_attached_caption_releases_half_the_poll_budget) ... ok
test_title_changes_do_not_keep_the_motion_poll_budget_running (test_decoration_watch.DecorationWatchTests.test_title_changes_do_not_keep_the_motion_poll_budget_running) ... ok

======================================================================
FAIL: test_geometry_update_reaches_main_loop_before_continuous_redrawing (test_decoration.DecorationTests.test_geometry_update_reaches_main_loop_before_continuous_redrawing)
----------------------------------------------------------------------
Traceback (most recent call last):
  File "/home/jack/.files/alpine/tests/test_decoration.py", line 102, in test_geometry_update_reaches_main_loop_before_continuous_redrawing
    self.assertEqual(events, ['geometry'],
    ~~~~~~~~~~~~~~~~^^^^^^^^^^^^^^^^^^^^^^
                     'redrawing delayed the pending caption geometry')
                     ^^^^^^^^^^^^^^^^^^^^^^^^^^^^^^^^^^^^^^^^^^^^^^^^^
AssertionError: Lists differ: [] != ['geometry']

Second list contains 1 additional elements.
First extra element 0:
'geometry'

- []
+ ['geometry'] : redrawing delayed the pending caption geometry

======================================================================
FAIL: test_request_processing_does_not_add_another_poll_interval_while_moving (test_decoration_watch.DecorationWatchTests.test_request_processing_does_not_add_another_poll_interval_while_moving)
----------------------------------------------------------------------
Traceback (most recent call last):
  File "/home/jack/.files/alpine/tests/test_decoration_watch.py", line 260, in test_request_processing_does_not_add_another_poll_interval_while_moving
    self.assertLessEqual(mean_interval, 1 / 60)
    ~~~~~~~~~~~~~~~~~~~~^^^^^^^^^^^^^^^^^^^^^^^
AssertionError: 0.019874457599992942 not less than or equal to 0.016666666666666666

----------------------------------------------------------------------
Ran 52 tests in 14.072s

FAILED (failures=2)
