test_capture_failure_has_no_foreground_screenshot_fallback (test_carousel.CarouselTests.test_capture_failure_has_no_foreground_screenshot_fallback) ... ok
test_capture_uses_native_scale_without_a_thumbnail_override (test_carousel.CarouselTests.test_capture_uses_native_scale_without_a_thumbnail_override) ... FAIL
test_closed_gesture_discards_late_capture (test_carousel.CarouselTests.test_closed_gesture_discards_late_capture) ... ok
test_commit_dismisses_before_focus_and_records_selected_window (test_carousel.CarouselTests.test_commit_dismisses_before_focus_and_records_selected_window) ... ok
test_completed_rgb_payload_is_released_without_live_recapture (test_carousel.CarouselTests.test_completed_rgb_payload_is_released_without_live_recapture) ... FAIL
test_each_identity_captured_once_and_reuse_is_distinct (test_carousel.CarouselTests.test_each_identity_captured_once_and_reuse_is_distinct) ... ok
test_failed_preview_does_not_retry_during_the_same_opening (test_carousel.CarouselTests.test_failed_preview_does_not_retry_during_the_same_opening) ... FAIL
test_ipc_handles_partial_and_coalesced_frames (test_carousel.CarouselTests.test_ipc_handles_partial_and_coalesced_frames) ... ok
test_ipc_rejects_corrupt_or_oversized_frames (test_carousel.CarouselTests.test_ipc_rejects_corrupt_or_oversized_frames) ... ok
test_mode_takeover_prevents_late_modifier_commit (test_carousel.CarouselTests.test_mode_takeover_prevents_late_modifier_commit) ... ok
test_preview_decodes_exact_pixel_bytes (test_carousel.CarouselTests.test_preview_decodes_exact_pixel_bytes) ... ok
test_preview_rejects_truncated_and_excessive_sizes (test_carousel.CarouselTests.test_preview_rejects_truncated_and_excessive_sizes) ... ok
test_retina_preview_keeps_all_native_pixels (test_carousel.CarouselTests.test_retina_preview_keeps_all_native_pixels) ... ERROR
test_runtime_is_scoped_to_compositor (test_carousel.CarouselTests.test_runtime_is_scoped_to_compositor) ... ok

======================================================================
ERROR: test_retina_preview_keeps_all_native_pixels (test_carousel.CarouselTests.test_retina_preview_keeps_all_native_pixels)
----------------------------------------------------------------------
Traceback (most recent call last):
  File "/home/jack/.files/alpine/tests/test_carousel.py", line 51, in test_retina_preview_keeps_all_native_pixels
    result = decode_preview(f'P6\n{width} {height}\n255\n'.encode() + pixels)
  File "/home/jack/.files/alpine/desktop/.local/lib/oldbook/carousel.py", line 56, in decode_preview
    raise ValueError('preview exceeds pixel limit')
ValueError: preview exceeds pixel limit

======================================================================
FAIL: test_capture_uses_native_scale_without_a_thumbnail_override (test_carousel.CarouselTests.test_capture_uses_native_scale_without_a_thumbnail_override)
----------------------------------------------------------------------
Traceback (most recent call last):
  File "/home/jack/.files/alpine/tests/test_carousel.py", line 60, in test_capture_uses_native_scale_without_a_thumbnail_override
    self.assertNotIn('-s', run.call_args.args[0])
    ~~~~~~~~~~~~~~~~^^^^^^^^^^^^^^^^^^^^^^^^^^^^^
AssertionError: '-s' unexpectedly found in ['grim', '-T', 'exact-window', '-s', '0.35', '-t', 'ppm', '-']

======================================================================
FAIL: test_completed_rgb_payload_is_released_without_live_recapture (test_carousel.CarouselTests.test_completed_rgb_payload_is_released_without_live_recapture)
----------------------------------------------------------------------
Traceback (most recent call last):
  File "/home/jack/.files/alpine/tests/test_carousel.py", line 104, in test_completed_rgb_payload_is_released_without_live_recapture
    self.assertEqual(store.pending, {})
    ~~~~~~~~~~~~~~~~^^^^^^^^^^^^^^^^^^^
AssertionError: {(9, 100, 'one'): <Future at 0x7f5691176e90 state=finished returned tuple>} != {}
- {(9, 100, 'one'): <Future at 0x7f5691176e90 state=finished returned tuple>}
+ {}

======================================================================
FAIL: test_failed_preview_does_not_retry_during_the_same_opening (test_carousel.CarouselTests.test_failed_preview_does_not_retry_during_the_same_opening)
----------------------------------------------------------------------
Traceback (most recent call last):
  File "/home/jack/.files/alpine/tests/test_carousel.py", line 121, in test_failed_preview_does_not_retry_during_the_same_opening
    self.assertEqual(store.pending, {})
    ~~~~~~~~~~~~~~~~^^^^^^^^^^^^^^^^^^^
AssertionError: {(9, 100, 'one'): <Future at 0x7f5690f50510 state=finished returned NoneType>} != {}
- {(9, 100, 'one'): <Future at 0x7f5690f50510 state=finished returned NoneType>}
+ {}

----------------------------------------------------------------------
Ran 14 tests in 0.141s

FAILED (failures=3, errors=1)
