test_escape_bindings_have_only_synchronous_mode_handoff (test_carousel_handoff.CarouselHandoffTests.test_escape_bindings_have_only_synchronous_mode_handoff) ... 
  test_escape_bindings_have_only_synchronous_mode_handoff (test_carousel_handoff.CarouselHandoffTests.test_escape_bindings_have_only_synchronous_mode_handoff) (key='Escape') ... FAIL
  test_escape_bindings_have_only_synchronous_mode_handoff (test_carousel_handoff.CarouselHandoffTests.test_escape_bindings_have_only_synchronous_mode_handoff) (key='Mod4+Escape') ... FAIL
  test_escape_bindings_have_only_synchronous_mode_handoff (test_carousel_handoff.CarouselHandoffTests.test_escape_bindings_have_only_synchronous_mode_handoff) (key='Mod1+Escape') ... FAIL
test_real_mode_event_closes_popup_without_a_cancel_command (test_carousel_handoff.CarouselHandoffTests.test_real_mode_event_closes_popup_without_a_cancel_command) ... ok

======================================================================
FAIL: test_escape_bindings_have_only_synchronous_mode_handoff (test_carousel_handoff.CarouselHandoffTests.test_escape_bindings_have_only_synchronous_mode_handoff) (key='Escape')
----------------------------------------------------------------------
Traceback (most recent call last):
  File "/home/jack/.files/alpine/tests/test_carousel_handoff.py", line 23, in test_escape_bindings_have_only_synchronous_mode_handoff
    self.assertEqual(commands[key], 'mode "default"')
    ~~~~~~~~~~~~~~~~^^^^^^^^^^^^^^^^^^^^^^^^^^^^^^^^^
AssertionError: 'exec ~/.local/bin/oldbook-carousel cancel, mode "default"' != 'mode "default"'
- exec ~/.local/bin/oldbook-carousel cancel, mode "default"
+ mode "default"


======================================================================
FAIL: test_escape_bindings_have_only_synchronous_mode_handoff (test_carousel_handoff.CarouselHandoffTests.test_escape_bindings_have_only_synchronous_mode_handoff) (key='Mod4+Escape')
----------------------------------------------------------------------
Traceback (most recent call last):
  File "/home/jack/.files/alpine/tests/test_carousel_handoff.py", line 23, in test_escape_bindings_have_only_synchronous_mode_handoff
    self.assertEqual(commands[key], 'mode "default"')
    ~~~~~~~~~~~~~~~~^^^^^^^^^^^^^^^^^^^^^^^^^^^^^^^^^
AssertionError: 'exec ~/.local/bin/oldbook-carousel cancel, mode "default"' != 'mode "default"'
- exec ~/.local/bin/oldbook-carousel cancel, mode "default"
+ mode "default"


======================================================================
FAIL: test_escape_bindings_have_only_synchronous_mode_handoff (test_carousel_handoff.CarouselHandoffTests.test_escape_bindings_have_only_synchronous_mode_handoff) (key='Mod1+Escape')
----------------------------------------------------------------------
Traceback (most recent call last):
  File "/home/jack/.files/alpine/tests/test_carousel_handoff.py", line 23, in test_escape_bindings_have_only_synchronous_mode_handoff
    self.assertEqual(commands[key], 'mode "default"')
    ~~~~~~~~~~~~~~~~^^^^^^^^^^^^^^^^^^^^^^^^^^^^^^^^^
AssertionError: 'exec ~/.local/bin/oldbook-carousel cancel, mode "default"' != 'mode "default"'
- exec ~/.local/bin/oldbook-carousel cancel, mode "default"
+ mode "default"


----------------------------------------------------------------------
Ran 2 tests in 0.013s

FAILED (failures=3)
