test_capture_failure_has_no_foreground_screenshot_fallback (test_carousel.CarouselTests.test_capture_failure_has_no_foreground_screenshot_fallback) ... ok
test_capture_uses_native_scale_without_a_thumbnail_override (test_carousel.CarouselTests.test_capture_uses_native_scale_without_a_thumbnail_override) ... ok
test_closed_gesture_discards_late_capture (test_carousel.CarouselTests.test_closed_gesture_discards_late_capture) ... ok
test_commit_dismisses_before_focus_and_records_selected_window (test_carousel.CarouselTests.test_commit_dismisses_before_focus_and_records_selected_window) ... ok
test_completed_rgb_payload_is_released_without_live_recapture (test_carousel.CarouselTests.test_completed_rgb_payload_is_released_without_live_recapture) ... ok
test_each_identity_captured_once_and_reuse_is_distinct (test_carousel.CarouselTests.test_each_identity_captured_once_and_reuse_is_distinct) ... ok
test_failed_preview_does_not_retry_during_the_same_opening (test_carousel.CarouselTests.test_failed_preview_does_not_retry_during_the_same_opening) ... ok
test_ipc_handles_partial_and_coalesced_frames (test_carousel.CarouselTests.test_ipc_handles_partial_and_coalesced_frames) ... ok
test_ipc_rejects_corrupt_or_oversized_frames (test_carousel.CarouselTests.test_ipc_rejects_corrupt_or_oversized_frames) ... ok
test_mode_takeover_prevents_late_modifier_commit (test_carousel.CarouselTests.test_mode_takeover_prevents_late_modifier_commit) ... ok
test_preview_decodes_exact_pixel_bytes (test_carousel.CarouselTests.test_preview_decodes_exact_pixel_bytes) ... ok
test_preview_rejects_truncated_and_excessive_sizes (test_carousel.CarouselTests.test_preview_rejects_truncated_and_excessive_sizes) ... ok
test_retina_preview_keeps_all_native_pixels (test_carousel.CarouselTests.test_retina_preview_keeps_all_native_pixels) ... ok
test_runtime_is_scoped_to_compositor (test_carousel.CarouselTests.test_runtime_is_scoped_to_compositor) ... ok
test_actual_modifier_release_still_commits_after_a_held_focus_entry (test_carousel_handoff.CarouselHandoffTests.test_actual_modifier_release_still_commits_after_a_held_focus_entry) ... ok
test_close_discards_pending_keyboard_ready_callback (test_carousel_handoff.CarouselHandoffTests.test_close_discards_pending_keyboard_ready_callback) ... ok
test_empty_modifiers_before_keyboard_enter_never_commit (test_carousel_handoff.CarouselHandoffTests.test_empty_modifiers_before_keyboard_enter_never_commit) ... ok
test_escape_bindings_have_only_synchronous_mode_handoff (test_carousel_handoff.CarouselHandoffTests.test_escape_bindings_have_only_synchronous_mode_handoff) ... ok
test_focus_loss_after_protocol_sync_cancels_pending_initial_check (test_carousel_handoff.CarouselHandoffTests.test_focus_loss_after_protocol_sync_cancels_pending_initial_check) ... ok
test_quick_release_before_keyboard_enter_commits_after_protocol_sync (test_carousel_handoff.CarouselHandoffTests.test_quick_release_before_keyboard_enter_commits_after_protocol_sync) ... ok
test_real_mode_event_closes_popup_without_a_cancel_command (test_carousel_handoff.CarouselHandoffTests.test_real_mode_event_closes_popup_without_a_cancel_command) ... ok
test_delayed_frame_catches_up_to_elapsed_time (test_carousel_responsiveness.Responsiveness.test_delayed_frame_catches_up_to_elapsed_time) ... ok
test_first_frame_shows_progress_after_request (test_carousel_responsiveness.Responsiveness.test_first_frame_shows_progress_after_request) ... ok
test_new_input_preserves_running_animation_clock (test_carousel_responsiveness.Responsiveness.test_new_input_preserves_running_animation_clock) ... ok
test_restarting_after_idle_preserves_visible_navigation (test_carousel_responsiveness.Responsiveness.test_restarting_after_idle_preserves_visible_navigation) ... ok
test_reveal_finishes_by_200_ms_and_navigation_by_300_ms (test_carousel_responsiveness.Responsiveness.test_reveal_finishes_by_200_ms_and_navigation_by_300_ms) ... ok
test_click_uses_the_frontmost_projected_card (test_carousel_view.Layout.test_click_uses_the_frontmost_projected_card) ... ok
test_empty_carousel_is_safe (test_carousel_view.Layout.test_empty_carousel_is_safe) ... ok
test_nearby_cards_are_unique_and_wrap_around_the_selection (test_carousel_view.Layout.test_nearby_cards_are_unique_and_wrap_around_the_selection) ... ok
test_previews_are_letterboxed_without_changing_aspect (test_carousel_view.Layout.test_previews_are_letterboxed_without_changing_aspect) ... ok
test_selected_card_faces_forward_and_neighbors_turn_inward (test_carousel_view.Layout.test_selected_card_faces_forward_and_neighbors_turn_inward) ... ok
test_small_candidate_lists_never_duplicate_a_preview (test_carousel_view.Layout.test_small_candidate_lists_never_duplicate_a_preview) ... ok
test_motion_tracks_elapsed_time_at_different_refresh_rates (test_carousel_view.Motion.test_motion_tracks_elapsed_time_at_different_refresh_rates) ... ok
test_resting_selection_does_not_overshoot_its_destination (test_carousel_view.Motion.test_resting_selection_does_not_overshoot_its_destination) ... ok

----------------------------------------------------------------------
Ran 34 tests in 0.753s

OK
