test_only_same_home_and_compositor_are_selected (test_theme_session.ThemeSessionTests.test_only_same_home_and_compositor_are_selected) ... FAIL
test_unknown_caller_session_cannot_select_any_application (test_theme_session.ThemeSessionTests.test_unknown_caller_session_cannot_select_any_application) ... FAIL

======================================================================
FAIL: test_only_same_home_and_compositor_are_selected (test_theme_session.ThemeSessionTests.test_only_same_home_and_compositor_are_selected)
----------------------------------------------------------------------
Traceback (most recent call last):
  File "/home/jack/.files/alpine/tests/test_theme_session.py", line 46, in test_only_same_home_and_compositor_are_selected
    self.assertEqual(selected & children, {expected})
    ~~~~~~~~~~~~~~~~^^^^^^^^^^^^^^^^^^^^^^^^^^^^^^^^^
AssertionError: Items in the first set but not the second:
20032
20033
20031

======================================================================
FAIL: test_unknown_caller_session_cannot_select_any_application (test_theme_session.ThemeSessionTests.test_unknown_caller_session_cannot_select_any_application)
----------------------------------------------------------------------
Traceback (most recent call last):
  File "/home/jack/.files/alpine/tests/test_theme_session.py", line 52, in test_unknown_caller_session_cannot_select_any_application
    self.assertNotIn(child, selected)
    ~~~~~~~~~~~~~~~~^^^^^^^^^^^^^^^^^
AssertionError: 20039 unexpectedly found in {20039}

----------------------------------------------------------------------
Ran 2 tests in 0.628s

FAILED (failures=2)
