test_excludes_scratch_and_exact_helper_ids_without_excluding_agent_apps (test_window_switching.CandidateTests.test_excludes_scratch_and_exact_helper_ids_without_excluding_agent_apps) ... ok
test_includes_all_apps_tiled_floating_named_workspaces_and_outputs (test_window_switching.CandidateTests.test_includes_all_apps_tiled_floating_named_workspaces_and_outputs) ... ok
test_includes_xwayland_and_uses_its_class_without_inventing_app_id (test_window_switching.CandidateTests.test_includes_xwayland_and_uses_its_class_without_inventing_app_id) ... ok
test_invalid_ids_and_duplicate_focus_entries_do_not_duplicate_candidates (test_window_switching.CandidateTests.test_invalid_ids_and_duplicate_focus_entries_do_not_duplicate_candidates) ... ok
test_preserves_raw_unicode_title_and_capture_identifier_for_hidden_views (test_window_switching.CandidateTests.test_preserves_raw_unicode_title_and_capture_identifier_for_hidden_views) ... ok
test_actual_focus_events_interleave_windows_across_workspace_groups (test_window_switching.FocusHistoryTests.test_actual_focus_events_interleave_windows_across_workspace_groups) ... ok
test_closed_identity_is_pruned_and_reused_id_starts_as_unseen (test_window_switching.FocusHistoryTests.test_closed_identity_is_pruned_and_reused_id_starts_as_unseen) ... ok
test_explicit_focus_event_wins_over_a_stale_tree_flag (test_window_switching.FocusHistoryTests.test_explicit_focus_event_wins_over_a_stale_tree_flag) ... ok
test_only_final_initiating_modifier_release_commits (test_window_switching.GestureInputTests.test_only_final_initiating_modifier_release_commits) ... ok
test_persistent_gesture_never_accepts_a_modifier_release (test_window_switching.GestureInputTests.test_persistent_gesture_never_accepts_a_modifier_release) ... ok
test_tab_directions_and_unrelated_keys (test_window_switching.GestureInputTests.test_tab_directions_and_unrelated_keys) ... ok
test_closed_selection_advances_to_next_survivor_and_wraps (test_window_switching.SwitchStateTests.test_closed_selection_advances_to_next_survivor_and_wraps) ... ok
test_commit_revalidates_pid_and_app_id_not_just_container_number (test_window_switching.SwitchStateTests.test_commit_revalidates_pid_and_app_id_not_just_container_number) ... ok
test_empty_and_single_window_gestures_are_safe (test_window_switching.SwitchStateTests.test_empty_and_single_window_gestures_are_safe) ... ok
test_refresh_preserves_selection_and_order_despite_new_windows_and_tree_reorder (test_window_switching.SwitchStateTests.test_refresh_preserves_selection_and_order_despite_new_windows_and_tree_reorder) ... ok
test_show_keeps_current_while_first_forward_and_reverse_step_select_neighbors (test_window_switching.SwitchStateTests.test_show_keeps_current_while_first_forward_and_reverse_step_select_neighbors) ... ok
test_steps_wrap_in_the_frozen_order (test_window_switching.SwitchStateTests.test_steps_wrap_in_the_frozen_order) ... ok
test_unfocused_desktop_starts_at_mru_or_reverse_end (test_window_switching.SwitchStateTests.test_unfocused_desktop_starts_at_mru_or_reverse_end) ... ok

----------------------------------------------------------------------
Ran 18 tests in 0.006s

OK
