oldbook-cat: not drawing the lock panel (no cairo today)
/usr/lib/python3.14/pathlib/__init__.py:635: ResourceWarning: unclosed database in <sqlite3.Connection object at 0x7fd6b1f9bf10>
  return object.__new__(cls)
ResourceWarning: Enable tracemalloc to get the object allocation traceback
/usr/lib/python3.14/pathlib/__init__.py:635: ResourceWarning: unclosed database in <sqlite3.Connection object at 0x7fd6b14a1f30>
  return object.__new__(cls)
ResourceWarning: Enable tracemalloc to get the object allocation traceback
/usr/lib/python3.14/pathlib/__init__.py:635: ResourceWarning: unclosed database in <sqlite3.Connection object at 0x7fd6b14a2020>
  return object.__new__(cls)
ResourceWarning: Enable tracemalloc to get the object allocation traceback
/usr/lib/python3.14/pathlib/__init__.py:635: ResourceWarning: unclosed database in <sqlite3.Connection object at 0x7fd6b14a2110>
  return object.__new__(cls)
ResourceWarning: Enable tracemalloc to get the object allocation traceback
/usr/lib/python3.14/pathlib/__init__.py:635: ResourceWarning: unclosed database in <sqlite3.Connection object at 0x7fd6b14a2200>
  return object.__new__(cls)
ResourceWarning: Enable tracemalloc to get the object allocation traceback
/usr/lib/python3.14/pathlib/__init__.py:635: ResourceWarning: unclosed database in <sqlite3.Connection object at 0x7fd6b14a22f0>
  return object.__new__(cls)
ResourceWarning: Enable tracemalloc to get the object allocation traceback
/usr/lib/python3.14/pathlib/__init__.py:635: ResourceWarning: unclosed database in <sqlite3.Connection object at 0x7fd6b14a23e0>
  return object.__new__(cls)
ResourceWarning: Enable tracemalloc to get the object allocation traceback
/usr/lib/python3.14/pathlib/__init__.py:635: ResourceWarning: unclosed database in <sqlite3.Connection object at 0x7fd6b14a24d0>
  return object.__new__(cls)
ResourceWarning: Enable tracemalloc to get the object allocation traceback
/usr/lib/python3.14/pathlib/__init__.py:635: ResourceWarning: unclosed database in <sqlite3.Connection object at 0x7fd6b14a25c0>
  return object.__new__(cls)
ResourceWarning: Enable tracemalloc to get the object allocation traceback
/usr/lib/python3.14/pathlib/__init__.py:635: ResourceWarning: unclosed database in <sqlite3.Connection object at 0x7fd6b14a26b0>
  return object.__new__(cls)
ResourceWarning: Enable tracemalloc to get the object allocation traceback
/usr/lib/python3.14/pathlib/__init__.py:635: ResourceWarning: unclosed database in <sqlite3.Connection object at 0x7fd6b14a27a0>
  return object.__new__(cls)
ResourceWarning: Enable tracemalloc to get the object allocation traceback
/usr/lib/python3.14/pathlib/__init__.py:635: ResourceWarning: unclosed database in <sqlite3.Connection object at 0x7fd6b14a2890>
  return object.__new__(cls)
ResourceWarning: Enable tracemalloc to get the object allocation traceback
/usr/lib/python3.14/pathlib/__init__.py:635: ResourceWarning: unclosed database in <sqlite3.Connection object at 0x7fd6b14a2980>
  return object.__new__(cls)
ResourceWarning: Enable tracemalloc to get the object allocation traceback
/usr/lib/python3.14/unittest/suite.py:107: ResourceWarning: unclosed file <_io.TextIOWrapper name=7 encoding='UTF-8'>
  for index, test in enumerate(self):
ResourceWarning: Enable tracemalloc to get the object allocation traceback
/usr/lib/python3.14/unittest/suite.py:107: ResourceWarning: unclosed file <_io.TextIOWrapper name=5 encoding='UTF-8'>
  for index, test in enumerate(self):
ResourceWarning: Enable tracemalloc to get the object allocation traceback
/usr/lib/python3.14/unittest/suite.py:107: ResourceWarning: unclosed file <_io.TextIOWrapper name=10 encoding='UTF-8'>
  for index, test in enumerate(self):
ResourceWarning: Enable tracemalloc to get the object allocation traceback
/usr/lib/python3.14/unittest/suite.py:107: ResourceWarning: unclosed file <_io.TextIOWrapper name=8 encoding='UTF-8'>
  for index, test in enumerate(self):
ResourceWarning: Enable tracemalloc to get the object allocation traceback
/usr/lib/python3.14/unittest/suite.py:84: ResourceWarning: unclosed file <_io.TextIOWrapper name=7 encoding='UTF-8'>
  return self.run(*args, **kwds)
ResourceWarning: Enable tracemalloc to get the object allocation traceback
/usr/lib/python3.14/unittest/suite.py:84: ResourceWarning: unclosed file <_io.TextIOWrapper name=5 encoding='UTF-8'>
  return self.run(*args, **kwds)
ResourceWarning: Enable tracemalloc to get the object allocation traceback
/usr/lib/python3.14/subprocess.py:1139: ResourceWarning: subprocess 30932 is still running
  _warn("subprocess %s is still running" % self.pid,
ResourceWarning: Enable tracemalloc to get the object allocation traceback
x: nothing installed
x: nothing
bad
/usr/lib/python3.14/subprocess.py:1139: ResourceWarning: subprocess 31071 is still running
  _warn("subprocess %s is still running" % self.pid,
ResourceWarning: Enable tracemalloc to get the object allocation traceback
/usr/lib/python3.14/subprocess.py:1139: ResourceWarning: subprocess 31072 is still running
  _warn("subprocess %s is still running" % self.pid,
ResourceWarning: Enable tracemalloc to get the object allocation traceback
/usr/lib/python3.14/subprocess.py:1139: ResourceWarning: subprocess 31075 is still running
  _warn("subprocess %s is still running" % self.pid,
ResourceWarning: Enable tracemalloc to get the object allocation traceback
/usr/lib/python3.14/unittest/case.py:615: ResourceWarning: unclosed file <_io.BufferedReader name=4>
  result = method()
ResourceWarning: Enable tracemalloc to get the object allocation traceback
From /tmp/tmpv8_mgn45/remote
 * branch            live       -> FETCH_HEAD
 * [new branch]      live       -> github/live
To /tmp/tmpv8_mgn45/remote.git
   d79687e..971eeef  oldbook-publish/live -> live
----------------------------------------------------------------------
Ran 381 tests in 32.105s

OK (skipped=1)
Published alpine-oldbook as live: 971eeeff3cbbb51234e4e054207eb401ad86a570 (Fossil export 653ca86c3ec05153b91bccbe6eeed8bc55b01c32)
