ac_compute_device_uuid's output is based on invalid pci bus info.
2026-09-07 20:40:49 - [main.c:332] Found config * for output HEADLESS-1 ((null))
warn: wayland.c:1888: compositor does not implement the xdg-toplevel-icon protocol
warn: wayland.c:1888: compositor does not implement the xdg-toplevel-icon protocol
warn: input.c:813: compositor sent keyboard_leave event without a keyboard_enter event: surface=0x7f6faae57d00
warn: input.c:813: compositor sent keyboard_leave event without a keyboard_enter event: surface=0x7f6faae57d00
warn: input.c:813: compositor sent keyboard_leave event without a keyboard_enter event: surface=0x7f6faae57d00
warn: input.c:813: compositor sent keyboard_leave event without a keyboard_enter event: surface=0x7f6faae57d00
warn: terminal.c:2034: slave exited with signal 1 (Hangup)
warn: input.c:813: compositor sent keyboard_leave event without a keyboard_enter event: surface=0x7f6faae57d00
warn: input.c:813: compositor sent keyboard_leave event without a keyboard_enter event: surface=0x7f6faae57d00
warn: input.c:813: compositor sent keyboard_leave event without a keyboard_enter event: surface=0x7f6faae57d00
warn: input.c:813: compositor sent keyboard_leave event without a keyboard_enter event: surface=0x7f6faae57d00
warn: input.c:813: compositor sent keyboard_leave event without a keyboard_enter event: surface=0x7f6faae57d00
 err: wayland.c:1769: failed to read events from the Wayland socket: Broken pipe
00:00:00.003 [ERROR] [common/ipc-client.c:86] Unable to receive IPC response
 err: wayland.c:2477: failed to roundtrip Wayland display: Broken pipe
 err: wayland.c:2477: failed to roundtrip Wayland display: Broken pipe
 err: wayland.c:2477: failed to roundtrip Wayland display: Broken pipe
warn: terminal.c:2034: slave exited with signal 1 (Hangup)
 err: wayland.c:2442: failed to flush wayland socket: Broken pipe
