00:00:00.000 [INFO] [sway/main.c:308] swayfx version 0.6 (based on sway version 1.12.0)
00:00:00.000 [INFO] [sway/main.c:309] wlroots version 0.20.2
00:00:00.000 [INFO] [sway/main.c:310] scenefx version 0.5.0
00:00:00.008 [INFO] [sway/main.c:78] Linux oldbook 6.18.49-0-lts #1-Alpine SMP PREEMPT_DYNAMIC 2026-09-07 07:20:48 x86_64 Linux
00:00:00.009 [INFO] [sway/main.c:94] Contents of /etc/os-release:
00:00:00.009 [INFO] [sway/main.c:78] NAME="Alpine Linux"
00:00:00.009 [INFO] [sway/main.c:78] ID=alpine
00:00:00.009 [INFO] [sway/main.c:78] VERSION_ID=3.25.0_alpha20260805
00:00:00.009 [INFO] [sway/main.c:78] PRETTY_NAME="Alpine Linux edge"
00:00:00.009 [INFO] [sway/main.c:78] HOME_URL="https://alpinelinux.org/"
00:00:00.009 [INFO] [sway/main.c:78] BUG_REPORT_URL="https://gitlab.alpinelinux.org/alpine/aports/-/issues"
00:00:00.009 [INFO] [sway/main.c:66] LD_LIBRARY_PATH=
00:00:00.009 [INFO] [sway/main.c:66] LD_PRELOAD=
00:00:00.009 [INFO] [sway/main.c:66] PATH=/usr/local/sbin:/usr/local/bin:/usr/sbin:/usr/bin:/sbin:/bin
00:00:00.009 [INFO] [sway/main.c:66] SWAYSOCK=
00:00:00.009 [INFO] [sway/main.c:339] Starting swayfx version 0.6 (based on sway version 1.12.0
00:00:00.009 [DEBUG] [sway/server.c:248] Initializing Wayland server
00:00:00.010 [INFO] [wlr] [backend/backend.c:342] Loading user-specified backends due to WLR_BACKENDS: headless
00:00:00.010 [INFO] [wlr] [backend/headless/backend.c:60] Creating headless backend
00:00:00.010 [INFO] [wlr] [render/fx_renderer/util.c:71] Opening DRM render node '/dev/dri/renderD128' from WLR_RENDER_DRM_DEVICE
00:00:00.010 [INFO] [wlr] [render/egl.c:205] Supported EGL client extensions: EGL_EXT_client_extensions EGL_EXT_device_base EGL_EXT_device_enumeration EGL_EXT_device_query EGL_EXT_platform_base EGL_KHR_client_get_all_proc_addresses EGL_KHR_debug EGL_EXT_platform_device EGL_EXT_explicit_device EGL_EXT_platform_wayland EGL_KHR_platform_wayland EGL_EXT_platform_x11 EGL_KHR_platform_x11 EGL_EXT_platform_xcb EGL_MESA_platform_gbm EGL_KHR_platform_gbm EGL_MESA_platform_surfaceless
00:00:00.037 [DEBUG] [wlr] [render/egl.c:526] Using EGL device /dev/dri/card0
ac_compute_device_uuid's output is based on invalid pci bus info.
00:00:00.429 [INFO] [wlr] [render/egl.c:369] Using EGL 1.5
00:00:00.429 [INFO] [wlr] [render/egl.c:370] Supported EGL display extensions: EGL_ANDROID_blob_cache EGL_EXT_config_select_group EGL_EXT_create_context_robustness EGL_EXT_image_dma_buf_import EGL_EXT_image_dma_buf_import_modifiers EGL_EXT_query_reset_notification_strategy EGL_EXT_surface_compression EGL_KHR_cl_event2 EGL_KHR_config_attribs EGL_KHR_context_flush_control EGL_KHR_create_context EGL_KHR_create_context_no_error EGL_KHR_fence_sync EGL_KHR_get_all_proc_addresses EGL_KHR_gl_colorspace EGL_KHR_gl_renderbuffer_image EGL_KHR_gl_texture_2D_image EGL_KHR_gl_texture_3D_image EGL_KHR_gl_texture_cubemap_image EGL_KHR_image_base EGL_KHR_no_config_context EGL_KHR_reusable_sync EGL_KHR_surfaceless_context EGL_EXT_pixel_format_float EGL_KHR_wait_sync EGL_MESA_configless_context EGL_MESA_gl_interop EGL_MESA_image_dma_buf_export EGL_MESA_query_driver EGL_MESA_x11_native_visual_id 
00:00:00.429 [INFO] [wlr] [render/egl.c:372] Supported EGL device extensions: EGL_EXT_device_drm EGL_EXT_device_drm_render_node EGL_EXT_device_query_name EGL_EXT_device_persistent_id
00:00:00.429 [INFO] [wlr] [render/egl.c:374] EGL vendor: Mesa Project
00:00:00.429 [INFO] [wlr] [render/egl.c:376] EGL driver name: radeonsi
00:00:00.429 [DEBUG] [wlr] [render/egl.c:120] Supported DMA-BUF formats:
00:00:00.429 [DEBUG] [wlr] [render/egl.c:169]   AB4H (0x48344241)
00:00:00.429 [DEBUG] [wlr] [render/egl.c:103]     INVALID (0x00FFFFFFFFFFFFFF): ✓ texture  ✓ render
00:00:00.429 [DEBUG] [wlr] [render/egl.c:103]     LINEAR (0x0000000000000000): ✓ texture  ✓ render
00:00:00.429 [DEBUG] [wlr] [render/egl.c:169]   XB4H (0x48344258)
00:00:00.429 [DEBUG] [wlr] [render/egl.c:103]     INVALID (0x00FFFFFFFFFFFFFF): ✓ texture  ✓ render
00:00:00.429 [DEBUG] [wlr] [render/egl.c:103]     LINEAR (0x0000000000000000): ✓ texture  ✓ render
00:00:00.429 [DEBUG] [wlr] [render/egl.c:169]   AB48 (0x38344241)
00:00:00.430 [DEBUG] [wlr] [render/egl.c:103]     INVALID (0x00FFFFFFFFFFFFFF): ✓ texture  ✓ render
00:00:00.430 [DEBUG] [wlr] [render/egl.c:103]     LINEAR (0x0000000000000000): ✓ texture  ✓ render
00:00:00.430 [DEBUG] [wlr] [render/egl.c:169]   XB48 (0x38344258)
00:00:00.430 [DEBUG] [wlr] [render/egl.c:103]     INVALID (0x00FFFFFFFFFFFFFF): ✓ texture  ✓ render
00:00:00.430 [DEBUG] [wlr] [render/egl.c:103]     LINEAR (0x0000000000000000): ✓ texture  ✓ render
00:00:00.430 [DEBUG] [wlr] [render/egl.c:169]   AR30 (0x30335241)
00:00:00.430 [DEBUG] [wlr] [render/egl.c:103]     INVALID (0x00FFFFFFFFFFFFFF): ✓ texture  ✓ render
00:00:00.430 [DEBUG] [wlr] [render/egl.c:103]     LINEAR (0x0000000000000000): ✓ texture  ✓ render
00:00:00.430 [DEBUG] [wlr] [render/egl.c:169]   XR30 (0x30335258)
00:00:00.430 [DEBUG] [wlr] [render/egl.c:103]     INVALID (0x00FFFFFFFFFFFFFF): ✓ texture  ✓ render
00:00:00.430 [DEBUG] [wlr] [render/egl.c:103]     LINEAR (0x0000000000000000): ✓ texture  ✓ render
00:00:00.430 [DEBUG] [wlr] [render/egl.c:169]   AB30 (0x30334241)
00:00:00.430 [DEBUG] [wlr] [render/egl.c:103]     INVALID (0x00FFFFFFFFFFFFFF): ✓ texture  ✓ render
00:00:00.430 [DEBUG] [wlr] [render/egl.c:103]     LINEAR (0x0000000000000000): ✓ texture  ✓ render
00:00:00.430 [DEBUG] [wlr] [render/egl.c:169]   XB30 (0x30334258)
00:00:00.430 [DEBUG] [wlr] [render/egl.c:103]     INVALID (0x00FFFFFFFFFFFFFF): ✓ texture  ✓ render
00:00:00.430 [DEBUG] [wlr] [render/egl.c:103]     LINEAR (0x0000000000000000): ✓ texture  ✓ render
00:00:00.438 [DEBUG] [wlr] [render/egl.c:169]   AR24 (0x34325241)
00:00:00.438 [DEBUG] [wlr] [render/egl.c:103]     INVALID (0x00FFFFFFFFFFFFFF): ✓ texture  ✓ render
00:00:00.439 [DEBUG] [wlr] [render/egl.c:103]     LINEAR (0x0000000000000000): ✓ texture  ✓ render
00:00:00.439 [DEBUG] [wlr] [render/egl.c:169]   AB24 (0x34324241)
00:00:00.439 [DEBUG] [wlr] [render/egl.c:103]     INVALID (0x00FFFFFFFFFFFFFF): ✓ texture  ✓ render
00:00:00.439 [DEBUG] [wlr] [render/egl.c:103]     LINEAR (0x0000000000000000): ✓ texture  ✓ render
00:00:00.439 [DEBUG] [wlr] [render/egl.c:169]   XR24 (0x34325258)
00:00:00.439 [DEBUG] [wlr] [render/egl.c:103]     INVALID (0x00FFFFFFFFFFFFFF): ✓ texture  ✓ render
00:00:00.439 [DEBUG] [wlr] [render/egl.c:103]     LINEAR (0x0000000000000000): ✓ texture  ✓ render
00:00:00.439 [DEBUG] [wlr] [render/egl.c:169]   XB24 (0x34324258)
00:00:00.439 [DEBUG] [wlr] [render/egl.c:103]     INVALID (0x00FFFFFFFFFFFFFF): ✓ texture  ✓ render
00:00:00.439 [DEBUG] [wlr] [render/egl.c:103]     LINEAR (0x0000000000000000): ✓ texture  ✓ render
00:00:00.439 [DEBUG] [wlr] [render/egl.c:169]   AR15 (0x35315241)
00:00:00.439 [DEBUG] [wlr] [render/egl.c:103]     INVALID (0x00FFFFFFFFFFFFFF): ✓ texture  ✓ render
00:00:00.439 [DEBUG] [wlr] [render/egl.c:103]     LINEAR (0x0000000000000000): ✓ texture  ✓ render
00:00:00.439 [DEBUG] [wlr] [render/egl.c:169]   AB15 (0x35314241)
00:00:00.439 [DEBUG] [wlr] [render/egl.c:103]     INVALID (0x00FFFFFFFFFFFFFF): ✓ texture  ✓ render
00:00:00.439 [DEBUG] [wlr] [render/egl.c:103]     LINEAR (0x0000000000000000): ✓ texture  ✓ render
00:00:00.439 [DEBUG] [wlr] [render/egl.c:169]   AR12 (0x32315241)
00:00:00.439 [DEBUG] [wlr] [render/egl.c:103]     INVALID (0x00FFFFFFFFFFFFFF): ✓ texture  ✓ render
00:00:00.439 [DEBUG] [wlr] [render/egl.c:103]     LINEAR (0x0000000000000000): ✓ texture  ✓ render
00:00:00.439 [DEBUG] [wlr] [render/egl.c:169]   AB12 (0x32314241)
00:00:00.439 [DEBUG] [wlr] [render/egl.c:103]     INVALID (0x00FFFFFFFFFFFFFF): ✓ texture  ✓ render
00:00:00.439 [DEBUG] [wlr] [render/egl.c:103]     LINEAR (0x0000000000000000): ✓ texture  ✓ render
00:00:00.439 [DEBUG] [wlr] [render/egl.c:169]   RG16 (0x36314752)
00:00:00.440 [DEBUG] [wlr] [render/egl.c:103]     INVALID (0x00FFFFFFFFFFFFFF): ✓ texture  ✓ render
00:00:00.440 [DEBUG] [wlr] [render/egl.c:103]     LINEAR (0x0000000000000000): ✓ texture  ✓ render
00:00:00.440 [DEBUG] [wlr] [render/egl.c:169]   R8 (0x20203852)
00:00:00.440 [DEBUG] [wlr] [render/egl.c:103]     INVALID (0x00FFFFFFFFFFFFFF): ✓ texture  ✓ render
00:00:00.440 [DEBUG] [wlr] [render/egl.c:103]     LINEAR (0x0000000000000000): ✓ texture  ✓ render
00:00:00.440 [DEBUG] [wlr] [render/egl.c:169]   R16 (0x20363152)
00:00:00.440 [DEBUG] [wlr] [render/egl.c:103]     INVALID (0x00FFFFFFFFFFFFFF): ✓ texture  ✓ render
00:00:00.440 [DEBUG] [wlr] [render/egl.c:103]     LINEAR (0x0000000000000000): ✓ texture  ✓ render
00:00:00.440 [DEBUG] [wlr] [render/egl.c:169]   GR88 (0x38385247)
00:00:00.440 [DEBUG] [wlr] [render/egl.c:103]     INVALID (0x00FFFFFFFFFFFFFF): ✓ texture  ✓ render
00:00:00.440 [DEBUG] [wlr] [render/egl.c:103]     LINEAR (0x0000000000000000): ✓ texture  ✓ render
00:00:00.440 [DEBUG] [wlr] [render/egl.c:169]   GR32 (0x32335247)
00:00:00.440 [DEBUG] [wlr] [render/egl.c:103]     INVALID (0x00FFFFFFFFFFFFFF): ✓ texture  ✓ render
00:00:00.440 [DEBUG] [wlr] [render/egl.c:103]     LINEAR (0x0000000000000000): ✓ texture  ✓ render
00:00:00.440 [DEBUG] [wlr] [render/egl.c:169]   R  H (0x48202052)
00:00:00.440 [DEBUG] [wlr] [render/egl.c:103]     INVALID (0x00FFFFFFFFFFFFFF): ✓ texture  ✓ render
00:00:00.440 [DEBUG] [wlr] [render/egl.c:103]     LINEAR (0x0000000000000000): ✓ texture  ✓ render
00:00:00.440 [DEBUG] [wlr] [render/egl.c:169]   R  F (0x46202052)
00:00:00.440 [DEBUG] [wlr] [render/egl.c:103]     INVALID (0x00FFFFFFFFFFFFFF): ✓ texture  ✓ render
00:00:00.440 [DEBUG] [wlr] [render/egl.c:103]     LINEAR (0x0000000000000000): ✓ texture  ✓ render
00:00:00.440 [DEBUG] [wlr] [render/egl.c:169]   GR H (0x48205247)
00:00:00.440 [DEBUG] [wlr] [render/egl.c:103]     INVALID (0x00FFFFFFFFFFFFFF): ✓ texture  ✓ render
00:00:00.440 [DEBUG] [wlr] [render/egl.c:103]     LINEAR (0x0000000000000000): ✓ texture  ✓ render
00:00:00.440 [DEBUG] [wlr] [render/egl.c:169]   GR F (0x46205247)
00:00:00.440 [DEBUG] [wlr] [render/egl.c:103]     INVALID (0x00FFFFFFFFFFFFFF): ✓ texture  ✓ render
00:00:00.441 [DEBUG] [wlr] [render/egl.c:103]     LINEAR (0x0000000000000000): ✓ texture  ✓ render
00:00:00.441 [DEBUG] [wlr] [render/egl.c:169]   AB8F (0x46384241)
00:00:00.441 [DEBUG] [wlr] [render/egl.c:103]     INVALID (0x00FFFFFFFFFFFFFF): ✓ texture  ✓ render
00:00:00.441 [DEBUG] [wlr] [render/egl.c:103]     LINEAR (0x0000000000000000): ✓ texture  ✓ render
00:00:00.441 [DEBUG] [wlr] [render/egl.c:169]   YUV9 (0x39565559)
00:00:00.441 [DEBUG] [wlr] [render/egl.c:103]     INVALID (0x00FFFFFFFFFFFFFF): ✓ texture  ✓ render
00:00:00.441 [DEBUG] [wlr] [render/egl.c:103]     LINEAR (0x0000000000000000): ✓ texture  ✓ render
00:00:00.441 [DEBUG] [wlr] [render/egl.c:169]   YU11 (0x31315559)
00:00:00.441 [DEBUG] [wlr] [render/egl.c:103]     INVALID (0x00FFFFFFFFFFFFFF): ✓ texture  ✓ render
00:00:00.441 [DEBUG] [wlr] [render/egl.c:103]     LINEAR (0x0000000000000000): ✓ texture  ✓ render
00:00:00.441 [DEBUG] [wlr] [render/egl.c:169]   YU12 (0x32315559)
00:00:00.441 [DEBUG] [wlr] [render/egl.c:103]     INVALID (0x00FFFFFFFFFFFFFF): ✓ texture  ✓ render
00:00:00.441 [DEBUG] [wlr] [render/egl.c:103]     LINEAR (0x0000000000000000): ✓ texture  ✓ render
00:00:00.441 [DEBUG] [wlr] [render/egl.c:169]   YU16 (0x36315559)
00:00:00.441 [DEBUG] [wlr] [render/egl.c:103]     INVALID (0x00FFFFFFFFFFFFFF): ✓ texture  ✓ render
00:00:00.441 [DEBUG] [wlr] [render/egl.c:103]     LINEAR (0x0000000000000000): ✓ texture  ✓ render
00:00:00.441 [DEBUG] [wlr] [render/egl.c:169]   YU24 (0x34325559)
00:00:00.441 [DEBUG] [wlr] [render/egl.c:103]     INVALID (0x00FFFFFFFFFFFFFF): ✓ texture  ✓ render
00:00:00.447 [DEBUG] [wlr] [render/egl.c:103]     LINEAR (0x0000000000000000): ✓ texture  ✓ render
00:00:00.448 [DEBUG] [wlr] [render/egl.c:169]   YVU9 (0x39555659)
00:00:00.448 [DEBUG] [wlr] [render/egl.c:103]     INVALID (0x00FFFFFFFFFFFFFF): ✓ texture  ✓ render
00:00:00.448 [DEBUG] [wlr] [render/egl.c:103]     LINEAR (0x0000000000000000): ✓ texture  ✓ render
00:00:00.448 [DEBUG] [wlr] [render/egl.c:169]   YV11 (0x31315659)
00:00:00.448 [DEBUG] [wlr] [render/egl.c:103]     INVALID (0x00FFFFFFFFFFFFFF): ✓ texture  ✓ render
00:00:00.448 [DEBUG] [wlr] [render/egl.c:103]     LINEAR (0x0000000000000000): ✓ texture  ✓ render
00:00:00.448 [DEBUG] [wlr] [render/egl.c:169]   YV12 (0x32315659)
00:00:00.448 [DEBUG] [wlr] [render/egl.c:103]     INVALID (0x00FFFFFFFFFFFFFF): ✓ texture  ✓ render
00:00:00.448 [DEBUG] [wlr] [render/egl.c:103]     LINEAR (0x0000000000000000): ✓ texture  ✓ render
00:00:00.448 [DEBUG] [wlr] [render/egl.c:169]   YV16 (0x36315659)
00:00:00.448 [DEBUG] [wlr] [render/egl.c:103]     INVALID (0x00FFFFFFFFFFFFFF): ✓ texture  ✓ render
00:00:00.448 [DEBUG] [wlr] [render/egl.c:103]     LINEAR (0x0000000000000000): ✓ texture  ✓ render
00:00:00.448 [DEBUG] [wlr] [render/egl.c:169]   YV24 (0x34325659)
00:00:00.448 [DEBUG] [wlr] [render/egl.c:103]     INVALID (0x00FFFFFFFFFFFFFF): ✓ texture  ✓ render
00:00:00.448 [DEBUG] [wlr] [render/egl.c:103]     LINEAR (0x0000000000000000): ✓ texture  ✓ render
00:00:00.448 [DEBUG] [wlr] [render/egl.c:169]   S010 (0x30313053)
00:00:00.448 [DEBUG] [wlr] [render/egl.c:103]     INVALID (0x00FFFFFFFFFFFFFF): ✓ texture  ✓ render
00:00:00.448 [DEBUG] [wlr] [render/egl.c:103]     LINEAR (0x0000000000000000): ✓ texture  ✓ render
00:00:00.448 [DEBUG] [wlr] [render/egl.c:169]   S210 (0x30313253)
00:00:00.448 [DEBUG] [wlr] [render/egl.c:103]     INVALID (0x00FFFFFFFFFFFFFF): ✓ texture  ✓ render
00:00:00.448 [DEBUG] [wlr] [render/egl.c:103]     LINEAR (0x0000000000000000): ✓ texture  ✓ render
00:00:00.448 [DEBUG] [wlr] [render/egl.c:169]   S410 (0x30313453)
00:00:00.449 [DEBUG] [wlr] [render/egl.c:103]     INVALID (0x00FFFFFFFFFFFFFF): ✓ texture  ✓ render
00:00:00.449 [DEBUG] [wlr] [render/egl.c:103]     LINEAR (0x0000000000000000): ✓ texture  ✓ render
00:00:00.449 [DEBUG] [wlr] [render/egl.c:169]   S012 (0x32313053)
00:00:00.449 [DEBUG] [wlr] [render/egl.c:103]     INVALID (0x00FFFFFFFFFFFFFF): ✓ texture  ✓ render
00:00:00.449 [DEBUG] [wlr] [render/egl.c:103]     LINEAR (0x0000000000000000): ✓ texture  ✓ render
00:00:00.449 [DEBUG] [wlr] [render/egl.c:169]   S212 (0x32313253)
00:00:00.449 [DEBUG] [wlr] [render/egl.c:103]     INVALID (0x00FFFFFFFFFFFFFF): ✓ texture  ✓ render
00:00:00.449 [DEBUG] [wlr] [render/egl.c:103]     LINEAR (0x0000000000000000): ✓ texture  ✓ render
00:00:00.449 [DEBUG] [wlr] [render/egl.c:169]   S412 (0x32313453)
00:00:00.449 [DEBUG] [wlr] [render/egl.c:103]     INVALID (0x00FFFFFFFFFFFFFF): ✓ texture  ✓ render
00:00:00.449 [DEBUG] [wlr] [render/egl.c:103]     LINEAR (0x0000000000000000): ✓ texture  ✓ render
00:00:00.449 [DEBUG] [wlr] [render/egl.c:169]   S016 (0x36313053)
00:00:00.449 [DEBUG] [wlr] [render/egl.c:103]     INVALID (0x00FFFFFFFFFFFFFF): ✓ texture  ✓ render
00:00:00.449 [DEBUG] [wlr] [render/egl.c:103]     LINEAR (0x0000000000000000): ✓ texture  ✓ render
00:00:00.449 [DEBUG] [wlr] [render/egl.c:169]   S216 (0x36313253)
00:00:00.449 [DEBUG] [wlr] [render/egl.c:103]     INVALID (0x00FFFFFFFFFFFFFF): ✓ texture  ✓ render
00:00:00.449 [DEBUG] [wlr] [render/egl.c:103]     LINEAR (0x0000000000000000): ✓ texture  ✓ render
00:00:00.449 [DEBUG] [wlr] [render/egl.c:169]   S416 (0x36313453)
00:00:00.449 [DEBUG] [wlr] [render/egl.c:103]     INVALID (0x00FFFFFFFFFFFFFF): ✓ texture  ✓ render
00:00:00.449 [DEBUG] [wlr] [render/egl.c:103]     LINEAR (0x0000000000000000): ✓ texture  ✓ render
00:00:00.449 [DEBUG] [wlr] [render/egl.c:169]   NV12 (0x3231564E)
00:00:00.449 [DEBUG] [wlr] [render/egl.c:103]     INVALID (0x00FFFFFFFFFFFFFF): ✓ texture  ✓ render
00:00:00.449 [DEBUG] [wlr] [render/egl.c:103]     LINEAR (0x0000000000000000): ✓ texture  ✓ render
00:00:00.449 [DEBUG] [wlr] [render/egl.c:169]   NV21 (0x3132564E)
00:00:00.450 [DEBUG] [wlr] [render/egl.c:103]     INVALID (0x00FFFFFFFFFFFFFF): ✓ texture  ✓ render
00:00:00.450 [DEBUG] [wlr] [render/egl.c:103]     LINEAR (0x0000000000000000): ✓ texture  ✓ render
00:00:00.450 [DEBUG] [wlr] [render/egl.c:169]   P010 (0x30313050)
00:00:00.450 [DEBUG] [wlr] [render/egl.c:103]     INVALID (0x00FFFFFFFFFFFFFF): ✓ texture  ✓ render
00:00:00.450 [DEBUG] [wlr] [render/egl.c:103]     LINEAR (0x0000000000000000): ✓ texture  ✓ render
00:00:00.450 [DEBUG] [wlr] [render/egl.c:169]   P012 (0x32313050)
00:00:00.450 [DEBUG] [wlr] [render/egl.c:103]     INVALID (0x00FFFFFFFFFFFFFF): ✓ texture  ✓ render
00:00:00.450 [DEBUG] [wlr] [render/egl.c:103]     LINEAR (0x0000000000000000): ✓ texture  ✓ render
00:00:00.450 [DEBUG] [wlr] [render/egl.c:169]   P016 (0x36313050)
00:00:00.450 [DEBUG] [wlr] [render/egl.c:103]     INVALID (0x00FFFFFFFFFFFFFF): ✓ texture  ✓ render
00:00:00.450 [DEBUG] [wlr] [render/egl.c:103]     LINEAR (0x0000000000000000): ✓ texture  ✓ render
00:00:00.450 [DEBUG] [wlr] [render/egl.c:169]   P030 (0x30333050)
00:00:00.450 [DEBUG] [wlr] [render/egl.c:103]     INVALID (0x00FFFFFFFFFFFFFF): ✓ texture  ✓ render
00:00:00.450 [DEBUG] [wlr] [render/egl.c:103]     LINEAR (0x0000000000000000): ✓ texture  ✓ render
00:00:00.450 [DEBUG] [wlr] [render/egl.c:169]   NV16 (0x3631564E)
00:00:00.450 [DEBUG] [wlr] [render/egl.c:103]     INVALID (0x00FFFFFFFFFFFFFF): ✓ texture  ✓ render
00:00:00.450 [DEBUG] [wlr] [render/egl.c:103]     LINEAR (0x0000000000000000): ✓ texture  ✓ render
00:00:00.450 [DEBUG] [wlr] [render/egl.c:169]   NV61 (0x3136564E)
00:00:00.450 [DEBUG] [wlr] [render/egl.c:103]     INVALID (0x00FFFFFFFFFFFFFF): ✓ texture  ✓ render
00:00:00.450 [DEBUG] [wlr] [render/egl.c:103]     LINEAR (0x0000000000000000): ✓ texture  ✓ render
00:00:00.450 [DEBUG] [wlr] [render/egl.c:169]   NV24 (0x3432564E)
00:00:00.450 [DEBUG] [wlr] [render/egl.c:103]     INVALID (0x00FFFFFFFFFFFFFF): ✓ texture  ✓ render
00:00:00.450 [DEBUG] [wlr] [render/egl.c:103]     LINEAR (0x0000000000000000): ✓ texture  ✓ render
00:00:00.450 [DEBUG] [wlr] [render/egl.c:169]   NV42 (0x3234564E)
00:00:00.450 [DEBUG] [wlr] [render/egl.c:103]     INVALID (0x00FFFFFFFFFFFFFF): ✓ texture  ✓ render
00:00:00.451 [DEBUG] [wlr] [render/egl.c:103]     LINEAR (0x0000000000000000): ✓ texture  ✓ render
00:00:00.451 [DEBUG] [wlr] [render/egl.c:169]   AYUV (0x56555941)
00:00:00.451 [DEBUG] [wlr] [render/egl.c:103]     INVALID (0x00FFFFFFFFFFFFFF): ✓ texture  ✓ render
00:00:00.451 [DEBUG] [wlr] [render/egl.c:103]     LINEAR (0x0000000000000000): ✓ texture  ✓ render
00:00:00.451 [DEBUG] [wlr] [render/egl.c:169]   XYUV (0x56555958)
00:00:00.451 [DEBUG] [wlr] [render/egl.c:103]     INVALID (0x00FFFFFFFFFFFFFF): ✓ texture  ✓ render
00:00:00.451 [DEBUG] [wlr] [render/egl.c:103]     LINEAR (0x0000000000000000): ✓ texture  ✓ render
00:00:00.451 [DEBUG] [wlr] [render/egl.c:169]   Y410 (0x30313459)
00:00:00.451 [DEBUG] [wlr] [render/egl.c:103]     INVALID (0x00FFFFFFFFFFFFFF): ✓ texture  ✓ render
00:00:00.451 [DEBUG] [wlr] [render/egl.c:103]     LINEAR (0x0000000000000000): ✓ texture  ✓ render
00:00:00.451 [DEBUG] [wlr] [render/egl.c:169]   Y412 (0x32313459)
00:00:00.451 [DEBUG] [wlr] [render/egl.c:103]     INVALID (0x00FFFFFFFFFFFFFF): ✓ texture  ✓ render
00:00:00.451 [DEBUG] [wlr] [render/egl.c:103]     LINEAR (0x0000000000000000): ✓ texture  ✓ render
00:00:00.451 [DEBUG] [wlr] [render/egl.c:169]   Y416 (0x36313459)
00:00:00.451 [DEBUG] [wlr] [render/egl.c:103]     INVALID (0x00FFFFFFFFFFFFFF): ✓ texture  ✓ render
00:00:00.451 [DEBUG] [wlr] [render/egl.c:103]     LINEAR (0x0000000000000000): ✓ texture  ✓ render
00:00:00.451 [DEBUG] [wlr] [render/egl.c:169]   YUYV (0x56595559)
00:00:00.451 [DEBUG] [wlr] [render/egl.c:103]     INVALID (0x00FFFFFFFFFFFFFF): ✓ texture  ✓ render
00:00:00.457 [DEBUG] [wlr] [render/egl.c:103]     LINEAR (0x0000000000000000): ✓ texture  ✓ render
00:00:00.457 [DEBUG] [wlr] [render/egl.c:169]   YVYU (0x55595659)
00:00:00.457 [DEBUG] [wlr] [render/egl.c:103]     INVALID (0x00FFFFFFFFFFFFFF): ✓ texture  ✓ render
00:00:00.457 [DEBUG] [wlr] [render/egl.c:103]     LINEAR (0x0000000000000000): ✓ texture  ✓ render
00:00:00.457 [DEBUG] [wlr] [render/egl.c:169]   UYVY (0x59565955)
00:00:00.458 [DEBUG] [wlr] [render/egl.c:103]     INVALID (0x00FFFFFFFFFFFFFF): ✓ texture  ✓ render
00:00:00.458 [DEBUG] [wlr] [render/egl.c:103]     LINEAR (0x0000000000000000): ✓ texture  ✓ render
00:00:00.458 [DEBUG] [wlr] [render/egl.c:169]   VYUY (0x59555956)
00:00:00.458 [DEBUG] [wlr] [render/egl.c:103]     INVALID (0x00FFFFFFFFFFFFFF): ✓ texture  ✓ render
00:00:00.458 [DEBUG] [wlr] [render/egl.c:103]     LINEAR (0x0000000000000000): ✓ texture  ✓ render
00:00:00.458 [DEBUG] [wlr] [render/egl.c:169]   Y210 (0x30313259)
00:00:00.458 [DEBUG] [wlr] [render/egl.c:103]     INVALID (0x00FFFFFFFFFFFFFF): ✓ texture  ✓ render
00:00:00.458 [DEBUG] [wlr] [render/egl.c:103]     LINEAR (0x0000000000000000): ✓ texture  ✓ render
00:00:00.458 [DEBUG] [wlr] [render/egl.c:169]   Y212 (0x32313259)
00:00:00.458 [DEBUG] [wlr] [render/egl.c:103]     INVALID (0x00FFFFFFFFFFFFFF): ✓ texture  ✓ render
00:00:00.458 [DEBUG] [wlr] [render/egl.c:103]     LINEAR (0x0000000000000000): ✓ texture  ✓ render
00:00:00.458 [DEBUG] [wlr] [render/egl.c:169]   Y216 (0x36313259)
00:00:00.458 [DEBUG] [wlr] [render/egl.c:103]     INVALID (0x00FFFFFFFFFFFFFF): ✓ texture  ✓ render
00:00:00.458 [DEBUG] [wlr] [render/egl.c:103]     LINEAR (0x0000000000000000): ✓ texture  ✓ render
00:00:00.458 [DEBUG] [wlr] [render/egl.c:189] EGL DMA-BUF format modifiers unsupported
00:00:00.481 [DEBUG] [wlr] [render/egl.c:439] Created EGL context using OpenGL ES 2.0
00:00:00.481 [DEBUG] [wlr] [render/egl.c:578] Using EGL_PLATFORM_DEVICE_EXT
00:00:00.482 [INFO] [wlr] [render/fx_renderer/fx_renderer.c:473] Creating scenefx FX renderer
00:00:00.483 [INFO] [wlr] [render/fx_renderer/fx_renderer.c:474] Using OpenGL ES 3.2 Mesa 26.1.6
00:00:00.483 [INFO] [wlr] [render/fx_renderer/fx_renderer.c:475] GL vendor: AMD
00:00:00.483 [INFO] [wlr] [render/fx_renderer/fx_renderer.c:476] GL renderer:  (radeonsi, verde, ACO, DRM 2.51, 6.18.49-0-lts)
00:00:00.483 [INFO] [wlr] [render/fx_renderer/fx_renderer.c:477] Supported FX extensions: GL_EXT_blend_minmax GL_EXT_multi_draw_arrays GL_EXT_texture_filter_anisotropic GL_EXT_texture_compression_s3tc GL_EXT_texture_compression_dxt1 GL_EXT_texture_compression_rgtc GL_EXT_texture_format_BGRA8888 GL_OES_compressed_ETC1_RGB8_texture GL_OES_depth24 GL_OES_element_index_uint GL_OES_fbo_render_mipmap GL_OES_mapbuffer GL_OES_rgb8_rgba8 GL_OES_standard_derivatives GL_OES_stencil8 GL_OES_texture_3D GL_OES_texture_float GL_OES_texture_float_linear GL_OES_texture_half_float GL_OES_texture_half_float_linear GL_OES_texture_npot GL_OES_vertex_half_float GL_EXT_draw_instanced GL_EXT_texture_sRGB_decode GL_OES_EGL_image GL_OES_depth_texture GL_OES_packed_depth_stencil GL_EXT_texture_type_2_10_10_10_REV GL_NV_conditional_render GL_OES_get_program_binary GL_APPLE_texture_max_level GL_EXT_discard_framebuffer GL_EXT_read_format_bgra GL_EXT_texture_storage GL_NV_pack_subimage GL_NV_texture_barrier GL_EXT_frag_depth GL_NV_fbo_color_attachments GL_OES_EGL_image_external GL_OES_EGL_sync GL_OES_vertex_array_object GL_OES_viewport_array GL_ANGLE_pack_reverse_row_order GL_ANGLE_texture_compression_dxt3 GL_ANGLE_texture_compression_dxt5 GL_EXT_occlusion_query_boolean GL_EXT_robustness GL_EXT_sRGB GL_EXT_texture_rg GL_EXT_unpack_subimage GL_NV_draw_buffers GL_NV_read_buffer GL_NV_read_depth GL_NV_read_depth_stencil GL_NV_read_stencil GL_APPLE_sync GL_EXT_draw_buffers GL_EXT_instanced_arrays GL_EXT_map_buffer_range GL_EXT_shadow_samplers GL_KHR_debug GL_KHR_robustness GL_KHR_texture_compression_astc_ldr GL_NV_generate_mipmap_sRGB GL_NV_pixel_buffer_object GL_OES_depth_texture_cube_map GL_OES_required_internalformat GL_OES_surfaceless_context GL_EXT_color_buffer_float GL_EXT_debug_label GL_EXT_sRGB_write_control GL_EXT_separate_shader_objects GL_EXT_shader_group_vote GL_EXT_shader_implicit_conversions GL_EXT_shader_integer_mix GL_EXT_tessellation_point_size GL_EXT_tessellation_shader GL_ANDROID_extension_pack_es31a GL_EXT_base_instance GL_EXT_compressed_ETC1_RGB8_sub_texture GL_EXT_copy_image GL_EXT_draw_buffers_indexed GL_EXT_draw_elements_base_vertex GL_EXT_gpu_shader5 GL_EXT_multi_draw_indirect GL_EXT_polygon_offset_clamp GL_EXT_primitive_bounding_box GL_EXT_render_snorm GL_EXT_shader_io_blocks GL_EXT_texture_border_clamp GL_EXT_texture_buffer GL_EXT_texture_cube_map_array GL_EXT_texture_norm16 GL_EXT_texture_view GL_KHR_blend_equation_advanced GL_KHR_context_flush_control GL_KHR_robust_buffer_access_behavior GL_NV_image_formats GL_NV_shader_noperspective_interpolation GL_OES_copy_image GL_OES_draw_buffers_indexed GL_OES_draw_elements_base_vertex GL_OES_gpu_shader5 GL_OES_primitive_bounding_box GL_OES_sample_shading GL_OES_sample_variables GL_OES_shader_io_blocks GL_OES_shader_multisample_interpolation GL_OES_tessellation_point_size GL_OES_tessellation_shader GL_OES_texture_border_clamp GL_OES_texture_buffer GL_OES_texture_cube_map_array GL_OES_texture_stencil8 GL_OES_texture_storage_multisample_2d_array GL_OES_texture_view GL_EXT_blend_func_extended GL_EXT_buffer_storage GL_EXT_float_blend GL_EXT_geometry_point_size GL_EXT_geometry_shader GL_EXT_shader_samples_identical GL_EXT_texture_sRGB_R8 GL_KHR_no_error GL_KHR_texture_compression_astc_sliced_3d GL_OES_EGL_image_external_essl3 GL_OES_geometry_point_size GL_OES_geometry_shader GL_OES_shader_image_atomic GL_EXT_clear_texture GL_EXT_clip_cull_distance GL_EXT_conservative_depth GL_EXT_disjoint_timer_query GL_EXT_texture_compression_s3tc_srgb GL_EXT_window_rectangles GL_MESA_shader_integer_functions GL_EXT_clip_control GL_EXT_color_buffer_half_float GL_EXT_memory_object GL_EXT_memory_object_fd GL_EXT_texture_compression_bptc GL_EXT_texture_mirror_clamp_to_edge GL_KHR_parallel_shader_compile GL_NV_alpha_to_coverage_dither_control GL_EXT_EGL_image_storage GL_EXT_texture_shadow_lod GL_INTEL_blackhole_render GL_MESA_framebuffer_flip_y GL_NV_compute_shader_derivatives GL_EXT_demote_to_helper_invocation GL_EXT_depth_clamp GL_EXT_texture_query_lod GL_KHR_shader_subgroup GL_MESA_sampler_objects GL_EXT_EGL_image_storage_compression GL_EXT_texture_storage_compression GL_MESA_bgra GL_MESA_texture_const_bandwidth GL_EXT_shader_clock 
00:00:00.484 [DEBUG] [wlr] [render/fx_renderer/fx_renderer.c:533] GPU reset notifications are enabled
00:00:00.753 [INFO] [wlr] [render/fx_renderer/fx_renderer.c:585] FX RENDERER: Shaders Initialized Successfully
00:00:00.772 [DEBUG] [wlr] [render/allocator/allocator.c:115] Trying to create gbm allocator
00:00:00.951 [DEBUG] [wlr] [render/allocator/gbm.c:188] Created GBM allocator with backend drm
00:00:00.961 [DEBUG] [wlr] [render/allocator/gbm.c:191] Using DRM node /dev/dri/renderD128
00:00:00.961 [DEBUG] [wlr] [types/wlr_drm_lease_v1.c:679] No DRM backend supplied, failed to create wlr_drm_lease_v1_manager
00:00:00.961 [DEBUG] [sway/server.c:499] Failed to create wlr_drm_lease_device_v1
00:00:00.962 [INFO] [sway/server.c:500] VR will not be available
00:00:00.962 [INFO] [wlr] [backend/headless/backend.c:60] Creating headless backend
00:00:01.134 [INFO] [sway/config.c:460] Loading config from /tmp/spaceghost-screen-corners/red-3/sway.conf
00:00:01.134 [DEBUG] [sway/config.c:819] Read line 1: xwayland disable
00:00:01.144 [INFO] [sway/commands.c:407] Config command: xwayland disable
00:00:01.144 [INFO] [sway/commands.c:430] After replacement: xwayland disable
00:00:01.144 [DEBUG] [sway/config.c:819] Read line 2: output * mode 640x480
00:00:01.144 [INFO] [sway/commands.c:407] Config command: output * mode 640x480
00:00:01.145 [INFO] [sway/commands.c:430] After replacement: output * mode 640x480
00:00:01.145 [DEBUG] [sway/commands.c:462] Subcommand: mode 640x480
00:00:01.145 [DEBUG] [sway/config/output.c:279] Config stored for output * (enabled: -1) (640x480@-1.000000Hz position 2147483647,2147483647 scale -1.000000 subpixel unknown transform -1) (bg (null) (null)) (power -1) (max render time: -1) (allow tearing: -1) (hdr: -1)
00:00:01.145 [DEBUG] [sway/config.c:819] Read line 3: output * bg #ffffff solid_color
00:00:01.145 [INFO] [sway/commands.c:407] Config command: output * bg #ffffff solid_color
00:00:01.145 [INFO] [sway/commands.c:430] After replacement: output * bg #ffffff solid_color
00:00:01.145 [DEBUG] [sway/commands.c:462] Subcommand: bg #ffffff solid_color
00:00:01.145 [DEBUG] [sway/config/output.c:279] Config stored for output * (enabled: -1) (-1x-1@-1.000000Hz position 2147483647,2147483647 scale -1.000000 subpixel unknown transform -1) (bg #ffffff solid_color) (power -1) (max render time: -1) (allow tearing: -1) (hdr: -1)
00:00:01.438 [DEBUG] [sway/input/input-manager.c:190] no fallback seat config - creating default
00:00:01.439 [DEBUG] [sway/config/seat.c:65] Adding non-wildcard seat config
00:00:01.439 [DEBUG] [sway/config/seat.c:82] Config stored for seat seat0
00:00:01.439 [DEBUG] [sway/input/input-manager.c:637] applying seat config for seat seat0
00:00:01.439 [DEBUG] [sway/input/input-manager.c:637] applying seat config for seat seat0
00:00:01.439 [DEBUG] [sway/config/output.c:1293] spawn_swaybg cmd[0] = swaybg
00:00:01.439 [DEBUG] [sway/config/output.c:1293] spawn_swaybg cmd[1] = -o
00:00:01.439 [DEBUG] [sway/config/output.c:1293] spawn_swaybg cmd[2] = *
00:00:01.439 [DEBUG] [sway/config/output.c:1293] spawn_swaybg cmd[3] = -c
00:00:01.439 [DEBUG] [sway/config/output.c:1293] spawn_swaybg cmd[4] = #ffffff
00:00:01.481 [INFO] [sway/realtime.c:35] Failed to set scheduling priority to 1
00:00:01.482 [INFO] [sway/server.c:791] Starting backend on wayland display 'wayland-1'
00:00:01.482 [INFO] [wlr] [backend/headless/backend.c:17] Starting headless backend
00:00:01.482 [DEBUG] [sway/desktop/output.c:635] New output 0x7f511d105360: HEADLESS-1 (non-desktop: 0)
00:00:01.482 [INFO] [wlr] [backend/headless/backend.c:17] Starting headless backend
00:00:01.482 [DEBUG] [sway/config/output.c:1008] Committing 1 outputs
00:00:01.482 [DEBUG] [sway/config/output.c:769] Output state for HEADLESS-1
00:00:01.482 [DEBUG] [sway/config/output.c:771]     enabled:       yes
00:00:01.482 [DEBUG] [sway/config/output.c:775]     render_format: XR24
00:00:01.482 [DEBUG] [sway/config/output.c:780]     custom mode:   640x480@0mHz
00:00:01.482 [DEBUG] [sway/config/output.c:793]     scale:         1.000000
00:00:01.482 [DEBUG] [sway/config/output.c:796]     subpixel:      unknown
00:00:01.482 [DEBUG] [wlr] [types/wlr_output_swapchain_manager.c:164] Preparing test commit for 1 outputs with explicit modifiers
00:00:01.483 [DEBUG] [wlr] [render/swapchain.c:103] Allocating new swapchain buffer
00:00:01.483 [DEBUG] [wlr] [render/allocator/gbm.c:118] Allocated 640x480 GBM buffer with format XR24 (0x34325258), modifier INVALID (0x00FFFFFFFFFFFFFF)
00:00:01.483 [DEBUG] [wlr] [types/wlr_output_swapchain_manager.c:185] Test commit for 1 outputs succeeded
00:00:01.483 [DEBUG] [wlr] [render/fx_renderer/fx_framebuffer.c:153] Created GL FBO for buffer 640x480
00:00:01.554 [DEBUG] [wlr] [render/allocator/gbm.c:118] Allocated 640x480 GBM buffer with format XB24 (0x34324258), modifier INVALID (0x00FFFFFFFFFFFFFF)
00:00:01.554 [DEBUG] [wlr] [render/fx_renderer/fx_framebuffer.c:153] Created GL FBO for buffer 640x480
00:00:01.557 [DEBUG] [wlr] [render/allocator/gbm.c:118] Allocated 640x480 GBM buffer with format AB24 (0x34324241), modifier INVALID (0x00FFFFFFFFFFFFFF)
00:00:01.558 [DEBUG] [wlr] [render/fx_renderer/fx_framebuffer.c:153] Created GL FBO for buffer 640x480
00:00:01.561 [DEBUG] [wlr] [render/allocator/gbm.c:118] Allocated 640x480 GBM buffer with format AB24 (0x34324241), modifier INVALID (0x00FFFFFFFFFFFFFF)
00:00:01.562 [DEBUG] [wlr] [render/fx_renderer/fx_framebuffer.c:153] Created GL FBO for buffer 640x480
00:00:01.562 [DEBUG] [wlr] [render/allocator/gbm.c:118] Allocated 640x480 GBM buffer with format XB24 (0x34324258), modifier INVALID (0x00FFFFFFFFFFFFFF)
00:00:01.562 [DEBUG] [wlr] [render/fx_renderer/fx_framebuffer.c:153] Created GL FBO for buffer 640x480
00:00:01.563 [DEBUG] [wlr] [render/allocator/gbm.c:118] Allocated 640x480 GBM buffer with format XB24 (0x34324258), modifier INVALID (0x00FFFFFFFFFFFFFF)
00:00:01.563 [DEBUG] [wlr] [render/fx_renderer/fx_framebuffer.c:153] Created GL FBO for buffer 640x480
00:00:01.686 [DEBUG] [sway/config/output.c:1072] Commit of 1 outputs succeeded
00:00:01.686 [DEBUG] [sway/config/output.c:1087] Finalizing config for HEADLESS-1
00:00:01.686 [DEBUG] [sway/tree/workspace.c:444] Workspace: Generating new workspace name for output HEADLESS-1
00:00:01.686 [DEBUG] [sway/tree/output.c:170] Creating default workspace 1
00:00:01.686 [DEBUG] [sway/tree/workspace.c:185] Adding workspace 1 for output HEADLESS-1
00:00:01.686 [DEBUG] [sway/desktop/layer_shell.c:148] Usable area changed, rearranging output
00:00:01.686 [DEBUG] [sway/tree/arrange.c:274] Usable area for ws: 640x480@0,0
00:00:01.686 [DEBUG] [sway/tree/arrange.c:308] Arranging workspace '1' at 0.000000, 0.000000
00:00:01.686 [DEBUG] [sway/tree/arrange.c:274] Usable area for ws: 640x480@0,0
00:00:01.686 [DEBUG] [sway/tree/arrange.c:308] Arranging workspace '1' at 0.000000, 0.000000
00:00:01.686 [DEBUG] [sway/desktop/transaction.c:1195] Transaction 0x7f510b77e540 committing with 2 instructions
00:00:01.686 [DEBUG] [sway/desktop/transaction.c:1090] Applying transaction 0x7f510b77e540
00:00:01.687 [DEBUG] [wlr] [xcursor/wlr_xcursor.c:233] Loaded cursor theme 'default' at size 24 (26 available cursors)
00:00:01.687 [INFO] [sway/server.c:803] Running compositor on wayland display 'wayland-1'
2026-09-07 22:19:14 - [main.c:332] Found config * for output HEADLESS-1 ((null))
00:00:01.746 [DEBUG] [wlr] [types/wlr_compositor.c:785] New wlr_surface 0x7f510b40e7f0 (res 0x7f510c41dc70)
00:00:01.747 [DEBUG] [wlr] [types/wlr_layer_shell_v1.c:502] new layer_surface 0x7f510b731010 (res 0x7f510c415130)
00:00:01.747 [DEBUG] [sway/desktop/layer_shell.c:504] new layer surface: namespace wallpaper layer 0 anchor 0 size 0x0 margin 0,0,0,0,
00:00:03.408 [DEBUG] [wlr] [types/output/render.c:142] Disabling direct scan-out on output 'HEADLESS-1' (locks: 1)
00:00:03.408 [DEBUG] [wlr] [types/output/cursor.c:67] Disabling hardware cursors on output 'HEADLESS-1' (locks: 1)
00:00:04.207 [DEBUG] [wlr] [types/output/render.c:142] Enabling direct scan-out on output 'HEADLESS-1' (locks: 0)
00:00:04.207 [DEBUG] [wlr] [types/output/cursor.c:67] Enabling hardware cursors on output 'HEADLESS-1' (locks: 0)
00:00:05.381 [INFO] [sway/main.c:401] Shutting down sway
00:00:05.382 [DEBUG] [sway/tree/output.c:293] Disabling output 'HEADLESS-1'
00:00:05.382 [DEBUG] [sway/tree/workspace.c:307] Destroying workspace '1'
00:00:05.382 [DEBUG] [sway/tree/output.c:310] Destroying output 'HEADLESS-1'
