ac_compute_device_uuid's output is based on invalid pci bus info.
playerctld successfully started with DBus service activation
2026-09-07 20:50:49 - [main.c:332] Found config HEADLESS-1 for output HEADLESS-1 ((null))
[2026-09-07 20:50:52.630] [info] Using configuration file /home/jack/.files/alpine/verification/waybar-reactivity/media/waybar.json
[2026-09-07 20:50:52.656] [info] Discovered appearance 'dark'
[2026-09-07 20:50:52.656] [info] Using CSS file /home/jack/.files/alpine/verification/waybar-reactivity/media/style.css
[2026-09-07 20:50:53.063] [info] Bar configured (width: 1432, height: 32) for output: HEADLESS-1
Gdk-Message: 20:50:54.902: Unable to load hand2 from the cursor theme
Gdk-Message: 20:50:55.054: Unable to load arrow from the cursor theme
Gdk-Message: 20:50:55.054: Unable to load hand2 from the cursor theme
Gdk-Message: 20:50:55.822: Unable to load arrow from the cursor theme
Gdk-Message: 20:50:55.823: Unable to load hand2 from the cursor theme
Gdk-Message: 20:50:55.976: Unable to load arrow from the cursor theme
Gdk-Message: 20:50:55.978: Unable to load hand2 from the cursor theme
Gdk-Message: 20:50:57.717: Unable to load arrow from the cursor theme
Gdk-Message: 20:50:57.718: Unable to load hand2 from the cursor theme
Gdk-Message: 20:50:58.298: Unable to load arrow from the cursor theme
Gdk-Message: 20:50:58.298: Unable to load hand2 from the cursor theme
Gdk-Message: 20:50:58.499: Unable to load arrow from the cursor theme
Gdk-Message: 20:50:58.499: Unable to load hand2 from the cursor theme
Gdk-Message: 20:50:59.009: Unable to load arrow from the cursor theme
Gdk-Message: 20:50:59.010: Unable to load hand2 from the cursor theme
Gdk-Message: 20:50:59.826: Unable to load arrow from the cursor theme
Gdk-Message: 20:50:59.827: Unable to load hand2 from the cursor theme
Gdk-Message: 20:51:00.625: Unable to load arrow from the cursor theme
Gdk-Message: 20:51:00.625: Unable to load hand2 from the cursor theme
Gdk-Message: 20:51:01.354: Unable to load arrow from the cursor theme
Gdk-Message: 20:51:01.355: Unable to load hand2 from the cursor theme
