_XSERVTransSocketUNIXCreateListener: ...SocketCreateListener() failed
_XSERVTransMakeAllCOTSServerListeners: server already running
The XKEYBOARD keymap compiler (xkbcomp) reports:
> Warning:          Multiple symbols for level 1/group 1 on key <FK23>
>                   Using F23, ignoring XF86TouchpadOff
> Warning:          Symbol map for key <FK23> redefined
>                   Using last definition for conflicting fields
> Warning:          Symbol map for key <FK24> redefined
>                   Using last definition for conflicting fields
> Warning:          Could not resolve keysym XF86ElectronicPrivacyScreenOn
> Warning:          Could not resolve keysym XF86ElectronicPrivacyScreenOff
> Warning:          Could not resolve keysym XF86ActionOnSelection
> Warning:          Could not resolve keysym XF86ContextualInsert
> Warning:          Could not resolve keysym XF86ContextualQuery
Errors from xkbcomp are not fatal to the X server
The XKEYBOARD keymap compiler (xkbcomp) reports:
> Warning:          Multiple symbols for level 1/group 1 on key <FK23>
>                   Using F23, ignoring XF86TouchpadOff
> Warning:          Symbol map for key <FK23> redefined
>                   Using last definition for conflicting fields
> Warning:          Symbol map for key <FK24> redefined
>                   Using last definition for conflicting fields
> Warning:          Could not resolve keysym XF86ElectronicPrivacyScreenOn
> Warning:          Could not resolve keysym XF86ElectronicPrivacyScreenOff
> Warning:          Could not resolve keysym XF86ActionOnSelection
> Warning:          Could not resolve keysym XF86ContextualInsert
> Warning:          Could not resolve keysym XF86ContextualQuery
Errors from xkbcomp are not fatal to the X server
