2026-09-07 20:58:43 - [main.c:328] Could not find config for output HEADLESS-1 ((null))
warn: wayland.c:1888: compositor does not implement the xdg-toplevel-icon protocol
warn: wayland.c:1888: compositor does not implement the xdg-toplevel-icon protocol
dbus-daemon[23852]: [session uid=1000 pid=23852 pidfd=4] Activating service name='org.a11y.Bus' requested by ':1.1' (uid=1000 pid=23900 comm="waybar")
dbus-daemon[23852]: [session uid=1000 pid=23852 pidfd=4] Successfully activated service 'org.a11y.Bus'
[2026-09-07 20:58:44.456] [info] Using configuration file /tmp/waybar-reactivity-iyqovrbx/home/.config/waybar/config.jsonc
dbus-daemon[23852]: [session uid=1000 pid=23852 pidfd=4] Activating service name='org.freedesktop.portal.Desktop' requested by ':1.0' (uid=1000 pid=23900 comm="waybar")
dbus-daemon[23852]: [session uid=1000 pid=23852 pidfd=4] Activating service name='org.freedesktop.impl.portal.PermissionStore' requested by ':1.3' (uid=1000 pid=23930 comm="/usr/libexec/xdg-desktop-portal")
dbus-daemon[23852]: [session uid=1000 pid=23852 pidfd=4] Successfully activated service 'org.freedesktop.impl.portal.PermissionStore'
dbus-daemon[23852]: [session uid=1000 pid=23852 pidfd=4] Activating service name='org.freedesktop.portal.Documents' requested by ':1.3' (uid=1000 pid=23930 comm="/usr/libexec/xdg-desktop-portal")
dbus-daemon[23852]: [session uid=1000 pid=23852 pidfd=4] Successfully activated service 'org.freedesktop.portal.Documents'
dbus-daemon[23852]: [session uid=1000 pid=23852 pidfd=4] Activating service name='org.freedesktop.impl.portal.desktop.gtk' requested by ':1.3' (uid=1000 pid=23930 comm="/usr/libexec/xdg-desktop-portal")

(xdg-desktop-portal-gtk:23955): Gtk-WARNING **: 20:58:44.490: cannot open display: 
dbus-daemon[23852]: [session uid=1000 pid=23852 pidfd=4] Activated service 'org.freedesktop.impl.portal.desktop.gtk' failed: Process org.freedesktop.impl.portal.desktop.gtk exited with status 1
dbus-daemon[23852]: [session uid=1000 pid=23852 pidfd=4] Activating service name='org.freedesktop.impl.portal.desktop.gtk' requested by ':1.3' (uid=1000 pid=23930 comm="/usr/libexec/xdg-desktop-portal")

(xdg-desktop-portal-gtk:23960): Gtk-WARNING **: 20:58:44.505: cannot open display: 
dbus-daemon[23852]: [session uid=1000 pid=23852 pidfd=4] Activated service 'org.freedesktop.impl.portal.desktop.gtk' failed: Process org.freedesktop.impl.portal.desktop.gtk exited with status 1

(/usr/libexec/xdg-desktop-portal:23930): xdg-desktop-portal-WARNING **: 20:58:44.513: Failed to load RealtimeKit property: GDBus.Error:org.freedesktop.DBus.Error.ServiceUnknown: The name org.freedesktop.RealtimeKit1 was not provided by any .service files

(/usr/libexec/xdg-desktop-portal:23930): xdg-desktop-portal-WARNING **: 20:58:44.514: Failed to load RealtimeKit property: GDBus.Error:org.freedesktop.DBus.Error.ServiceUnknown: The name org.freedesktop.RealtimeKit1 was not provided by any .service files

(/usr/libexec/xdg-desktop-portal:23930): xdg-desktop-portal-WARNING **: 20:58:44.514: Failed to load RealtimeKit property: GDBus.Error:org.freedesktop.DBus.Error.ServiceUnknown: The name org.freedesktop.RealtimeKit1 was not provided by any .service files
dbus-daemon[23852]: [session uid=1000 pid=23852 pidfd=4] Activating service name='org.freedesktop.impl.portal.desktop.gtk' requested by ':1.3' (uid=1000 pid=23930 comm="/usr/libexec/xdg-desktop-portal")

(xdg-desktop-portal-gtk:23965): Gtk-WARNING **: 20:58:44.529: cannot open display: 
dbus-daemon[23852]: [session uid=1000 pid=23852 pidfd=4] Activated service 'org.freedesktop.impl.portal.desktop.gtk' failed: Process org.freedesktop.impl.portal.desktop.gtk exited with status 1

(/usr/libexec/xdg-desktop-portal:23930): xdg-desktop-portal-WARNING **: 20:58:44.531: Failed to create settings proxy: Error calling StartServiceByName for org.freedesktop.impl.portal.desktop.gtk: Process org.freedesktop.impl.portal.desktop.gtk exited with status 1

(/usr/libexec/xdg-desktop-portal:23930): xdg-desktop-portal-WARNING **: 20:58:44.531: Not providing Settings portal: No working backend
dbus-daemon[23852]: [session uid=1000 pid=23852 pidfd=4] Activating service name='org.freedesktop.impl.portal.desktop.gtk' requested by ':1.3' (uid=1000 pid=23930 comm="/usr/libexec/xdg-desktop-portal")

(xdg-desktop-portal-gtk:23968): Gtk-WARNING **: 20:58:44.543: cannot open display: 
dbus-daemon[23852]: [session uid=1000 pid=23852 pidfd=4] Activated service 'org.freedesktop.impl.portal.desktop.gtk' failed: Process org.freedesktop.impl.portal.desktop.gtk exited with status 1

(/usr/libexec/xdg-desktop-portal:23930): xdg-desktop-portal-WARNING **: 20:58:44.545: Failed to create file chooser proxy: Error calling StartServiceByName for org.freedesktop.impl.portal.desktop.gtk: Process org.freedesktop.impl.portal.desktop.gtk exited with status 1
dbus-daemon[23852]: [session uid=1000 pid=23852 pidfd=4] Activating service name='org.freedesktop.impl.portal.desktop.gtk' requested by ':1.3' (uid=1000 pid=23930 comm="/usr/libexec/xdg-desktop-portal")

(xdg-desktop-portal-gtk:23971): Gtk-WARNING **: 20:58:44.559: cannot open display: 
dbus-daemon[23852]: [session uid=1000 pid=23852 pidfd=4] Activated service 'org.freedesktop.impl.portal.desktop.gtk' failed: Process org.freedesktop.impl.portal.desktop.gtk exited with status 1

(/usr/libexec/xdg-desktop-portal:23930): xdg-desktop-portal-WARNING **: 20:58:44.561: Failed to create app chooser proxy: Error calling StartServiceByName for org.freedesktop.impl.portal.desktop.gtk: Process org.freedesktop.impl.portal.desktop.gtk exited with status 1
dbus-daemon[23852]: [session uid=1000 pid=23852 pidfd=4] Activating service name='org.freedesktop.impl.portal.desktop.gtk' requested by ':1.3' (uid=1000 pid=23930 comm="/usr/libexec/xdg-desktop-portal")

(xdg-desktop-portal-gtk:23974): Gtk-WARNING **: 20:58:44.574: cannot open display: 
dbus-daemon[23852]: [session uid=1000 pid=23852 pidfd=4] Activated service 'org.freedesktop.impl.portal.desktop.gtk' failed: Process org.freedesktop.impl.portal.desktop.gtk exited with status 1

(/usr/libexec/xdg-desktop-portal:23930): xdg-desktop-portal-WARNING **: 20:58:44.576: Failed to create print proxy: Error calling StartServiceByName for org.freedesktop.impl.portal.desktop.gtk: Process org.freedesktop.impl.portal.desktop.gtk exited with status 1
dbus-daemon[23852]: [session uid=1000 pid=23852 pidfd=4] Activating service name='org.freedesktop.impl.portal.desktop.gtk' requested by ':1.3' (uid=1000 pid=23930 comm="/usr/libexec/xdg-desktop-portal")

(xdg-desktop-portal-gtk:23977): Gtk-WARNING **: 20:58:44.589: cannot open display: 
dbus-daemon[23852]: [session uid=1000 pid=23852 pidfd=4] Activated service 'org.freedesktop.impl.portal.desktop.gtk' failed: Process org.freedesktop.impl.portal.desktop.gtk exited with status 1

(/usr/libexec/xdg-desktop-portal:23930): xdg-desktop-portal-WARNING **: 20:58:44.591: Failed to create notification proxy: Error calling StartServiceByName for org.freedesktop.impl.portal.desktop.gtk: Process org.freedesktop.impl.portal.desktop.gtk exited with status 1
dbus-daemon[23852]: [session uid=1000 pid=23852 pidfd=4] Activating service name='org.freedesktop.impl.portal.desktop.gtk' requested by ':1.3' (uid=1000 pid=23930 comm="/usr/libexec/xdg-desktop-portal")

(xdg-desktop-portal-gtk:23980): Gtk-WARNING **: 20:58:44.604: cannot open display: 
dbus-daemon[23852]: [session uid=1000 pid=23852 pidfd=4] Activated service 'org.freedesktop.impl.portal.desktop.gtk' failed: Process org.freedesktop.impl.portal.desktop.gtk exited with status 1

(/usr/libexec/xdg-desktop-portal:23930): xdg-desktop-portal-WARNING **: 20:58:44.606: Failed to create inhibit proxy: Error calling StartServiceByName for org.freedesktop.impl.portal.desktop.gtk: Process org.freedesktop.impl.portal.desktop.gtk exited with status 1

(/usr/libexec/xdg-desktop-portal:23930): xdg-desktop-portal-WARNING **: 20:58:44.606: The location portal requires an access impl

(/usr/libexec/xdg-desktop-portal:23930): xdg-desktop-portal-WARNING **: 20:58:44.606: The camera portal requires an access impl

(/usr/libexec/xdg-desktop-portal:23930): xdg-desktop-portal-WARNING **: 20:58:44.606: The screenshot portal requires an access impl

(/usr/libexec/xdg-desktop-portal:23930): xdg-desktop-portal-WARNING **: 20:58:44.606: The wallpaper portal requires an access impl
dbus-daemon[23852]: [session uid=1000 pid=23852 pidfd=4] Activating service name='org.freedesktop.impl.portal.desktop.gtk' requested by ':1.3' (uid=1000 pid=23930 comm="/usr/libexec/xdg-desktop-portal")

(xdg-desktop-portal-gtk:23983): Gtk-WARNING **: 20:58:44.619: cannot open display: 
dbus-daemon[23852]: [session uid=1000 pid=23852 pidfd=4] Activated service 'org.freedesktop.impl.portal.desktop.gtk' failed: Process org.freedesktop.impl.portal.desktop.gtk exited with status 1

(/usr/libexec/xdg-desktop-portal:23930): xdg-desktop-portal-WARNING **: 20:58:44.621: Failed to create account proxy: Error calling StartServiceByName for org.freedesktop.impl.portal.desktop.gtk: Process org.freedesktop.impl.portal.desktop.gtk exited with status 1
dbus-daemon[23852]: [session uid=1000 pid=23852 pidfd=4] Activating service name='org.freedesktop.impl.portal.desktop.gtk' requested by ':1.3' (uid=1000 pid=23930 comm="/usr/libexec/xdg-desktop-portal")

(xdg-desktop-portal-gtk:23987): Gtk-WARNING **: 20:58:44.633: cannot open display: 
dbus-daemon[23852]: [session uid=1000 pid=23852 pidfd=4] Activated service 'org.freedesktop.impl.portal.desktop.gtk' failed: Process org.freedesktop.impl.portal.desktop.gtk exited with status 1

(/usr/libexec/xdg-desktop-portal:23930): xdg-desktop-portal-WARNING **: 20:58:44.635: Failed to create email proxy: Error calling StartServiceByName for org.freedesktop.impl.portal.desktop.gtk: Process org.freedesktop.impl.portal.desktop.gtk exited with status 1
dbus-daemon[23852]: [session uid=1000 pid=23852 pidfd=4] Activating service name='org.freedesktop.impl.portal.desktop.gtk' requested by ':1.3' (uid=1000 pid=23930 comm="/usr/libexec/xdg-desktop-portal")

(xdg-desktop-portal-gtk:23990): Gtk-WARNING **: 20:58:44.648: cannot open display: 
dbus-daemon[23852]: [session uid=1000 pid=23852 pidfd=4] Activated service 'org.freedesktop.impl.portal.desktop.gtk' failed: Process org.freedesktop.impl.portal.desktop.gtk exited with status 1

(/usr/libexec/xdg-desktop-portal:23930): xdg-desktop-portal-WARNING **: 20:58:44.650: Failed to create dynamic_launcher proxy: Error calling StartServiceByName for org.freedesktop.impl.portal.desktop.gtk: Process org.freedesktop.impl.portal.desktop.gtk exited with status 1
dbus-daemon[23852]: [session uid=1000 pid=23852 pidfd=4] Activating service name='org.freedesktop.impl.portal.desktop.wlr' requested by ':1.3' (uid=1000 pid=23930 comm="/usr/libexec/xdg-desktop-portal")
2026/09/07 20:58:44 [ERROR] - wayland: failed to connect to display
dbus-daemon[23852]: [session uid=1000 pid=23852 pidfd=4] Activated service 'org.freedesktop.impl.portal.desktop.wlr' failed: Process org.freedesktop.impl.portal.desktop.wlr exited with status 1

(/usr/libexec/xdg-desktop-portal:23930): xdg-desktop-portal-WARNING **: 20:58:44.653: Failed to create screen cast proxy: Error calling StartServiceByName for org.freedesktop.impl.portal.desktop.wlr: Process org.freedesktop.impl.portal.desktop.wlr exited with status 1
dbus-daemon[23852]: [session uid=1000 pid=23852 pidfd=4] Successfully activated service 'org.freedesktop.portal.Desktop'
[2026-09-07 20:58:44.656] [info] Unable to receive desktop appearance: GDBus.Error:org.freedesktop.DBus.Error.UnknownMethod: No such interface “org.freedesktop.portal.Settings” on object at path /org/freedesktop/portal/desktop
[2026-09-07 20:58:44.657] [info] Using CSS file /tmp/waybar-reactivity-iyqovrbx/home/.config/waybar/style.css
dbus-daemon[23925]: Activating service name='org.a11y.atspi.Registry' requested by ':1.0' (uid=1000 pid=23900 comm="waybar")
dbus-daemon[23925]: Successfully activated service 'org.a11y.atspi.Registry'
[2026-09-07 20:58:44.695] [info] Bar configured (width: 800, height: 32) for output: HEADLESS-1
Gdk-Message: 20:58:44.867: Unable to load hand2 from the cursor theme
[2026-09-07 20:58:52.345] [info] Reloading...
[2026-09-07 20:58:52.350] [info] Using configuration file /tmp/waybar-reactivity-iyqovrbx/home/.config/waybar/config.jsonc
[2026-09-07 20:58:52.353] [info] Using CSS file /tmp/waybar-reactivity-iyqovrbx/home/.config/waybar/style.css
[2026-09-07 20:58:52.366] [info] Bar configured (width: 800, height: 32) for output: HEADLESS-1
Gdk-Message: 20:58:52.961: Unable to load hand2 from the cursor theme
[2026-09-07 20:58:53.674] [info] Reloading...
[2026-09-07 20:58:53.679] [info] Using configuration file /tmp/waybar-reactivity-iyqovrbx/home/.config/waybar/config.jsonc
[2026-09-07 20:58:53.681] [info] Using CSS file /tmp/waybar-reactivity-iyqovrbx/home/.config/waybar/style.css
[2026-09-07 20:58:53.696] [info] Bar configured (width: 800, height: 32) for output: HEADLESS-1
Gdk-Message: 20:58:53.793: Unable to load hand2 from the cursor theme
warn: input.c:813: compositor sent keyboard_leave event without a keyboard_enter event: surface=0x7f1747894790
warn: input.c:813: compositor sent keyboard_leave event without a keyboard_enter event: surface=0x7f1747894790
warn: input.c:813: compositor sent keyboard_leave event without a keyboard_enter event: surface=0x7f1747894790
warn: terminal.c:2034: slave exited with signal 1 (Hangup)
 err: wayland.c:2477: failed to roundtrip Wayland display: Connection reset by peer
 err: wayland.c:2477: failed to roundtrip Wayland display: Connection reset by peer
 err: wayland.c:2477: failed to roundtrip Wayland display: Connection reset by peer
warn: terminal.c:2034: slave exited with signal 1 (Hangup)
 err: wayland.c:2442: failed to flush wayland socket: Connection reset by peer
